Archive member included because of file (symbol)

c:/freescale/kds_v3/toolchain/bin/../lib/gcc/arm-none-eabi/4.8.4/../../../../arm-none-eabi/lib/armv7e-m/fpu\libg_s.a(lib_a-exit.o)
                              c:/freescale/kds_v3/toolchain/bin/../lib/gcc/arm-none-eabi/4.8.4/../../../../arm-none-eabi/lib/armv7e-m/fpu/crt0.o (exit)
c:/freescale/kds_v3/toolchain/bin/../lib/gcc/arm-none-eabi/4.8.4/../../../../arm-none-eabi/lib/armv7e-m/fpu\libg_s.a(lib_a-impure.o)
                              c:/freescale/kds_v3/toolchain/bin/../lib/gcc/arm-none-eabi/4.8.4/../../../../arm-none-eabi/lib/armv7e-m/fpu\libg_s.a(lib_a-exit.o) (_global_impure_ptr)
c:/freescale/kds_v3/toolchain/bin/../lib/gcc/arm-none-eabi/4.8.4/../../../../arm-none-eabi/lib/armv7e-m/fpu\libg_s.a(lib_a-init.o)
                              c:/freescale/kds_v3/toolchain/bin/../lib/gcc/arm-none-eabi/4.8.4/../../../../arm-none-eabi/lib/armv7e-m/fpu/crt0.o (__libc_init_array)
c:/freescale/kds_v3/toolchain/bin/../lib/gcc/arm-none-eabi/4.8.4/../../../../arm-none-eabi/lib/armv7e-m/fpu\libg_s.a(lib_a-malloc.o)
                              ./drivers/fsl_common.o (malloc)
c:/freescale/kds_v3/toolchain/bin/../lib/gcc/arm-none-eabi/4.8.4/../../../../arm-none-eabi/lib/armv7e-m/fpu\libg_s.a(lib_a-memcpy-stub.o)
                              ./source/uart_edma_transfer.o (memcpy)
c:/freescale/kds_v3/toolchain/bin/../lib/gcc/arm-none-eabi/4.8.4/../../../../arm-none-eabi/lib/armv7e-m/fpu\libg_s.a(lib_a-memset.o)
                              c:/freescale/kds_v3/toolchain/bin/../lib/gcc/arm-none-eabi/4.8.4/../../../../arm-none-eabi/lib/armv7e-m/fpu/crt0.o (memset)
c:/freescale/kds_v3/toolchain/bin/../lib/gcc/arm-none-eabi/4.8.4/../../../../arm-none-eabi/lib/armv7e-m/fpu\libg_s.a(lib_a-nano-freer.o)
                              c:/freescale/kds_v3/toolchain/bin/../lib/gcc/arm-none-eabi/4.8.4/../../../../arm-none-eabi/lib/armv7e-m/fpu\libg_s.a(lib_a-malloc.o) (_free_r)
c:/freescale/kds_v3/toolchain/bin/../lib/gcc/arm-none-eabi/4.8.4/../../../../arm-none-eabi/lib/armv7e-m/fpu\libg_s.a(lib_a-nano-mallocr.o)
                              c:/freescale/kds_v3/toolchain/bin/../lib/gcc/arm-none-eabi/4.8.4/../../../../arm-none-eabi/lib/armv7e-m/fpu\libg_s.a(lib_a-malloc.o) (_malloc_r)
c:/freescale/kds_v3/toolchain/bin/../lib/gcc/arm-none-eabi/4.8.4/../../../../arm-none-eabi/lib/armv7e-m/fpu\libg_s.a(lib_a-sbrkr.o)
                              c:/freescale/kds_v3/toolchain/bin/../lib/gcc/arm-none-eabi/4.8.4/../../../../arm-none-eabi/lib/armv7e-m/fpu\libg_s.a(lib_a-nano-mallocr.o) (_sbrk_r)
c:/freescale/kds_v3/toolchain/bin/../lib/gcc/arm-none-eabi/4.8.4/../../../../arm-none-eabi/lib/armv7e-m/fpu\libg_s.a(lib_a-strlen.o)
                              ./utilities/fsl_str.o (strlen)
c:/freescale/kds_v3/toolchain/bin/../lib/gcc/arm-none-eabi/4.8.4/../../../../arm-none-eabi/lib/armv7e-m/fpu\libg_s.a(lib_a-reent.o)
                              c:/freescale/kds_v3/toolchain/bin/../lib/gcc/arm-none-eabi/4.8.4/../../../../arm-none-eabi/lib/armv7e-m/fpu\libg_s.a(lib_a-sbrkr.o) (errno)
c:/freescale/kds_v3/toolchain/bin/../lib/gcc/arm-none-eabi/4.8.4/../../../../arm-none-eabi/lib/armv7e-m/fpu\libnosys.a(sbrk.o)
                              c:/freescale/kds_v3/toolchain/bin/../lib/gcc/arm-none-eabi/4.8.4/../../../../arm-none-eabi/lib/armv7e-m/fpu\libg_s.a(lib_a-sbrkr.o) (_sbrk)
c:/freescale/kds_v3/toolchain/bin/../lib/gcc/arm-none-eabi/4.8.4/../../../../arm-none-eabi/lib/armv7e-m/fpu\libnosys.a(_exit.o)
                              c:/freescale/kds_v3/toolchain/bin/../lib/gcc/arm-none-eabi/4.8.4/../../../../arm-none-eabi/lib/armv7e-m/fpu\libg_s.a(lib_a-exit.o) (_exit)

Allocating common symbols
Common symbol       size              file

errno               0x4               c:/freescale/kds_v3/toolchain/bin/../lib/gcc/arm-none-eabi/4.8.4/../../../../arm-none-eabi/lib/armv7e-m/fpu\libg_s.a(lib_a-reent.o)

Discarded input sections

 .text          0x00000000        0x0 c:/freescale/kds_v3/toolchain/bin/../lib/gcc/arm-none-eabi/4.8.4/armv7e-m/fpu/crti.o
 .data          0x00000000        0x0 c:/freescale/kds_v3/toolchain/bin/../lib/gcc/arm-none-eabi/4.8.4/armv7e-m/fpu/crti.o
 .bss           0x00000000        0x0 c:/freescale/kds_v3/toolchain/bin/../lib/gcc/arm-none-eabi/4.8.4/armv7e-m/fpu/crti.o
 .data          0x00000000        0x4 c:/freescale/kds_v3/toolchain/bin/../lib/gcc/arm-none-eabi/4.8.4/armv7e-m/fpu/crtbegin.o
 .data          0x00000000        0x0 c:/freescale/kds_v3/toolchain/bin/../lib/gcc/arm-none-eabi/4.8.4/../../../../arm-none-eabi/lib/armv7e-m/fpu/crt0.o
 .bss           0x00000000        0x0 c:/freescale/kds_v3/toolchain/bin/../lib/gcc/arm-none-eabi/4.8.4/../../../../arm-none-eabi/lib/armv7e-m/fpu/crt0.o
 .ARM.extab     0x00000000        0x0 c:/freescale/kds_v3/toolchain/bin/../lib/gcc/arm-none-eabi/4.8.4/../../../../arm-none-eabi/lib/armv7e-m/fpu/crt0.o
 .text          0x00000000        0x0 ./utilities/fsl_assert.o
 .data          0x00000000        0x0 ./utilities/fsl_assert.o
 .bss           0x00000000        0x0 ./utilities/fsl_assert.o
 .text          0x00000000        0x0 ./utilities/fsl_debug_console.o
 .data          0x00000000        0x0 ./utilities/fsl_debug_console.o
 .bss           0x00000000        0x0 ./utilities/fsl_debug_console.o
 .rodata        0x00000000       0x6c ./utilities/fsl_debug_console.o
 .text.DbgConsole_Init
                0x00000000       0x48 ./utilities/fsl_debug_console.o
 .text.DbgConsole_Deinit
                0x00000000       0x10 ./utilities/fsl_debug_console.o
 .text.DbgConsole_Flush
                0x00000000       0x10 ./utilities/fsl_debug_console.o
 .text.DbgConsole_Putchar
                0x00000000       0x1c ./utilities/fsl_debug_console.o
 .text.DbgConsole_Scanf
                0x00000000       0x5c ./utilities/fsl_debug_console.o
 .text.DbgConsole_Getchar
                0x00000000       0x18 ./utilities/fsl_debug_console.o
 .text._write   0x00000000       0x40 ./utilities/fsl_debug_console.o
 .text._read    0x00000000       0x2c ./utilities/fsl_debug_console.o
 .rodata.__func__.6797
                0x00000000       0x10 ./utilities/fsl_debug_console.o
 .text          0x00000000        0x0 ./utilities/fsl_io.o
 .data          0x00000000        0x0 ./utilities/fsl_io.o
 .bss           0x00000000        0x0 ./utilities/fsl_io.o
 .text.UART_EnableTx
                0x00000000       0x40 ./utilities/fsl_io.o
 .text.UART_EnableRx
                0x00000000       0x40 ./utilities/fsl_io.o
 .rodata        0x00000000       0x44 ./utilities/fsl_io.o
 .text.IO_Init  0x00000000       0x90 ./utilities/fsl_io.o
 .text.IO_Deinit
                0x00000000       0x40 ./utilities/fsl_io.o
 .text.IO_WaitIdle
                0x00000000       0x30 ./utilities/fsl_io.o
 .rodata.__func__.6964
                0x00000000        0x8 ./utilities/fsl_io.o
 .text          0x00000000        0x0 ./utilities/fsl_log.o
 .data          0x00000000        0x0 ./utilities/fsl_log.o
 .bss           0x00000000        0x0 ./utilities/fsl_log.o
 .text.LOG_Init
                0x00000000       0x34 ./utilities/fsl_log.o
 .text.LOG_Deinit
                0x00000000        0xc ./utilities/fsl_log.o
 .text.LOG_WaitIdle
                0x00000000       0x10 ./utilities/fsl_log.o
 .text.LOG_ReadLine
                0x00000000       0xb8 ./utilities/fsl_log.o
 .text.LOG_ReadCharacter
                0x00000000       0x50 ./utilities/fsl_log.o
 .text.LOG_ReadOneCharacter
                0x00000000       0x28 ./utilities/fsl_log.o
 .rodata.__func__.6803
                0x00000000       0x10 ./utilities/fsl_log.o
 .rodata.__func__.6811
                0x00000000       0x14 ./utilities/fsl_log.o
 .text          0x00000000        0x0 ./utilities/fsl_str.o
 .data          0x00000000        0x0 ./utilities/fsl_str.o
 .bss           0x00000000        0x0 ./utilities/fsl_str.o
 .text.ScanIgnoreWhiteSpace
                0x00000000       0x60 ./utilities/fsl_str.o
 .text.StrFormatScanf
                0x00000000      0x620 ./utilities/fsl_str.o
 .data          0x00000000        0x0 ./startup/startup_MK64F12.o
 .bss           0x00000000        0x0 ./startup/startup_MK64F12.o
 .text          0x00000000        0x0 ./startup/system_MK64F12.o
 .data          0x00000000        0x0 ./startup/system_MK64F12.o
 .bss           0x00000000        0x0 ./startup/system_MK64F12.o
 .text.SystemCoreClockUpdate
                0x00000000      0x270 ./startup/system_MK64F12.o
 .text          0x00000000        0x0 ./source/uart_edma_transfer.o
 .data          0x00000000        0x0 ./source/uart_edma_transfer.o
 .bss           0x00000000        0x0 ./source/uart_edma_transfer.o
 .text          0x00000000        0x0 ./drivers/fsl_clock.o
 .data          0x00000000        0x0 ./drivers/fsl_clock.o
 .bss           0x00000000        0x0 ./drivers/fsl_clock.o
 .text.CLOCK_EnableClock
                0x00000000       0x34 ./drivers/fsl_clock.o
 .text.CLOCK_DisableClock
                0x00000000       0x38 ./drivers/fsl_clock.o
 .text.CLOCK_FllStableDelay
                0x00000000       0x24 ./drivers/fsl_clock.o
 .text.CLOCK_GetPlatClkFreq
                0x00000000       0x24 ./drivers/fsl_clock.o
 .text.CLOCK_GetFlashClkFreq
                0x00000000       0x28 ./drivers/fsl_clock.o
 .text.CLOCK_GetFlexBusClkFreq
                0x00000000       0x28 ./drivers/fsl_clock.o
 .text.CLOCK_GetBusClkFreq
                0x00000000       0x28 ./drivers/fsl_clock.o
 .text.CLOCK_GetCoreSysClkFreq
                0x00000000       0x24 ./drivers/fsl_clock.o
 .text.CLOCK_EnableUsbfs0Clock
                0x00000000      0x100 ./drivers/fsl_clock.o
 .text.CLOCK_CalcPllDiv
                0x00000000      0x168 ./drivers/fsl_clock.o
 .text.CLOCK_SetOsc0MonitorMode
                0x00000000       0x78 ./drivers/fsl_clock.o
 .text.CLOCK_SetRtcOscMonitorMode
                0x00000000       0x48 ./drivers/fsl_clock.o
 .text.CLOCK_SetPll0MonitorMode
                0x00000000       0x74 ./drivers/fsl_clock.o
 .text.CLOCK_GetStatusFlags
                0x00000000       0x84 ./drivers/fsl_clock.o
 .text.CLOCK_ClearStatusFlags
                0x00000000       0x58 ./drivers/fsl_clock.o
 .text.CLOCK_DeinitOsc0
                0x00000000       0x2c ./drivers/fsl_clock.o
 .text.CLOCK_TrimInternalRefClk
                0x00000000      0x138 ./drivers/fsl_clock.o
 .text.CLOCK_GetMode
                0x00000000       0xc0 ./drivers/fsl_clock.o
 .text.CLOCK_SetFeiMode
                0x00000000       0xc4 ./drivers/fsl_clock.o
 .text.CLOCK_SetFeeMode
                0x00000000      0x10c ./drivers/fsl_clock.o
 .text.CLOCK_SetFbiMode
                0x00000000       0xd4 ./drivers/fsl_clock.o
 .text.CLOCK_SetFbeMode
                0x00000000      0x130 ./drivers/fsl_clock.o
 .text.CLOCK_SetBlpiMode
                0x00000000       0x24 ./drivers/fsl_clock.o
 .text.CLOCK_SetBlpeMode
                0x00000000       0x24 ./drivers/fsl_clock.o
 .text.CLOCK_SetPeeMode
                0x00000000       0x38 ./drivers/fsl_clock.o
 .text.CLOCK_ExternalModeToFbeModeQuick
                0x00000000       0x6c ./drivers/fsl_clock.o
 .text.CLOCK_InternalModeToFbiModeQuick
                0x00000000       0x4c ./drivers/fsl_clock.o
 .text.CLOCK_BootToFeiMode
                0x00000000       0x28 ./drivers/fsl_clock.o
 .text.CLOCK_BootToFeeMode
                0x00000000       0x34 ./drivers/fsl_clock.o
 .text.CLOCK_BootToBlpiMode
                0x00000000       0x68 ./drivers/fsl_clock.o
 .text.CLOCK_BootToBlpeMode
                0x00000000       0x84 ./drivers/fsl_clock.o
 .rodata.mcgModeMatrix
                0x00000000       0x40 ./drivers/fsl_clock.o
 .text.CLOCK_SetMcgConfig
                0x00000000      0x200 ./drivers/fsl_clock.o
 .rodata.trimRange.6994
                0x00000000       0x10 ./drivers/fsl_clock.o
 .text          0x00000000        0x0 ./drivers/fsl_common.o
 .data          0x00000000        0x0 ./drivers/fsl_common.o
 .bss           0x00000000        0x0 ./drivers/fsl_common.o
 .text.SDK_Malloc
                0x00000000       0x6c ./drivers/fsl_common.o
 .text.SDK_Free
                0x00000000       0x30 ./drivers/fsl_common.o
 .debug_info    0x00000000      0x1a1 ./drivers/fsl_common.o
 .debug_abbrev  0x00000000       0xef ./drivers/fsl_common.o
 .debug_aranges
                0x00000000       0x28 ./drivers/fsl_common.o
 .debug_ranges  0x00000000       0x18 ./drivers/fsl_common.o
 .debug_line    0x00000000      0x11e ./drivers/fsl_common.o
 .debug_str     0x00000000      0x29b ./drivers/fsl_common.o
 .comment       0x00000000       0x71 ./drivers/fsl_common.o
 .ARM.attributes
                0x00000000       0x39 ./drivers/fsl_common.o
 .debug_frame   0x00000000       0x50 ./drivers/fsl_common.o
 .text          0x00000000        0x0 ./drivers/fsl_dmamux.o
 .data          0x00000000        0x0 ./drivers/fsl_dmamux.o
 .bss           0x00000000        0x0 ./drivers/fsl_dmamux.o
 .text.CLOCK_DisableClock
                0x00000000       0x38 ./drivers/fsl_dmamux.o
 .rodata.s_dmamuxBases
                0x00000000        0x4 ./drivers/fsl_dmamux.o
 .rodata.s_dmamuxClockName
                0x00000000        0x4 ./drivers/fsl_dmamux.o
 .text.DMAMUX_Deinit
                0x00000000       0x20 ./drivers/fsl_dmamux.o
 .text          0x00000000        0x0 ./drivers/fsl_edma.o
 .data          0x00000000        0x0 ./drivers/fsl_edma.o
 .bss           0x00000000        0x0 ./drivers/fsl_edma.o
 .text.CLOCK_DisableClock
                0x00000000       0x38 ./drivers/fsl_edma.o
 .rodata.s_edmaBases
                0x00000000        0x4 ./drivers/fsl_edma.o
 .rodata.s_edmaClockName
                0x00000000        0x4 ./drivers/fsl_edma.o
 .text.EDMA_Deinit
                0x00000000       0x20 ./drivers/fsl_edma.o
 .text.EDMA_ResetChannel
                0x00000000       0x40 ./drivers/fsl_edma.o
 .text.EDMA_SetMinorOffsetConfig
                0x00000000       0x9c ./drivers/fsl_edma.o
 .text.EDMA_SetChannelLink
                0x00000000       0x60 ./drivers/fsl_edma.o
 .text.EDMA_SetBandWidth
                0x00000000       0x68 ./drivers/fsl_edma.o
 .text.EDMA_SetModulo
                0x00000000       0x78 ./drivers/fsl_edma.o
 .text.EDMA_EnableChannelInterrupts
                0x00000000       0xb0 ./drivers/fsl_edma.o
 .text.EDMA_DisableChannelInterrupts
                0x00000000       0xb4 ./drivers/fsl_edma.o
 .text.EDMA_TcdSetMinorOffsetConfig
                0x00000000       0x84 ./drivers/fsl_edma.o
 .text.EDMA_TcdSetChannelLink
                0x00000000      0x154 ./drivers/fsl_edma.o
 .text.EDMA_TcdSetModulo
                0x00000000       0x88 ./drivers/fsl_edma.o
 .text.EDMA_TcdEnableInterrupts
                0x00000000       0x64 ./drivers/fsl_edma.o
 .text.EDMA_TcdDisableInterrupts
                0x00000000       0x64 ./drivers/fsl_edma.o
 .text.EDMA_GetRemainingMajorLoopCount
                0x00000000       0xa8 ./drivers/fsl_edma.o
 .text.EDMA_GetChannelStatusFlags
                0x00000000       0x84 ./drivers/fsl_edma.o
 .text.EDMA_ClearChannelStatusFlags
                0x00000000       0x68 ./drivers/fsl_edma.o
 .text.EDMA_InstallTCDMemory
                0x00000000       0x74 ./drivers/fsl_edma.o
 .text.EDMA_StopTransfer
                0x00000000       0x4c ./drivers/fsl_edma.o
 .text.DMA0_08_DriverIRQHandler
                0x00000000       0x4c ./drivers/fsl_edma.o
 .text.DMA0_19_DriverIRQHandler
                0x00000000       0x4c ./drivers/fsl_edma.o
 .text.DMA0_210_DriverIRQHandler
                0x00000000       0x4c ./drivers/fsl_edma.o
 .text.DMA0_311_DriverIRQHandler
                0x00000000       0x4c ./drivers/fsl_edma.o
 .text.DMA0_412_DriverIRQHandler
                0x00000000       0x4c ./drivers/fsl_edma.o
 .text.DMA0_513_DriverIRQHandler
                0x00000000       0x4c ./drivers/fsl_edma.o
 .text.DMA0_614_DriverIRQHandler
                0x00000000       0x4c ./drivers/fsl_edma.o
 .text.DMA0_715_DriverIRQHandler
                0x00000000       0x4c ./drivers/fsl_edma.o
 .rodata.__func__.7064
                0x00000000       0x14 ./drivers/fsl_edma.o
 .rodata.__func__.7077
                0x00000000       0x1c ./drivers/fsl_edma.o
 .rodata.__func__.7085
                0x00000000       0x14 ./drivers/fsl_edma.o
 .rodata.__func__.7091
                0x00000000       0x14 ./drivers/fsl_edma.o
 .rodata.__func__.7098
                0x00000000       0x10 ./drivers/fsl_edma.o
 .rodata.__func__.7105
                0x00000000       0x20 ./drivers/fsl_edma.o
 .rodata.__func__.7111
                0x00000000       0x20 ./drivers/fsl_edma.o
 .rodata.__func__.7126
                0x00000000       0x20 ./drivers/fsl_edma.o
 .rodata.__func__.7133
                0x00000000       0x18 ./drivers/fsl_edma.o
 .rodata.__func__.7141
                0x00000000       0x14 ./drivers/fsl_edma.o
 .rodata.__func__.7147
                0x00000000       0x1c ./drivers/fsl_edma.o
 .rodata.__func__.7152
                0x00000000       0x1c ./drivers/fsl_edma.o
 .rodata.__func__.7157
                0x00000000       0x20 ./drivers/fsl_edma.o
 .rodata.__func__.7163
                0x00000000       0x1c ./drivers/fsl_edma.o
 .rodata.__func__.7170
                0x00000000       0x20 ./drivers/fsl_edma.o
 .rodata.__func__.7190
                0x00000000       0x18 ./drivers/fsl_edma.o
 .rodata.__func__.7249
                0x00000000       0x14 ./drivers/fsl_edma.o
 .text          0x00000000        0x0 ./drivers/fsl_flash.o
 .data          0x00000000        0x0 ./drivers/fsl_flash.o
 .bss           0x00000000        0x0 ./drivers/fsl_flash.o
 .rodata.kFCCOBx
                0x00000000        0x4 ./drivers/fsl_flash.o
 .rodata.kFPROTL
                0x00000000        0x4 ./drivers/fsl_flash.o
 .bss.callFlashRunCommand
                0x00000000        0x4 ./drivers/fsl_flash.o
 .rodata.s_flashRunCommandFunctionCode
                0x00000000        0xc ./drivers/fsl_flash.o
 .bss.callFlashCommonBitOperation
                0x00000000        0x4 ./drivers/fsl_flash.o
 .rodata.s_flashCommonBitOperationFunctionCode
                0x00000000       0x1c ./drivers/fsl_flash.o
 .bss.s_flashRunCommand
                0x00000000       0x40 ./drivers/fsl_flash.o
 .bss.s_flashCommonBitOperation
                0x00000000       0x40 ./drivers/fsl_flash.o
 .bss.s_flashExecuteInRamFunctionInfo
                0x00000000        0xc ./drivers/fsl_flash.o
 .rodata.kPFlashDensities
                0x00000000       0x20 ./drivers/fsl_flash.o
 .text.FLASH_Init
                0x00000000       0xbc ./drivers/fsl_flash.o
 .text.FLASH_PrepareExecuteInRamFunctions
                0x00000000       0x44 ./drivers/fsl_flash.o
 .text.FLASH_EraseAll
                0x00000000       0x54 ./drivers/fsl_flash.o
 .text.FLASH_Erase
                0x00000000       0xd0 ./drivers/fsl_flash.o
 .text.FLASH_EraseAllExecuteOnlySegments
                0x00000000       0x54 ./drivers/fsl_flash.o
 .text.FLASH_Program
                0x00000000       0xd0 ./drivers/fsl_flash.o
 .text.FLASH_ProgramOnce
                0x00000000       0x68 ./drivers/fsl_flash.o
 .text.FLASH_ProgramSection
                0x00000000      0x14c ./drivers/fsl_flash.o
 .text.FLASH_ReadResource
                0x00000000       0xd8 ./drivers/fsl_flash.o
 .text.FLASH_ReadOnce
                0x00000000       0x60 ./drivers/fsl_flash.o
 .text.FLASH_GetSecurityState
                0x00000000       0x68 ./drivers/fsl_flash.o
 .text.FLASH_SecurityBypass
                0x00000000       0xa4 ./drivers/fsl_flash.o
 .text.FLASH_VerifyEraseAll
                0x00000000       0x3c ./drivers/fsl_flash.o
 .text.FLASH_VerifyErase
                0x00000000       0xf0 ./drivers/fsl_flash.o
 .text.FLASH_VerifyProgram
                0x00000000       0xc8 ./drivers/fsl_flash.o
 .text.FLASH_VerifyEraseAllExecuteOnlySegments
                0x00000000       0x3c ./drivers/fsl_flash.o
 .text.FLASH_IsProtected
                0x00000000      0x244 ./drivers/fsl_flash.o
 .text.FLASH_IsExecuteOnly
                0x00000000       0x40 ./drivers/fsl_flash.o
 .text.FLASH_GetProperty
                0x00000000       0xd4 ./drivers/fsl_flash.o
 .text.FLASH_SetProperty
                0x00000000       0x40 ./drivers/fsl_flash.o
 .text.FLASH_SwapControl
                0x00000000       0xb8 ./drivers/fsl_flash.o
 .text.FLASH_Swap
                0x00000000      0x11c ./drivers/fsl_flash.o
 .text.FLASH_PflashSetProtection
                0x00000000       0x40 ./drivers/fsl_flash.o
 .text.FLASH_PflashGetProtection
                0x00000000       0x34 ./drivers/fsl_flash.o
 .text.FLASH_PflashSetPrefetchSpeculation
                0x00000000       0x80 ./drivers/fsl_flash.o
 .text.FLASH_PflashGetPrefetchSpeculation
                0x00000000       0x5c ./drivers/fsl_flash.o
 .text.copy_flash_run_command
                0x00000000       0x2c ./drivers/fsl_flash.o
 .text.flash_command_sequence
                0x00000000       0x6c ./drivers/fsl_flash.o
 .text.copy_flash_common_bit_operation
                0x00000000       0x2c ./drivers/fsl_flash.o
 .text.fmc_flash_cache_clear
                0x00000000       0x2c ./drivers/fsl_flash.o
 .text.fmc_flash_prefetch_speculation_clear
                0x00000000       0x2c ./drivers/fsl_flash.o
 .text.flash_cache_clear
                0x00000000       0x18 ./drivers/fsl_flash.o
 .text.flash_cache_clear_process
                0x00000000       0x30 ./drivers/fsl_flash.o
 .text.flash_check_execute_in_ram_function_info
                0x00000000       0x3c ./drivers/fsl_flash.o
 .text.flash_check_range
                0x00000000       0x64 ./drivers/fsl_flash.o
 .text.flash_get_matched_operation_info
                0x00000000       0x74 ./drivers/fsl_flash.o
 .text.flash_check_user_key
                0x00000000       0x28 ./drivers/fsl_flash.o
 .text.flash_check_resource_range
                0x00000000       0xa8 ./drivers/fsl_flash.o
 .text.flash_check_swap_control_option
                0x00000000       0x3c ./drivers/fsl_flash.o
 .text.flash_validate_swap_indicator_address
                0x00000000       0x48 ./drivers/fsl_flash.o
 .text.flash_get_protection_info
                0x00000000       0x68 ./drivers/fsl_flash.o
 .debug_info    0x00000000     0x1e5d ./drivers/fsl_flash.o
 .debug_abbrev  0x00000000      0x22f ./drivers/fsl_flash.o
 .debug_aranges
                0x00000000      0x160 ./drivers/fsl_flash.o
 .debug_ranges  0x00000000      0x150 ./drivers/fsl_flash.o
 .debug_line    0x00000000      0x73b ./drivers/fsl_flash.o
 .debug_str     0x00000000     0x245d ./drivers/fsl_flash.o
 .comment       0x00000000       0x71 ./drivers/fsl_flash.o
 .ARM.attributes
                0x00000000       0x39 ./drivers/fsl_flash.o
 .debug_frame   0x00000000      0x504 ./drivers/fsl_flash.o
 .text          0x00000000        0x0 ./drivers/fsl_gpio.o
 .data          0x00000000        0x0 ./drivers/fsl_gpio.o
 .bss           0x00000000        0x0 ./drivers/fsl_gpio.o
 .text.GPIO_PinWrite
                0x00000000       0x34 ./drivers/fsl_gpio.o
 .text.GPIO_WritePinOutput
                0x00000000       0x20 ./drivers/fsl_gpio.o
 .rodata.s_portBases
                0x00000000       0x14 ./drivers/fsl_gpio.o
 .rodata.s_gpioBases
                0x00000000       0x14 ./drivers/fsl_gpio.o
 .rodata        0x00000000       0x60 ./drivers/fsl_gpio.o
 .text.GPIO_GetInstance
                0x00000000       0x58 ./drivers/fsl_gpio.o
 .text.GPIO_PinInit
                0x00000000       0x70 ./drivers/fsl_gpio.o
 .text.GPIO_PortGetInterruptFlags
                0x00000000       0x30 ./drivers/fsl_gpio.o
 .text.GPIO_PortClearInterruptFlags
                0x00000000       0x30 ./drivers/fsl_gpio.o
 .rodata.__func__.6810
                0x00000000       0x14 ./drivers/fsl_gpio.o
 .rodata.__func__.6816
                0x00000000       0x10 ./drivers/fsl_gpio.o
 .debug_info    0x00000000      0x622 ./drivers/fsl_gpio.o
 .debug_abbrev  0x00000000      0x1a8 ./drivers/fsl_gpio.o
 .debug_aranges
                0x00000000       0x48 ./drivers/fsl_gpio.o
 .debug_ranges  0x00000000       0x38 ./drivers/fsl_gpio.o
 .debug_line    0x00000000      0x1c3 ./drivers/fsl_gpio.o
 .debug_str     0x00000000      0x907 ./drivers/fsl_gpio.o
 .comment       0x00000000       0x71 ./drivers/fsl_gpio.o
 .ARM.attributes
                0x00000000       0x39 ./drivers/fsl_gpio.o
 .debug_frame   0x00000000       0xcc ./drivers/fsl_gpio.o
 .text          0x00000000        0x0 ./drivers/fsl_smc.o
 .data          0x00000000        0x0 ./drivers/fsl_smc.o
 .bss           0x00000000        0x0 ./drivers/fsl_smc.o
 .text.DisableGlobalIRQ
                0x00000000       0x20 ./drivers/fsl_smc.o
 .text.EnableGlobalIRQ
                0x00000000       0x1c ./drivers/fsl_smc.o
 .bss.g_savedPrimask
                0x00000000        0x4 ./drivers/fsl_smc.o
 .rodata        0x00000000        0x4 ./drivers/fsl_smc.o
 .text.SMC_PreEnterStopModes
                0x00000000       0x34 ./drivers/fsl_smc.o
 .text.SMC_PostExitStopModes
                0x00000000       0x30 ./drivers/fsl_smc.o
 .text.SMC_PreEnterWaitModes
                0x00000000       0x18 ./drivers/fsl_smc.o
 .text.SMC_PostExitWaitModes
                0x00000000       0x18 ./drivers/fsl_smc.o
 .text.SMC_SetPowerModeRun
                0x00000000       0x2c ./drivers/fsl_smc.o
 .text.SMC_SetPowerModeWait
                0x00000000       0x30 ./drivers/fsl_smc.o
 .text.SMC_SetPowerModeStop
                0x00000000       0x60 ./drivers/fsl_smc.o
 .text.SMC_SetPowerModeVlpr
                0x00000000       0x50 ./drivers/fsl_smc.o
 .text.SMC_SetPowerModeVlpw
                0x00000000       0x30 ./drivers/fsl_smc.o
 .text.SMC_SetPowerModeVlps
                0x00000000       0x64 ./drivers/fsl_smc.o
 .text.SMC_SetPowerModeLls
                0x00000000       0x64 ./drivers/fsl_smc.o
 .text.SMC_SetPowerModeVlls
                0x00000000       0xb8 ./drivers/fsl_smc.o
 .debug_info    0x00000000      0xa12 ./drivers/fsl_smc.o
 .debug_abbrev  0x00000000      0x29f ./drivers/fsl_smc.o
 .debug_aranges
                0x00000000       0x88 ./drivers/fsl_smc.o
 .debug_ranges  0x00000000       0x78 ./drivers/fsl_smc.o
 .debug_line    0x00000000      0x36e ./drivers/fsl_smc.o
 .debug_str     0x00000000      0xcd8 ./drivers/fsl_smc.o
 .comment       0x00000000       0x71 ./drivers/fsl_smc.o
 .ARM.attributes
                0x00000000       0x39 ./drivers/fsl_smc.o
 .debug_frame   0x00000000      0x1a0 ./drivers/fsl_smc.o
 .text          0x00000000        0x0 ./drivers/fsl_uart.o
 .data          0x00000000        0x0 ./drivers/fsl_uart.o
 .bss           0x00000000        0x0 ./drivers/fsl_uart.o
 .text.__NVIC_EnableIRQ
                0x00000000       0x38 ./drivers/fsl_uart.o
 .text.CLOCK_DisableClock
                0x00000000       0x38 ./drivers/fsl_uart.o
 .text.EnableIRQ
                0x00000000       0x2c ./drivers/fsl_uart.o
 .rodata.s_uartIRQ
                0x00000000        0x8 ./drivers/fsl_uart.o
 .text.UART_TransferGetRxRingBufferLength
                0x00000000       0x6c ./drivers/fsl_uart.o
 .text.UART_TransferIsRxRingBufferFull
                0x00000000       0x4c ./drivers/fsl_uart.o
 .text.UART_Deinit
                0x00000000       0x48 ./drivers/fsl_uart.o
 .text.UART_SetBaudRate
                0x00000000      0x11c ./drivers/fsl_uart.o
 .text.UART_EnableInterrupts
                0x00000000       0x70 ./drivers/fsl_uart.o
 .text.UART_DisableInterrupts
                0x00000000       0x80 ./drivers/fsl_uart.o
 .text.UART_GetEnabledInterrupts
                0x00000000       0x4c ./drivers/fsl_uart.o
 .text.UART_ClearStatusFlags
                0x00000000       0x8c ./drivers/fsl_uart.o
 .text.UART_WriteNonBlocking
                0x00000000       0x54 ./drivers/fsl_uart.o
 .text.UART_ReadNonBlocking
                0x00000000       0x54 ./drivers/fsl_uart.o
 .text.UART_TransferCreateHandle
                0x00000000       0x94 ./drivers/fsl_uart.o
 .text.UART_TransferStartRingBuffer
                0x00000000       0x88 ./drivers/fsl_uart.o
 .text.UART_TransferStopRingBuffer
                0x00000000       0x78 ./drivers/fsl_uart.o
 .text.UART_TransferSendNonBlocking
                0x00000000       0xc4 ./drivers/fsl_uart.o
 .text.UART_TransferAbortSend
                0x00000000       0x48 ./drivers/fsl_uart.o
 .text.UART_TransferGetSendCount
                0x00000000       0x6c ./drivers/fsl_uart.o
 .text.UART_TransferReceiveNonBlocking
                0x00000000      0x1d8 ./drivers/fsl_uart.o
 .text.UART_TransferAbortReceive
                0x00000000       0x6c ./drivers/fsl_uart.o
 .text.UART_TransferGetReceiveCount
                0x00000000       0x78 ./drivers/fsl_uart.o
 .text.UART_TransferHandleIRQ
                0x00000000      0x52c ./drivers/fsl_uart.o
 .text.UART_TransferHandleErrorIRQ
                0x00000000       0x14 ./drivers/fsl_uart.o
 .rodata.__func__.6975
                0x00000000       0x24 ./drivers/fsl_uart.o
 .rodata.__func__.6980
                0x00000000       0x20 ./drivers/fsl_uart.o
 .rodata.__func__.7011
                0x00000000       0x14 ./drivers/fsl_uart.o
 .rodata.__func__.7055
                0x00000000       0x18 ./drivers/fsl_uart.o
 .rodata.__func__.7078
                0x00000000       0x18 ./drivers/fsl_uart.o
 .rodata.__func__.7089
                0x00000000       0x1c ./drivers/fsl_uart.o
 .rodata.__func__.7097
                0x00000000       0x20 ./drivers/fsl_uart.o
 .rodata.__func__.7102
                0x00000000       0x1c ./drivers/fsl_uart.o
 .rodata.__func__.7108
                0x00000000       0x20 ./drivers/fsl_uart.o
 .rodata.__func__.7114
                0x00000000       0x18 ./drivers/fsl_uart.o
 .rodata.__func__.7120
                0x00000000       0x1c ./drivers/fsl_uart.o
 .rodata.__func__.7127
                0x00000000       0x20 ./drivers/fsl_uart.o
 .rodata.__func__.7140
                0x00000000       0x1c ./drivers/fsl_uart.o
 .rodata.__func__.7146
                0x00000000       0x20 ./drivers/fsl_uart.o
 .rodata.__func__.7151
                0x00000000       0x18 ./drivers/fsl_uart.o
 .text          0x00000000        0x0 ./drivers/fsl_uart_edma.o
 .data          0x00000000        0x0 ./drivers/fsl_uart_edma.o
 .bss           0x00000000        0x0 ./drivers/fsl_uart_edma.o
 .text.UART_TransferGetReceiveCountEDMA
                0x00000000       0xa0 ./drivers/fsl_uart_edma.o
 .text.UART_TransferGetSendCountEDMA
                0x00000000       0xa0 ./drivers/fsl_uart_edma.o
 .rodata.__func__.7354
                0x00000000       0x24 ./drivers/fsl_uart_edma.o
 .rodata.__func__.7360
                0x00000000       0x20 ./drivers/fsl_uart_edma.o
 .text          0x00000000        0x0 ./board/board.o
 .data          0x00000000        0x0 ./board/board.o
 .bss           0x00000000        0x0 ./board/board.o
 .text.BOARD_InitDebugConsole
                0x00000000       0x24 ./board/board.o
 .debug_info    0x00000000      0x2c2 ./board/board.o
 .debug_abbrev  0x00000000       0xfb ./board/board.o
 .debug_aranges
                0x00000000       0x20 ./board/board.o
 .debug_ranges  0x00000000       0x10 ./board/board.o
 .debug_line    0x00000000      0x15f ./board/board.o
 .debug_str     0x00000000      0x2e2 ./board/board.o
 .comment       0x00000000       0x71 ./board/board.o
 .ARM.attributes
                0x00000000       0x39 ./board/board.o
 .debug_frame   0x00000000       0x30 ./board/board.o
 .text          0x00000000        0x0 ./board/clock_config.o
 .data          0x00000000        0x0 ./board/clock_config.o
 .bss           0x00000000        0x0 ./board/clock_config.o
 .text.SMC_SetPowerModeProtection
                0x00000000       0x1c ./board/clock_config.o
 .text.SMC_GetPowerModeState
                0x00000000       0x1c ./board/clock_config.o
 .rodata.mcgConfig_BOARD_BootClockVLPR
                0x00000000        0xc ./board/clock_config.o
 .rodata.simConfig_BOARD_BootClockVLPR
                0x00000000        0x8 ./board/clock_config.o
 .rodata.oscConfig_BOARD_BootClockVLPR
                0x00000000        0x8 ./board/clock_config.o
 .text.BOARD_BootClockVLPR
                0x00000000       0x54 ./board/clock_config.o
 .text          0x00000000        0x0 ./board/pin_mux.o
 .data          0x00000000        0x0 ./board/pin_mux.o
 .bss           0x00000000        0x0 ./board/pin_mux.o
 .text          0x00000000        0x0 c:/freescale/kds_v3/toolchain/bin/../lib/gcc/arm-none-eabi/4.8.4/../../../../arm-none-eabi/lib/armv7e-m/fpu\libg_s.a(lib_a-exit.o)
 .data          0x00000000        0x0 c:/freescale/kds_v3/toolchain/bin/../lib/gcc/arm-none-eabi/4.8.4/../../../../arm-none-eabi/lib/armv7e-m/fpu\libg_s.a(lib_a-exit.o)
 .bss           0x00000000        0x0 c:/freescale/kds_v3/toolchain/bin/../lib/gcc/arm-none-eabi/4.8.4/../../../../arm-none-eabi/lib/armv7e-m/fpu\libg_s.a(lib_a-exit.o)
 .text          0x00000000        0x0 c:/freescale/kds_v3/toolchain/bin/../lib/gcc/arm-none-eabi/4.8.4/../../../../arm-none-eabi/lib/armv7e-m/fpu\libg_s.a(lib_a-impure.o)
 .data          0x00000000        0x0 c:/freescale/kds_v3/toolchain/bin/../lib/gcc/arm-none-eabi/4.8.4/../../../../arm-none-eabi/lib/armv7e-m/fpu\libg_s.a(lib_a-impure.o)
 .bss           0x00000000        0x0 c:/freescale/kds_v3/toolchain/bin/../lib/gcc/arm-none-eabi/4.8.4/../../../../arm-none-eabi/lib/armv7e-m/fpu\libg_s.a(lib_a-impure.o)
 .data._impure_ptr
                0x00000000        0x4 c:/freescale/kds_v3/toolchain/bin/../lib/gcc/arm-none-eabi/4.8.4/../../../../arm-none-eabi/lib/armv7e-m/fpu\libg_s.a(lib_a-impure.o)
 .text          0x00000000        0x0 c:/freescale/kds_v3/toolchain/bin/../lib/gcc/arm-none-eabi/4.8.4/../../../../arm-none-eabi/lib/armv7e-m/fpu\libg_s.a(lib_a-init.o)
 .data          0x00000000        0x0 c:/freescale/kds_v3/toolchain/bin/../lib/gcc/arm-none-eabi/4.8.4/../../../../arm-none-eabi/lib/armv7e-m/fpu\libg_s.a(lib_a-init.o)
 .bss           0x00000000        0x0 c:/freescale/kds_v3/toolchain/bin/../lib/gcc/arm-none-eabi/4.8.4/../../../../arm-none-eabi/lib/armv7e-m/fpu\libg_s.a(lib_a-init.o)
 .text          0x00000000        0x0 c:/freescale/kds_v3/toolchain/bin/../lib/gcc/arm-none-eabi/4.8.4/../../../../arm-none-eabi/lib/armv7e-m/fpu\libg_s.a(lib_a-malloc.o)
 .data          0x00000000        0x0 c:/freescale/kds_v3/toolchain/bin/../lib/gcc/arm-none-eabi/4.8.4/../../../../arm-none-eabi/lib/armv7e-m/fpu\libg_s.a(lib_a-malloc.o)
 .bss           0x00000000        0x0 c:/freescale/kds_v3/toolchain/bin/../lib/gcc/arm-none-eabi/4.8.4/../../../../arm-none-eabi/lib/armv7e-m/fpu\libg_s.a(lib_a-malloc.o)
 .text.malloc   0x00000000       0x10 c:/freescale/kds_v3/toolchain/bin/../lib/gcc/arm-none-eabi/4.8.4/../../../../arm-none-eabi/lib/armv7e-m/fpu\libg_s.a(lib_a-malloc.o)
 .text.free     0x00000000       0x10 c:/freescale/kds_v3/toolchain/bin/../lib/gcc/arm-none-eabi/4.8.4/../../../../arm-none-eabi/lib/armv7e-m/fpu\libg_s.a(lib_a-malloc.o)
 .ARM.attributes
                0x00000000       0x34 c:/freescale/kds_v3/toolchain/bin/../lib/gcc/arm-none-eabi/4.8.4/../../../../arm-none-eabi/lib/armv7e-m/fpu\libg_s.a(lib_a-malloc.o)
 .debug_frame   0x00000000       0x30 c:/freescale/kds_v3/toolchain/bin/../lib/gcc/arm-none-eabi/4.8.4/../../../../arm-none-eabi/lib/armv7e-m/fpu\libg_s.a(lib_a-malloc.o)
 .text          0x00000000        0x0 c:/freescale/kds_v3/toolchain/bin/../lib/gcc/arm-none-eabi/4.8.4/../../../../arm-none-eabi/lib/armv7e-m/fpu\libg_s.a(lib_a-memcpy-stub.o)
 .data          0x00000000        0x0 c:/freescale/kds_v3/toolchain/bin/../lib/gcc/arm-none-eabi/4.8.4/../../../../arm-none-eabi/lib/armv7e-m/fpu\libg_s.a(lib_a-memcpy-stub.o)
 .bss           0x00000000        0x0 c:/freescale/kds_v3/toolchain/bin/../lib/gcc/arm-none-eabi/4.8.4/../../../../arm-none-eabi/lib/armv7e-m/fpu\libg_s.a(lib_a-memcpy-stub.o)
 .text          0x00000000        0x0 c:/freescale/kds_v3/toolchain/bin/../lib/gcc/arm-none-eabi/4.8.4/../../../../arm-none-eabi/lib/armv7e-m/fpu\libg_s.a(lib_a-memset.o)
 .data          0x00000000        0x0 c:/freescale/kds_v3/toolchain/bin/../lib/gcc/arm-none-eabi/4.8.4/../../../../arm-none-eabi/lib/armv7e-m/fpu\libg_s.a(lib_a-memset.o)
 .bss           0x00000000        0x0 c:/freescale/kds_v3/toolchain/bin/../lib/gcc/arm-none-eabi/4.8.4/../../../../arm-none-eabi/lib/armv7e-m/fpu\libg_s.a(lib_a-memset.o)
 .text          0x00000000        0x0 c:/freescale/kds_v3/toolchain/bin/../lib/gcc/arm-none-eabi/4.8.4/../../../../arm-none-eabi/lib/armv7e-m/fpu\libg_s.a(lib_a-nano-freer.o)
 .data          0x00000000        0x0 c:/freescale/kds_v3/toolchain/bin/../lib/gcc/arm-none-eabi/4.8.4/../../../../arm-none-eabi/lib/armv7e-m/fpu\libg_s.a(lib_a-nano-freer.o)
 .bss           0x00000000        0x0 c:/freescale/kds_v3/toolchain/bin/../lib/gcc/arm-none-eabi/4.8.4/../../../../arm-none-eabi/lib/armv7e-m/fpu\libg_s.a(lib_a-nano-freer.o)
 .text._free_r  0x00000000       0x88 c:/freescale/kds_v3/toolchain/bin/../lib/gcc/arm-none-eabi/4.8.4/../../../../arm-none-eabi/lib/armv7e-m/fpu\libg_s.a(lib_a-nano-freer.o)
 .ARM.attributes
                0x00000000       0x34 c:/freescale/kds_v3/toolchain/bin/../lib/gcc/arm-none-eabi/4.8.4/../../../../arm-none-eabi/lib/armv7e-m/fpu\libg_s.a(lib_a-nano-freer.o)
 .debug_frame   0x00000000       0x2c c:/freescale/kds_v3/toolchain/bin/../lib/gcc/arm-none-eabi/4.8.4/../../../../arm-none-eabi/lib/armv7e-m/fpu\libg_s.a(lib_a-nano-freer.o)
 .text          0x00000000        0x0 c:/freescale/kds_v3/toolchain/bin/../lib/gcc/arm-none-eabi/4.8.4/../../../../arm-none-eabi/lib/armv7e-m/fpu\libg_s.a(lib_a-nano-mallocr.o)
 .data          0x00000000        0x0 c:/freescale/kds_v3/toolchain/bin/../lib/gcc/arm-none-eabi/4.8.4/../../../../arm-none-eabi/lib/armv7e-m/fpu\libg_s.a(lib_a-nano-mallocr.o)
 .bss           0x00000000        0x0 c:/freescale/kds_v3/toolchain/bin/../lib/gcc/arm-none-eabi/4.8.4/../../../../arm-none-eabi/lib/armv7e-m/fpu\libg_s.a(lib_a-nano-mallocr.o)
 .text._malloc_r
                0x00000000       0xa8 c:/freescale/kds_v3/toolchain/bin/../lib/gcc/arm-none-eabi/4.8.4/../../../../arm-none-eabi/lib/armv7e-m/fpu\libg_s.a(lib_a-nano-mallocr.o)
 .bss.__malloc_sbrk_start
                0x00000000        0x4 c:/freescale/kds_v3/toolchain/bin/../lib/gcc/arm-none-eabi/4.8.4/../../../../arm-none-eabi/lib/armv7e-m/fpu\libg_s.a(lib_a-nano-mallocr.o)
 .bss.__malloc_free_list
                0x00000000        0x4 c:/freescale/kds_v3/toolchain/bin/../lib/gcc/arm-none-eabi/4.8.4/../../../../arm-none-eabi/lib/armv7e-m/fpu\libg_s.a(lib_a-nano-mallocr.o)
 .ARM.attributes
                0x00000000       0x34 c:/freescale/kds_v3/toolchain/bin/../lib/gcc/arm-none-eabi/4.8.4/../../../../arm-none-eabi/lib/armv7e-m/fpu\libg_s.a(lib_a-nano-mallocr.o)
 .debug_frame   0x00000000       0x2c c:/freescale/kds_v3/toolchain/bin/../lib/gcc/arm-none-eabi/4.8.4/../../../../arm-none-eabi/lib/armv7e-m/fpu\libg_s.a(lib_a-nano-mallocr.o)
 .text          0x00000000        0x0 c:/freescale/kds_v3/toolchain/bin/../lib/gcc/arm-none-eabi/4.8.4/../../../../arm-none-eabi/lib/armv7e-m/fpu\libg_s.a(lib_a-sbrkr.o)
 .data          0x00000000        0x0 c:/freescale/kds_v3/toolchain/bin/../lib/gcc/arm-none-eabi/4.8.4/../../../../arm-none-eabi/lib/armv7e-m/fpu\libg_s.a(lib_a-sbrkr.o)
 .bss           0x00000000        0x0 c:/freescale/kds_v3/toolchain/bin/../lib/gcc/arm-none-eabi/4.8.4/../../../../arm-none-eabi/lib/armv7e-m/fpu\libg_s.a(lib_a-sbrkr.o)
 .text._sbrk_r  0x00000000       0x20 c:/freescale/kds_v3/toolchain/bin/../lib/gcc/arm-none-eabi/4.8.4/../../../../arm-none-eabi/lib/armv7e-m/fpu\libg_s.a(lib_a-sbrkr.o)
 .ARM.attributes
                0x00000000       0x34 c:/freescale/kds_v3/toolchain/bin/../lib/gcc/arm-none-eabi/4.8.4/../../../../arm-none-eabi/lib/armv7e-m/fpu\libg_s.a(lib_a-sbrkr.o)
 .debug_frame   0x00000000       0x2c c:/freescale/kds_v3/toolchain/bin/../lib/gcc/arm-none-eabi/4.8.4/../../../../arm-none-eabi/lib/armv7e-m/fpu\libg_s.a(lib_a-sbrkr.o)
 .text          0x00000000        0x0 c:/freescale/kds_v3/toolchain/bin/../lib/gcc/arm-none-eabi/4.8.4/../../../../arm-none-eabi/lib/armv7e-m/fpu\libg_s.a(lib_a-strlen.o)
 .data          0x00000000        0x0 c:/freescale/kds_v3/toolchain/bin/../lib/gcc/arm-none-eabi/4.8.4/../../../../arm-none-eabi/lib/armv7e-m/fpu\libg_s.a(lib_a-strlen.o)
 .bss           0x00000000        0x0 c:/freescale/kds_v3/toolchain/bin/../lib/gcc/arm-none-eabi/4.8.4/../../../../arm-none-eabi/lib/armv7e-m/fpu\libg_s.a(lib_a-strlen.o)
 .text          0x00000000        0x0 c:/freescale/kds_v3/toolchain/bin/../lib/gcc/arm-none-eabi/4.8.4/../../../../arm-none-eabi/lib/armv7e-m/fpu\libg_s.a(lib_a-reent.o)
 .data          0x00000000        0x0 c:/freescale/kds_v3/toolchain/bin/../lib/gcc/arm-none-eabi/4.8.4/../../../../arm-none-eabi/lib/armv7e-m/fpu\libg_s.a(lib_a-reent.o)
 .bss           0x00000000        0x0 c:/freescale/kds_v3/toolchain/bin/../lib/gcc/arm-none-eabi/4.8.4/../../../../arm-none-eabi/lib/armv7e-m/fpu\libg_s.a(lib_a-reent.o)
 .text.cleanup_glue
                0x00000000       0x1a c:/freescale/kds_v3/toolchain/bin/../lib/gcc/arm-none-eabi/4.8.4/../../../../arm-none-eabi/lib/armv7e-m/fpu\libg_s.a(lib_a-reent.o)
 .text._reclaim_reent
                0x00000000       0xbc c:/freescale/kds_v3/toolchain/bin/../lib/gcc/arm-none-eabi/4.8.4/../../../../arm-none-eabi/lib/armv7e-m/fpu\libg_s.a(lib_a-reent.o)
 .ARM.attributes
                0x00000000       0x34 c:/freescale/kds_v3/toolchain/bin/../lib/gcc/arm-none-eabi/4.8.4/../../../../arm-none-eabi/lib/armv7e-m/fpu\libg_s.a(lib_a-reent.o)
 .debug_frame   0x00000000       0x48 c:/freescale/kds_v3/toolchain/bin/../lib/gcc/arm-none-eabi/4.8.4/../../../../arm-none-eabi/lib/armv7e-m/fpu\libg_s.a(lib_a-reent.o)
 COMMON         0x00000000        0x4 c:/freescale/kds_v3/toolchain/bin/../lib/gcc/arm-none-eabi/4.8.4/../../../../arm-none-eabi/lib/armv7e-m/fpu\libg_s.a(lib_a-reent.o)
 .text          0x00000000        0x0 c:/freescale/kds_v3/toolchain/bin/../lib/gcc/arm-none-eabi/4.8.4/../../../../arm-none-eabi/lib/armv7e-m/fpu\libnosys.a(sbrk.o)
 .data          0x00000000        0x0 c:/freescale/kds_v3/toolchain/bin/../lib/gcc/arm-none-eabi/4.8.4/../../../../arm-none-eabi/lib/armv7e-m/fpu\libnosys.a(sbrk.o)
 .bss           0x00000000        0x0 c:/freescale/kds_v3/toolchain/bin/../lib/gcc/arm-none-eabi/4.8.4/../../../../arm-none-eabi/lib/armv7e-m/fpu\libnosys.a(sbrk.o)
 .text._sbrk    0x00000000       0x34 c:/freescale/kds_v3/toolchain/bin/../lib/gcc/arm-none-eabi/4.8.4/../../../../arm-none-eabi/lib/armv7e-m/fpu\libnosys.a(sbrk.o)
 .bss.heap_end.4246
                0x00000000        0x4 c:/freescale/kds_v3/toolchain/bin/../lib/gcc/arm-none-eabi/4.8.4/../../../../arm-none-eabi/lib/armv7e-m/fpu\libnosys.a(sbrk.o)
 .ARM.attributes
                0x00000000       0x34 c:/freescale/kds_v3/toolchain/bin/../lib/gcc/arm-none-eabi/4.8.4/../../../../arm-none-eabi/lib/armv7e-m/fpu\libnosys.a(sbrk.o)
 .debug_frame   0x00000000       0x20 c:/freescale/kds_v3/toolchain/bin/../lib/gcc/arm-none-eabi/4.8.4/../../../../arm-none-eabi/lib/armv7e-m/fpu\libnosys.a(sbrk.o)
 .text          0x00000000        0x0 c:/freescale/kds_v3/toolchain/bin/../lib/gcc/arm-none-eabi/4.8.4/../../../../arm-none-eabi/lib/armv7e-m/fpu\libnosys.a(_exit.o)
 .data          0x00000000        0x0 c:/freescale/kds_v3/toolchain/bin/../lib/gcc/arm-none-eabi/4.8.4/../../../../arm-none-eabi/lib/armv7e-m/fpu\libnosys.a(_exit.o)
 .bss           0x00000000        0x0 c:/freescale/kds_v3/toolchain/bin/../lib/gcc/arm-none-eabi/4.8.4/../../../../arm-none-eabi/lib/armv7e-m/fpu\libnosys.a(_exit.o)
 .text          0x00000000        0x0 c:/freescale/kds_v3/toolchain/bin/../lib/gcc/arm-none-eabi/4.8.4/armv7e-m/fpu/crtend.o
 .data          0x00000000        0x0 c:/freescale/kds_v3/toolchain/bin/../lib/gcc/arm-none-eabi/4.8.4/armv7e-m/fpu/crtend.o
 .bss           0x00000000        0x0 c:/freescale/kds_v3/toolchain/bin/../lib/gcc/arm-none-eabi/4.8.4/armv7e-m/fpu/crtend.o
 .eh_frame      0x00000000        0x4 c:/freescale/kds_v3/toolchain/bin/../lib/gcc/arm-none-eabi/4.8.4/armv7e-m/fpu/crtend.o
 .text          0x00000000        0x0 c:/freescale/kds_v3/toolchain/bin/../lib/gcc/arm-none-eabi/4.8.4/armv7e-m/fpu/crtn.o
 .data          0x00000000        0x0 c:/freescale/kds_v3/toolchain/bin/../lib/gcc/arm-none-eabi/4.8.4/armv7e-m/fpu/crtn.o
 .bss           0x00000000        0x0 c:/freescale/kds_v3/toolchain/bin/../lib/gcc/arm-none-eabi/4.8.4/armv7e-m/fpu/crtn.o

Memory Configuration

Name             Origin             Length             Attributes
m_interrupts     0x00000000         0x00000400         xr
m_flash_config   0x00000400         0x00000010         xr
m_text           0x00000410         0x000ffbf0         xr
m_data           0x1fff0000         0x00010000         rw
m_data_2         0x20000000         0x00030000         rw
*default*        0x00000000         0xffffffff

Linker script and memory map

LOAD c:/freescale/kds_v3/toolchain/bin/../lib/gcc/arm-none-eabi/4.8.4/armv7e-m/fpu/crti.o
LOAD c:/freescale/kds_v3/toolchain/bin/../lib/gcc/arm-none-eabi/4.8.4/armv7e-m/fpu/crtbegin.o
LOAD c:/freescale/kds_v3/toolchain/bin/../lib/gcc/arm-none-eabi/4.8.4/../../../../arm-none-eabi/lib/armv7e-m/fpu/crt0.o
START GROUP
LOAD ./utilities/fsl_assert.o
LOAD ./utilities/fsl_debug_console.o
LOAD ./utilities/fsl_io.o
LOAD ./utilities/fsl_log.o
LOAD ./utilities/fsl_str.o
LOAD ./startup/startup_MK64F12.o
LOAD ./startup/system_MK64F12.o
LOAD ./source/uart_edma_transfer.o
LOAD ./drivers/fsl_clock.o
LOAD ./drivers/fsl_common.o
LOAD ./drivers/fsl_dmamux.o
LOAD ./drivers/fsl_edma.o
LOAD ./drivers/fsl_flash.o
LOAD ./drivers/fsl_gpio.o
LOAD ./drivers/fsl_smc.o
LOAD ./drivers/fsl_uart.o
LOAD ./drivers/fsl_uart_edma.o
LOAD ./board/board.o
LOAD ./board/clock_config.o
LOAD ./board/pin_mux.o
LOAD c:/freescale/kds_v3/toolchain/bin/../lib/gcc/arm-none-eabi/4.8.4/../../../../arm-none-eabi/lib/armv7e-m/fpu\libg_s.a
LOAD c:/freescale/kds_v3/toolchain/bin/../lib/gcc/arm-none-eabi/4.8.4/armv7e-m/fpu\libgcc.a
LOAD c:/freescale/kds_v3/toolchain/bin/../lib/gcc/arm-none-eabi/4.8.4/../../../../arm-none-eabi/lib/armv7e-m/fpu\libnosys.a
END GROUP
LOAD c:/freescale/kds_v3/toolchain/bin/../lib/gcc/arm-none-eabi/4.8.4/../../../../arm-none-eabi/lib/armv7e-m/fpu\libstdc++_s.a
LOAD c:/freescale/kds_v3/toolchain/bin/../lib/gcc/arm-none-eabi/4.8.4/../../../../arm-none-eabi/lib/armv7e-m/fpu\libm.a
START GROUP
LOAD c:/freescale/kds_v3/toolchain/bin/../lib/gcc/arm-none-eabi/4.8.4/armv7e-m/fpu\libgcc.a
LOAD c:/freescale/kds_v3/toolchain/bin/../lib/gcc/arm-none-eabi/4.8.4/../../../../arm-none-eabi/lib/armv7e-m/fpu\libg_s.a
LOAD c:/freescale/kds_v3/toolchain/bin/../lib/gcc/arm-none-eabi/4.8.4/../../../../arm-none-eabi/lib/armv7e-m/fpu\libc_s.a
END GROUP
START GROUP
LOAD c:/freescale/kds_v3/toolchain/bin/../lib/gcc/arm-none-eabi/4.8.4/armv7e-m/fpu\libgcc.a
LOAD c:/freescale/kds_v3/toolchain/bin/../lib/gcc/arm-none-eabi/4.8.4/../../../../arm-none-eabi/lib/armv7e-m/fpu\libc_s.a
END GROUP
LOAD c:/freescale/kds_v3/toolchain/bin/../lib/gcc/arm-none-eabi/4.8.4/armv7e-m/fpu/crtend.o
LOAD c:/freescale/kds_v3/toolchain/bin/../lib/gcc/arm-none-eabi/4.8.4/armv7e-m/fpu/crtn.o
                0x00000400                HEAP_SIZE = DEFINED (__heap_size__)?__heap_size__:0x400
                0x00000400                STACK_SIZE = DEFINED (__stack_size__)?__stack_size__:0x400

.interrupts     0x00000000      0x400
                0x00000000                . = ALIGN (0x4)
 *(.isr_vector)
 .isr_vector    0x00000000      0x400 ./startup/startup_MK64F12.o
                0x00000000                __isr_vector
                0x00000400                . = ALIGN (0x4)

.flash_config   0x00000400       0x10
                0x00000400                . = ALIGN (0x4)
 *(.FlashConfig)
 .FlashConfig   0x00000400       0x10 ./startup/startup_MK64F12.o
                0x00000410                . = ALIGN (0x4)

.text           0x00000410     0x3f54
                0x00000410                . = ALIGN (0x4)
 *(.text)
 .text          0x00000410       0x54 c:/freescale/kds_v3/toolchain/bin/../lib/gcc/arm-none-eabi/4.8.4/armv7e-m/fpu/crtbegin.o
 .text          0x00000464       0x74 c:/freescale/kds_v3/toolchain/bin/../lib/gcc/arm-none-eabi/4.8.4/../../../../arm-none-eabi/lib/armv7e-m/fpu/crt0.o
                0x00000464                _start
                0x00000464                _mainCRTStartup
 .text          0x000004d8      0x200 ./startup/startup_MK64F12.o
                0x000004d8                Reset_Handler
                0x00000538                DebugMon_Handler
                0x00000538                PORTC_IRQHandler
                0x00000538                USB0_IRQHandler
                0x00000538                SPI1_DriverIRQHandler
                0x00000538                DMA_Error_DriverIRQHandler
                0x00000538                I2S0_Rx_DriverIRQHandler
                0x00000538                CMP0_IRQHandler
                0x00000538                USBDCD_IRQHandler
                0x00000538                WDOG_EWM_IRQHandler
                0x00000538                I2C0_DriverIRQHandler
                0x00000538                ENET_Transmit_DriverIRQHandler
                0x00000538                UART1_ERR_DriverIRQHandler
                0x00000538                BusFault_Handler
                0x00000538                LPTMR0_IRQHandler
                0x00000538                SDHC_DriverIRQHandler
                0x00000538                PIT0_IRQHandler
                0x00000538                FTM2_IRQHandler
                0x00000538                CMP2_IRQHandler
                0x00000538                LLWU_IRQHandler
                0x00000538                I2S0_Tx_DriverIRQHandler
                0x00000538                PORTE_IRQHandler
                0x00000538                FTM3_IRQHandler
                0x00000538                CAN0_DriverIRQHandler
                0x00000538                ENET_1588_Timer_DriverIRQHandler
                0x00000538                I2C2_DriverIRQHandler
                0x00000538                SWI_IRQHandler
                0x00000538                ADC0_IRQHandler
                0x00000538                UsageFault_Handler
                0x00000538                MCM_IRQHandler
                0x00000538                CMT_IRQHandler
                0x00000538                DAC1_IRQHandler
                0x00000538                PORTA_IRQHandler
                0x00000538                DefaultISR
                0x00000538                FTM0_IRQHandler
                0x00000538                UART5_ERR_DriverIRQHandler
                0x00000538                LVD_LVW_IRQHandler
                0x00000538                CMP1_IRQHandler
                0x00000538                Reserved71_IRQHandler
                0x00000538                PORTD_IRQHandler
                0x00000538                PORTB_IRQHandler
                0x00000538                PIT1_IRQHandler
                0x00000538                UART2_ERR_DriverIRQHandler
                0x00000538                SPI2_DriverIRQHandler
                0x00000538                ADC1_IRQHandler
                0x00000538                SPI0_DriverIRQHandler
                0x00000538                PIT2_IRQHandler
                0x00000538                ENET_Error_DriverIRQHandler
                0x00000538                DAC0_IRQHandler
                0x00000538                RTC_IRQHandler
                0x00000538                UART3_ERR_DriverIRQHandler
                0x00000538                PDB0_IRQHandler
                0x00000538                MCG_IRQHandler
                0x00000538                FTM1_IRQHandler
                0x00000538                ENET_Receive_DriverIRQHandler
                0x00000538                I2C1_DriverIRQHandler
                0x00000538                PIT3_IRQHandler
                0x00000538                MemManage_Handler
                0x00000538                RTC_Seconds_IRQHandler
                0x00000538                Read_Collision_IRQHandler
                0x00000538                FTFE_IRQHandler
                0x00000538                UART0_ERR_DriverIRQHandler
                0x00000538                RNG_IRQHandler
                0x00000538                UART0_LON_DriverIRQHandler
                0x00000538                UART4_ERR_DriverIRQHandler
                0x0000053c                NMI_Handler
                0x00000540                HardFault_Handler
                0x00000544                SVC_Handler
                0x00000548                PendSV_Handler
                0x0000054c                SysTick_Handler
                0x00000550                DMA0_IRQHandler
                0x00000554                DMA1_IRQHandler
                0x00000558                DMA2_IRQHandler
                0x0000055c                DMA3_IRQHandler
                0x00000560                DMA4_IRQHandler
                0x00000564                DMA5_IRQHandler
                0x00000568                DMA6_IRQHandler
                0x0000056c                DMA7_IRQHandler
                0x00000570                DMA8_IRQHandler
                0x00000574                DMA9_IRQHandler
                0x00000578                DMA10_IRQHandler
                0x0000057c                DMA11_IRQHandler
                0x00000580                DMA12_IRQHandler
                0x00000584                DMA13_IRQHandler
                0x00000588                DMA14_IRQHandler
                0x0000058c                DMA15_IRQHandler
                0x00000590                DMA_Error_IRQHandler
                0x00000594                I2C0_IRQHandler
                0x00000598                I2C1_IRQHandler
                0x0000059c                SPI0_IRQHandler
                0x000005a0                SPI1_IRQHandler
                0x000005a4                I2S0_Tx_IRQHandler
                0x000005a8                I2S0_Rx_IRQHandler
                0x000005ac                UART0_LON_IRQHandler
                0x000005b0                UART0_RX_TX_IRQHandler
                0x000005b4                UART0_ERR_IRQHandler
                0x000005b8                UART1_RX_TX_IRQHandler
                0x000005bc                UART1_ERR_IRQHandler
                0x000005c0                UART2_RX_TX_IRQHandler
                0x000005c4                UART2_ERR_IRQHandler
                0x000005c8                UART3_RX_TX_IRQHandler
                0x000005cc                UART3_ERR_IRQHandler
                0x000005d0                SPI2_IRQHandler
                0x000005d4                UART4_RX_TX_IRQHandler
                0x000005d8                UART4_ERR_IRQHandler
                0x000005dc                UART5_RX_TX_IRQHandler
                0x000005e0                UART5_ERR_IRQHandler
                0x000005e4                I2C2_IRQHandler
                0x000005e8                CAN0_ORed_Message_buffer_IRQHandler
                0x000005ec                CAN0_Bus_Off_IRQHandler
                0x000005f0                CAN0_Error_IRQHandler
                0x000005f4                CAN0_Tx_Warning_IRQHandler
                0x000005f8                CAN0_Rx_Warning_IRQHandler
                0x000005fc                CAN0_Wake_Up_IRQHandler
                0x00000600                SDHC_IRQHandler
                0x00000604                ENET_1588_Timer_IRQHandler
                0x00000608                ENET_Transmit_IRQHandler
                0x0000060c                ENET_Receive_IRQHandler
                0x00000610                ENET_Error_IRQHandler
 *(.text*)
 .text.__assert_func
                0x000006d8       0x28 ./utilities/fsl_assert.o
                0x000006d8                __assert_func
 .text.DbgConsole_Printf
                0x00000700       0x68 ./utilities/fsl_debug_console.o
                0x00000700                DbgConsole_Printf
 .text.DbgConsole_RelocateLog
                0x00000768       0x60 ./utilities/fsl_debug_console.o
 .text.IO_Transfer
                0x000007c8       0x5c ./utilities/fsl_io.o
                0x000007c8                IO_Transfer
 .text.LOG_Push
                0x00000824       0x3c ./utilities/fsl_log.o
                0x00000824                LOG_Push
 .text.LOG_Pop  0x00000860       0x44 ./utilities/fsl_log.o
                0x00000860                LOG_Pop
 .text.ConvertRadixNumToString
                0x000008a4      0x118 ./utilities/fsl_str.o
 .text.StrFormatPrintf
                0x000009bc      0x344 ./utilities/fsl_str.o
                0x000009bc                StrFormatPrintf
 .text.SystemInit
                0x00000d00       0x3c ./startup/system_MK64F12.o
                0x00000d00                SystemInit
 .text.SystemInitHook
                0x00000d3c        0xc ./startup/system_MK64F12.o
                0x00000d3c                SystemInitHook
 .text.DMAMUX_EnableChannel
                0x00000d48       0x48 ./source/uart_edma_transfer.o
 .text.DMAMUX_SetSource
                0x00000d90       0x58 ./source/uart_edma_transfer.o
 .text.UART_UserCallback
                0x00000de8       0x54 ./source/uart_edma_transfer.o
                0x00000de8                UART_UserCallback
 .text.main     0x00000e3c      0x1b0 ./source/uart_edma_transfer.o
                0x00000e3c                main
 .text.CLOCK_SetEr32kClock
                0x00000fec       0x2c ./drivers/fsl_clock.o
 .text.CLOCK_SetPllFllSelClock
                0x00001018       0x38 ./drivers/fsl_clock.o
 .text.OSC_SetExtRefClkConfig
                0x00001050       0x34 ./drivers/fsl_clock.o
 .text.OSC_SetCapLoad
                0x00001084       0x34 ./drivers/fsl_clock.o
 .text.CLOCK_GetMcgExtClkFreq
                0x000010b8       0x8c ./drivers/fsl_clock.o
 .text.CLOCK_GetFllExtRefClkFreq
                0x00001144       0xc8 ./drivers/fsl_clock.o
 .text.CLOCK_GetInternalRefClkSelectFreq
                0x0000120c       0x44 ./drivers/fsl_clock.o
 .text.CLOCK_GetFllRefClkFreq
                0x00001250       0x2c ./drivers/fsl_clock.o
 .text.CLOCK_GetPll0RefFreq
                0x0000127c       0x10 ./drivers/fsl_clock.o
 .text.CLOCK_GetOscRangeFromFreq
                0x0000128c       0x3c ./drivers/fsl_clock.o
 .text.CLOCK_GetOsc0ErClkFreq
                0x000012c8       0x48 ./drivers/fsl_clock.o
                0x000012c8                CLOCK_GetOsc0ErClkFreq
 .text.CLOCK_GetEr32kClkFreq
                0x00001310       0x80 ./drivers/fsl_clock.o
                0x00001310                CLOCK_GetEr32kClkFreq
 .text.CLOCK_GetPllFllSelClkFreq
                0x00001390       0x54 ./drivers/fsl_clock.o
                0x00001390                CLOCK_GetPllFllSelClkFreq
 .text.CLOCK_GetFreq
                0x000013e4      0x144 ./drivers/fsl_clock.o
                0x000013e4                CLOCK_GetFreq
 .text.CLOCK_SetSimConfig
                0x00001528       0x34 ./drivers/fsl_clock.o
                0x00001528                CLOCK_SetSimConfig
 .text.CLOCK_GetOutClkFreq
                0x0000155c       0x64 ./drivers/fsl_clock.o
                0x0000155c                CLOCK_GetOutClkFreq
 .text.CLOCK_GetFllFreq
                0x000015c0       0x74 ./drivers/fsl_clock.o
                0x000015c0                CLOCK_GetFllFreq
 .text.CLOCK_GetInternalRefClkFreq
                0x00001634       0x24 ./drivers/fsl_clock.o
                0x00001634                CLOCK_GetInternalRefClkFreq
 .text.CLOCK_GetFixedFreqClkFreq
                0x00001658       0x30 ./drivers/fsl_clock.o
                0x00001658                CLOCK_GetFixedFreqClkFreq
 .text.CLOCK_GetPll0Freq
                0x00001688       0x78 ./drivers/fsl_clock.o
                0x00001688                CLOCK_GetPll0Freq
 .text.CLOCK_SetExternalRefClkConfig
                0x00001700       0x6c ./drivers/fsl_clock.o
                0x00001700                CLOCK_SetExternalRefClkConfig
 .text.CLOCK_SetInternalRefClkConfig
                0x0000176c      0x104 ./drivers/fsl_clock.o
                0x0000176c                CLOCK_SetInternalRefClkConfig
 .text.CLOCK_EnablePll0
                0x00001870       0x94 ./drivers/fsl_clock.o
                0x00001870                CLOCK_EnablePll0
 .text.CLOCK_InitOsc0
                0x00001904       0x8c ./drivers/fsl_clock.o
                0x00001904                CLOCK_InitOsc0
 .text.CLOCK_SetPbeMode
                0x00001990       0xb8 ./drivers/fsl_clock.o
                0x00001990                CLOCK_SetPbeMode
 .text.CLOCK_BootToPeeMode
                0x00001a48       0x74 ./drivers/fsl_clock.o
                0x00001a48                CLOCK_BootToPeeMode
 .text.CLOCK_EnableClock
                0x00001abc       0x34 ./drivers/fsl_dmamux.o
 .text.DMAMUX_GetInstance
                0x00001af0       0x50 ./drivers/fsl_dmamux.o
 .text.DMAMUX_Init
                0x00001b40       0x20 ./drivers/fsl_dmamux.o
                0x00001b40                DMAMUX_Init
 .text.__NVIC_EnableIRQ
                0x00001b60       0x38 ./drivers/fsl_edma.o
 .text.CLOCK_EnableClock
                0x00001b98       0x34 ./drivers/fsl_edma.o
 .text.EnableIRQ
                0x00001bcc       0x2c ./drivers/fsl_edma.o
 .text.DisableGlobalIRQ
                0x00001bf8       0x20 ./drivers/fsl_edma.o
 .text.EnableGlobalIRQ
                0x00001c18       0x1c ./drivers/fsl_edma.o
 .text.EDMA_GetInstance
                0x00001c34       0x50 ./drivers/fsl_edma.o
 .text.EDMA_InstallTCD
                0x00001c84      0x150 ./drivers/fsl_edma.o
                0x00001c84                EDMA_InstallTCD
 .text.EDMA_Init
                0x00001dd4       0x8c ./drivers/fsl_edma.o
                0x00001dd4                EDMA_Init
 .text.EDMA_GetDefaultConfig
                0x00001e60       0x44 ./drivers/fsl_edma.o
                0x00001e60                EDMA_GetDefaultConfig
 .text.EDMA_SetTransferConfig
                0x00001ea4       0x78 ./drivers/fsl_edma.o
                0x00001ea4                EDMA_SetTransferConfig
 .text.EDMA_TcdReset
                0x00001f1c       0x8c ./drivers/fsl_edma.o
                0x00001f1c                EDMA_TcdReset
 .text.EDMA_TcdSetTransferConfig
                0x00001fa8      0x104 ./drivers/fsl_edma.o
                0x00001fa8                EDMA_TcdSetTransferConfig
 .text.Get_StartInstance
                0x000020ac       0x24 ./drivers/fsl_edma.o
 .text.EDMA_CreateHandle
                0x000020d0       0xfc ./drivers/fsl_edma.o
                0x000020d0                EDMA_CreateHandle
 .text.EDMA_SetCallback
                0x000021cc       0x40 ./drivers/fsl_edma.o
                0x000021cc                EDMA_SetCallback
 .text.EDMA_PrepareTransfer
                0x0000220c      0x2d8 ./drivers/fsl_edma.o
                0x0000220c                EDMA_PrepareTransfer
 .text.EDMA_SubmitTransfer
                0x000024e4      0x2c8 ./drivers/fsl_edma.o
                0x000024e4                EDMA_SubmitTransfer
 .text.EDMA_StartTransfer
                0x000027ac       0xbc ./drivers/fsl_edma.o
                0x000027ac                EDMA_StartTransfer
 .text.EDMA_AbortTransfer
                0x00002868       0x68 ./drivers/fsl_edma.o
                0x00002868                EDMA_AbortTransfer
 .text.EDMA_HandleIRQ
                0x000028d0      0x15c ./drivers/fsl_edma.o
                0x000028d0                EDMA_HandleIRQ
 .text.DMA0_DriverIRQHandler
                0x00002a2c       0x18 ./drivers/fsl_edma.o
                0x00002a2c                DMA0_DriverIRQHandler
 .text.DMA1_DriverIRQHandler
                0x00002a44       0x18 ./drivers/fsl_edma.o
                0x00002a44                DMA1_DriverIRQHandler
 .text.DMA2_DriverIRQHandler
                0x00002a5c       0x18 ./drivers/fsl_edma.o
                0x00002a5c                DMA2_DriverIRQHandler
 .text.DMA3_DriverIRQHandler
                0x00002a74       0x18 ./drivers/fsl_edma.o
                0x00002a74                DMA3_DriverIRQHandler
 .text.DMA4_DriverIRQHandler
                0x00002a8c       0x18 ./drivers/fsl_edma.o
                0x00002a8c                DMA4_DriverIRQHandler
 .text.DMA5_DriverIRQHandler
                0x00002aa4       0x18 ./drivers/fsl_edma.o
                0x00002aa4                DMA5_DriverIRQHandler
 .text.DMA6_DriverIRQHandler
                0x00002abc       0x18 ./drivers/fsl_edma.o
                0x00002abc                DMA6_DriverIRQHandler
 .text.DMA7_DriverIRQHandler
                0x00002ad4       0x18 ./drivers/fsl_edma.o
                0x00002ad4                DMA7_DriverIRQHandler
 .text.DMA8_DriverIRQHandler
                0x00002aec       0x18 ./drivers/fsl_edma.o
                0x00002aec                DMA8_DriverIRQHandler
 .text.DMA9_DriverIRQHandler
                0x00002b04       0x18 ./drivers/fsl_edma.o
                0x00002b04                DMA9_DriverIRQHandler
 .text.DMA10_DriverIRQHandler
                0x00002b1c       0x18 ./drivers/fsl_edma.o
                0x00002b1c                DMA10_DriverIRQHandler
 .text.DMA11_DriverIRQHandler
                0x00002b34       0x18 ./drivers/fsl_edma.o
                0x00002b34                DMA11_DriverIRQHandler
 .text.DMA12_DriverIRQHandler
                0x00002b4c       0x18 ./drivers/fsl_edma.o
                0x00002b4c                DMA12_DriverIRQHandler
 .text.DMA13_DriverIRQHandler
                0x00002b64       0x18 ./drivers/fsl_edma.o
                0x00002b64                DMA13_DriverIRQHandler
 .text.DMA14_DriverIRQHandler
                0x00002b7c       0x18 ./drivers/fsl_edma.o
                0x00002b7c                DMA14_DriverIRQHandler
 .text.DMA15_DriverIRQHandler
                0x00002b94       0x18 ./drivers/fsl_edma.o
                0x00002b94                DMA15_DriverIRQHandler
 .text.CLOCK_EnableClock
                0x00002bac       0x34 ./drivers/fsl_uart.o
 .text.UART_GetInstance
                0x00002be0       0x60 ./drivers/fsl_uart.o
                0x00002be0                UART_GetInstance
 .text.UART_Init
                0x00002c40      0x300 ./drivers/fsl_uart.o
                0x00002c40                UART_Init
 .text.UART_GetDefaultConfig
                0x00002f40       0x6c ./drivers/fsl_uart.o
                0x00002f40                UART_GetDefaultConfig
 .text.UART_GetStatusFlags
                0x00002fac       0x48 ./drivers/fsl_uart.o
                0x00002fac                UART_GetStatusFlags
 .text.UART_WriteBlocking
                0x00002ff4       0x40 ./drivers/fsl_uart.o
                0x00002ff4                UART_WriteBlocking
 .text.UART_ReadBlocking
                0x00003034       0xa4 ./drivers/fsl_uart.o
                0x00003034                UART_ReadBlocking
 .text.UART0_DriverIRQHandler
                0x000030d8       0x24 ./drivers/fsl_uart.o
                0x000030d8                UART0_DriverIRQHandler
 .text.UART0_RX_TX_DriverIRQHandler
                0x000030fc       0x10 ./drivers/fsl_uart.o
                0x000030fc                UART0_RX_TX_DriverIRQHandler
 .text.UART1_DriverIRQHandler
                0x0000310c       0x24 ./drivers/fsl_uart.o
                0x0000310c                UART1_DriverIRQHandler
 .text.UART1_RX_TX_DriverIRQHandler
                0x00003130       0x10 ./drivers/fsl_uart.o
                0x00003130                UART1_RX_TX_DriverIRQHandler
 .text.UART2_DriverIRQHandler
                0x00003140       0x24 ./drivers/fsl_uart.o
                0x00003140                UART2_DriverIRQHandler
 .text.UART2_RX_TX_DriverIRQHandler
                0x00003164       0x10 ./drivers/fsl_uart.o
                0x00003164                UART2_RX_TX_DriverIRQHandler
 .text.UART3_DriverIRQHandler
                0x00003174       0x24 ./drivers/fsl_uart.o
                0x00003174                UART3_DriverIRQHandler
 .text.UART3_RX_TX_DriverIRQHandler
                0x00003198       0x10 ./drivers/fsl_uart.o
                0x00003198                UART3_RX_TX_DriverIRQHandler
 .text.UART4_DriverIRQHandler
                0x000031a8       0x24 ./drivers/fsl_uart.o
                0x000031a8                UART4_DriverIRQHandler
 .text.UART4_RX_TX_DriverIRQHandler
                0x000031cc       0x10 ./drivers/fsl_uart.o
                0x000031cc                UART4_RX_TX_DriverIRQHandler
 .text.UART5_DriverIRQHandler
                0x000031dc       0x24 ./drivers/fsl_uart.o
                0x000031dc                UART5_DriverIRQHandler
 .text.UART5_RX_TX_DriverIRQHandler
                0x00003200       0x10 ./drivers/fsl_uart.o
                0x00003200                UART5_RX_TX_DriverIRQHandler
 .text.UART_GetDataRegisterAddress
                0x00003210       0x18 ./drivers/fsl_uart_edma.o
 .text.UART_EnableTxDMA
                0x00003228       0x60 ./drivers/fsl_uart_edma.o
 .text.UART_EnableRxDMA
                0x00003288       0x60 ./drivers/fsl_uart_edma.o
 .text.UART_SendEDMACallback
                0x000032e8       0x78 ./drivers/fsl_uart_edma.o
 .text.UART_ReceiveEDMACallback
                0x00003360       0x78 ./drivers/fsl_uart_edma.o
 .text.UART_TransferCreateHandleEDMA
                0x000033d8       0xd0 ./drivers/fsl_uart_edma.o
                0x000033d8                UART_TransferCreateHandleEDMA
 .text.UART_SendEDMA
                0x000034a8      0x10c ./drivers/fsl_uart_edma.o
                0x000034a8                UART_SendEDMA
 .text.UART_ReceiveEDMA
                0x000035b4      0x118 ./drivers/fsl_uart_edma.o
                0x000035b4                UART_ReceiveEDMA
 .text.UART_TransferAbortSendEDMA
                0x000036cc       0x64 ./drivers/fsl_uart_edma.o
                0x000036cc                UART_TransferAbortSendEDMA
 .text.UART_TransferAbortReceiveEDMA
                0x00003730       0x64 ./drivers/fsl_uart_edma.o
                0x00003730                UART_TransferAbortReceiveEDMA
 .text.CLOCK_SetSimSafeDivs
                0x00003794       0x20 ./board/clock_config.o
 .text.CLOCK_SetXtal0Freq
                0x000037b4       0x1c ./board/clock_config.o
 .text.CLOCK_CONFIG_SetFllExtRefDiv
                0x000037d0       0x38 ./board/clock_config.o
 .text.BOARD_BootClockRUN
                0x00003808       0x60 ./board/clock_config.o
                0x00003808                BOARD_BootClockRUN
 .text.CLOCK_EnableClock
                0x00003868       0x34 ./board/pin_mux.o
 .text.PORT_SetPinMux
                0x0000389c       0x38 ./board/pin_mux.o
 .text.BOARD_InitPins
                0x000038d4       0x44 ./board/pin_mux.o
                0x000038d4                BOARD_InitPins
 .text.exit     0x00003918       0x28 c:/freescale/kds_v3/toolchain/bin/../lib/gcc/arm-none-eabi/4.8.4/../../../../arm-none-eabi/lib/armv7e-m/fpu\libg_s.a(lib_a-exit.o)
                0x00003918                exit
 .text.__libc_init_array
                0x00003940       0x4c c:/freescale/kds_v3/toolchain/bin/../lib/gcc/arm-none-eabi/4.8.4/../../../../arm-none-eabi/lib/armv7e-m/fpu\libg_s.a(lib_a-init.o)
                0x00003940                __libc_init_array
 .text.memcpy   0x0000398c       0x12 c:/freescale/kds_v3/toolchain/bin/../lib/gcc/arm-none-eabi/4.8.4/../../../../arm-none-eabi/lib/armv7e-m/fpu\libg_s.a(lib_a-memcpy-stub.o)
                0x0000398c                memcpy
 .text.memset   0x0000399e       0x10 c:/freescale/kds_v3/toolchain/bin/../lib/gcc/arm-none-eabi/4.8.4/../../../../arm-none-eabi/lib/armv7e-m/fpu\libg_s.a(lib_a-memset.o)
                0x0000399e                memset
 .text.strlen   0x000039ae       0x10 c:/freescale/kds_v3/toolchain/bin/../lib/gcc/arm-none-eabi/4.8.4/../../../../arm-none-eabi/lib/armv7e-m/fpu\libg_s.a(lib_a-strlen.o)
                0x000039ae                strlen
 *fill*         0x000039be        0x2 
 .text._exit    0x000039c0        0x4 c:/freescale/kds_v3/toolchain/bin/../lib/gcc/arm-none-eabi/4.8.4/../../../../arm-none-eabi/lib/armv7e-m/fpu\libnosys.a(_exit.o)
                0x000039c0                _exit
 *(.rodata)
 .rodata        0x000039c4       0x40 ./utilities/fsl_assert.o
 .rodata        0x00003a04       0x50 ./utilities/fsl_log.o
 .rodata        0x00003a54       0x64 ./source/uart_edma_transfer.o
 .rodata        0x00003ab8       0x64 ./drivers/fsl_clock.o
 .rodata        0x00003b1c       0x60 ./drivers/fsl_dmamux.o
 .rodata        0x00003b7c      0x288 ./drivers/fsl_edma.o
 .rodata        0x00003e04      0x148 ./drivers/fsl_uart.o
 .rodata        0x00003f4c       0xa4 ./drivers/fsl_uart_edma.o
 *(.rodata*)
 .rodata.__func__.6793
                0x00003ff0        0xc ./utilities/fsl_log.o
 .rodata.__func__.7372
                0x00003ffc       0x14 ./source/uart_edma_transfer.o
 .rodata.__func__.7361
                0x00004010       0x18 ./source/uart_edma_transfer.o
 .rodata.__func__.6769
                0x00004028       0x18 ./drivers/fsl_clock.o
 .rodata.__func__.6807
                0x00004040       0x18 ./drivers/fsl_clock.o
 .rodata.__func__.6815
                0x00004058       0x18 ./drivers/fsl_clock.o
 .rodata.fllFactorTable.6890
                0x00004070       0x10 ./drivers/fsl_clock.o
 .rodata.__func__.6905
                0x00004080       0x14 ./drivers/fsl_clock.o
 .rodata.__func__.6950
                0x00004094       0x14 ./drivers/fsl_clock.o
 .rodata.__func__.7092
                0x000040a8       0x14 ./drivers/fsl_clock.o
 .rodata.__func__.7159
                0x000040bc       0x14 ./drivers/fsl_clock.o
 .rodata.__func__.6774
                0x000040d0       0x14 ./drivers/fsl_dmamux.o
 .rodata.s_edmaIRQNumber
                0x000040e4       0x10 ./drivers/fsl_edma.o
 .rodata.__func__.7040
                0x000040f4       0x14 ./drivers/fsl_edma.o
 .rodata.__func__.7046
                0x00004108       0x10 ./drivers/fsl_edma.o
 .rodata.__func__.7051
                0x00004118        0xc ./drivers/fsl_edma.o
 .rodata.__func__.7059
                0x00004124       0x18 ./drivers/fsl_edma.o
 .rodata.__func__.7071
                0x0000413c       0x18 ./drivers/fsl_edma.o
 .rodata.__func__.7115
                0x00004154       0x10 ./drivers/fsl_edma.o
 .rodata.__func__.7121
                0x00004164       0x1c ./drivers/fsl_edma.o
 .rodata.__func__.7180
                0x00004180       0x14 ./drivers/fsl_edma.o
 .rodata.__func__.7196
                0x00004194       0x14 ./drivers/fsl_edma.o
 .rodata.__func__.7207
                0x000041a8       0x18 ./drivers/fsl_edma.o
 .rodata.__func__.7233
                0x000041c0       0x14 ./drivers/fsl_edma.o
 .rodata.__func__.7243
                0x000041d4       0x14 ./drivers/fsl_edma.o
 .rodata.__func__.7256
                0x000041e8       0x10 ./drivers/fsl_edma.o
 .rodata.s_uartBases
                0x000041f8       0x18 ./drivers/fsl_uart.o
 .rodata.s_uartClock
                0x00004210       0x18 ./drivers/fsl_uart.o
 .rodata.__func__.6971
                0x00004228       0x14 ./drivers/fsl_uart.o
 .rodata.__func__.6987
                0x0000423c        0xc ./drivers/fsl_uart.o
 .rodata.__func__.7005
                0x00004248       0x18 ./drivers/fsl_uart.o
 .rodata.__func__.7065
                0x00004260       0x14 ./drivers/fsl_uart.o
 .rodata.__func__.7303
                0x00004274       0x18 ./drivers/fsl_uart_edma.o
 .rodata.__func__.7311
                0x0000428c       0x1c ./drivers/fsl_uart_edma.o
 .rodata.__func__.7321
                0x000042a8       0x20 ./drivers/fsl_uart_edma.o
 .rodata.__func__.7328
                0x000042c8       0x10 ./drivers/fsl_uart_edma.o
 .rodata.__func__.7336
                0x000042d8       0x14 ./drivers/fsl_uart_edma.o
 .rodata.__func__.7343
                0x000042ec       0x1c ./drivers/fsl_uart_edma.o
 .rodata.__func__.7348
                0x00004308       0x20 ./drivers/fsl_uart_edma.o
 .rodata.mcgConfig_BOARD_BootClockRUN
                0x00004328        0xc ./board/clock_config.o
                0x00004328                mcgConfig_BOARD_BootClockRUN
 .rodata.simConfig_BOARD_BootClockRUN
                0x00004334        0x8 ./board/clock_config.o
                0x00004334                simConfig_BOARD_BootClockRUN
 .rodata.oscConfig_BOARD_BootClockRUN
                0x0000433c        0x8 ./board/clock_config.o
                0x0000433c                oscConfig_BOARD_BootClockRUN
 .rodata.str1.1
                0x00004344        0x2 c:/freescale/kds_v3/toolchain/bin/../lib/gcc/arm-none-eabi/4.8.4/../../../../arm-none-eabi/lib/armv7e-m/fpu\libg_s.a(lib_a-impure.o)
 *fill*         0x00004346        0x2 
 .rodata._global_impure_ptr
                0x00004348        0x4 c:/freescale/kds_v3/toolchain/bin/../lib/gcc/arm-none-eabi/4.8.4/../../../../arm-none-eabi/lib/armv7e-m/fpu\libg_s.a(lib_a-impure.o)
                0x00004348                _global_impure_ptr
 *(.glue_7)
 .glue_7        0x00000000        0x0 linker stubs
 *(.glue_7t)
 .glue_7t       0x00000000        0x0 linker stubs
 *(.eh_frame)
 .eh_frame      0x0000434c        0x0 c:/freescale/kds_v3/toolchain/bin/../lib/gcc/arm-none-eabi/4.8.4/armv7e-m/fpu/crtbegin.o
 *(.init)
 .init          0x0000434c        0x4 c:/freescale/kds_v3/toolchain/bin/../lib/gcc/arm-none-eabi/4.8.4/armv7e-m/fpu/crti.o
                0x0000434c                _init
 .init          0x00004350        0x8 c:/freescale/kds_v3/toolchain/bin/../lib/gcc/arm-none-eabi/4.8.4/armv7e-m/fpu/crtn.o
 *(.fini)
 .fini          0x00004358        0x4 c:/freescale/kds_v3/toolchain/bin/../lib/gcc/arm-none-eabi/4.8.4/armv7e-m/fpu/crti.o
                0x00004358                _fini
 .fini          0x0000435c        0x8 c:/freescale/kds_v3/toolchain/bin/../lib/gcc/arm-none-eabi/4.8.4/armv7e-m/fpu/crtn.o
                0x00004364                . = ALIGN (0x4)

.vfp11_veneer   0x00004364        0x0
 .vfp11_veneer  0x00000000        0x0 linker stubs

.v4_bx          0x00004364        0x0
 .v4_bx         0x00000000        0x0 linker stubs

.iplt           0x00004364        0x0
 .iplt          0x00000000        0x0 c:/freescale/kds_v3/toolchain/bin/../lib/gcc/arm-none-eabi/4.8.4/armv7e-m/fpu/crtbegin.o

.ARM.extab
 *(.ARM.extab* .gnu.linkonce.armextab.*)

.ARM            0x00004364        0x8
                0x00004364                __exidx_start = .
 *(.ARM.exidx*)
 .ARM.exidx     0x00004364        0x8 c:/freescale/kds_v3/toolchain/bin/../lib/gcc/arm-none-eabi/4.8.4/../../../../arm-none-eabi/lib/armv7e-m/fpu/crt0.o
                0x0000436c                __exidx_end = .

.rel.dyn        0x0000436c        0x0
 .rel.iplt      0x00000000        0x0 c:/freescale/kds_v3/toolchain/bin/../lib/gcc/arm-none-eabi/4.8.4/armv7e-m/fpu/crtbegin.o

.ctors          0x0000436c        0x0
                0x0000436c                __CTOR_LIST__ = .
 *crtbegin.o(.ctors)
 *crtbegin?.o(.ctors)
 *(EXCLUDE_FILE(*crtend.o *crtend?.o) .ctors)
 *(SORT(.ctors.*))
 *(.ctors)
                0x0000436c                __CTOR_END__ = .

.dtors          0x0000436c        0x0
                0x0000436c                __DTOR_LIST__ = .
 *crtbegin.o(.dtors)
 *crtbegin?.o(.dtors)
 *(EXCLUDE_FILE(*crtend.o *crtend?.o) .dtors)
 *(SORT(.dtors.*))
 *(.dtors)
                0x0000436c                __DTOR_END__ = .

.preinit_array  0x0000436c        0x0
                0x0000436c                PROVIDE (__preinit_array_start, .)
 *(.preinit_array*)
                0x0000436c                PROVIDE (__preinit_array_end, .)

.init_array     0x0000436c        0x4
                0x0000436c                PROVIDE (__init_array_start, .)
 *(SORT(.init_array.*))
 *(.init_array*)
 .init_array    0x0000436c        0x4 c:/freescale/kds_v3/toolchain/bin/../lib/gcc/arm-none-eabi/4.8.4/armv7e-m/fpu/crtbegin.o
                0x00004370                PROVIDE (__init_array_end, .)

.fini_array     0x00004370        0x4
                0x00004370                PROVIDE (__fini_array_start, .)
 *(SORT(.fini_array.*))
 *(.fini_array*)
 .fini_array    0x00004370        0x4 c:/freescale/kds_v3/toolchain/bin/../lib/gcc/arm-none-eabi/4.8.4/armv7e-m/fpu/crtbegin.o
                0x00004374                PROVIDE (__fini_array_end, .)
                0x00004374                __etext = .
                0x00004374                __DATA_ROM = .

.data           0x1fff0000       0xbc load address 0x00004374
                0x1fff0000                . = ALIGN (0x4)
                0x1fff0000                __DATA_RAM = .
                0x1fff0000                __data_start__ = .
 *(.data)
 *(.data*)
 .data.SystemCoreClock
                0x1fff0000        0x4 ./startup/system_MK64F12.o
                0x1fff0000                SystemCoreClock
 .data.g_tipString
                0x1fff0004       0x48 ./source/uart_edma_transfer.o
                0x1fff0004                g_tipString
 .data.rxBufferEmpty
                0x1fff004c        0x1 ./source/uart_edma_transfer.o
                0x1fff004c                rxBufferEmpty
 *fill*         0x1fff004d        0x3 
 .data.s_slowIrcFreq
                0x1fff0050        0x4 ./drivers/fsl_clock.o
 .data.s_fastIrcFreq
                0x1fff0054        0x4 ./drivers/fsl_clock.o
 .data.impure_data
                0x1fff0058       0x60 c:/freescale/kds_v3/toolchain/bin/../lib/gcc/arm-none-eabi/4.8.4/../../../../arm-none-eabi/lib/armv7e-m/fpu\libg_s.a(lib_a-impure.o)
 *(.jcr*)
 .jcr           0x1fff00b8        0x0 c:/freescale/kds_v3/toolchain/bin/../lib/gcc/arm-none-eabi/4.8.4/armv7e-m/fpu/crtbegin.o
 .jcr           0x1fff00b8        0x4 c:/freescale/kds_v3/toolchain/bin/../lib/gcc/arm-none-eabi/4.8.4/armv7e-m/fpu/crtend.o
                0x1fff00bc                . = ALIGN (0x4)
                0x1fff00bc                __data_end__ = .
                0x00004430                __DATA_END = (__DATA_ROM + (__data_end__ - __data_start__))
                0x00100000                text_end = (ORIGIN (m_text) + 0xffbf0)
                0x00000001                ASSERT ((__DATA_END <= text_end), region m_text overflowed with text and data)

.igot.plt       0x1fff00bc        0x0 load address 0x00004430
 .igot.plt      0x00000000        0x0 c:/freescale/kds_v3/toolchain/bin/../lib/gcc/arm-none-eabi/4.8.4/armv7e-m/fpu/crtbegin.o

.bss            0x1fff00bc      0x11c load address 0x00004430
                0x1fff00bc                . = ALIGN (0x4)
                0x1fff00bc                __START_BSS = .
                0x1fff00bc                __bss_start__ = .
 *(.bss)
 .bss           0x1fff00bc       0x1c c:/freescale/kds_v3/toolchain/bin/../lib/gcc/arm-none-eabi/4.8.4/armv7e-m/fpu/crtbegin.o
 *(.bss*)
 .bss.s_debugConsoleIO
                0x1fff00d8        0x8 ./utilities/fsl_io.o
 .bss.g_uartEdmaHandle
                0x1fff00e0       0x1c ./source/uart_edma_transfer.o
                0x1fff00e0                g_uartEdmaHandle
 .bss.g_uartTxEdmaHandle
                0x1fff00fc       0x18 ./source/uart_edma_transfer.o
                0x1fff00fc                g_uartTxEdmaHandle
 .bss.g_uartRxEdmaHandle
                0x1fff0114       0x18 ./source/uart_edma_transfer.o
                0x1fff0114                g_uartRxEdmaHandle
 .bss.g_txBuffer
                0x1fff012c        0x8 ./source/uart_edma_transfer.o
                0x1fff012c                g_txBuffer
 .bss.g_rxBuffer
                0x1fff0134        0x8 ./source/uart_edma_transfer.o
                0x1fff0134                g_rxBuffer
 .bss.txBufferFull
                0x1fff013c        0x1 ./source/uart_edma_transfer.o
                0x1fff013c                txBufferFull
 .bss.txOnGoing
                0x1fff013d        0x1 ./source/uart_edma_transfer.o
                0x1fff013d                txOnGoing
 .bss.rxOnGoing
                0x1fff013e        0x1 ./source/uart_edma_transfer.o
                0x1fff013e                rxOnGoing
 *fill*         0x1fff013f        0x1 
 .bss.g_xtal0Freq
                0x1fff0140        0x4 ./drivers/fsl_clock.o
                0x1fff0140                g_xtal0Freq
 .bss.g_xtal32Freq
                0x1fff0144        0x4 ./drivers/fsl_clock.o
                0x1fff0144                g_xtal32Freq
 .bss.s_EDMAHandle
                0x1fff0148       0x40 ./drivers/fsl_edma.o
 .bss.StartInstanceNum.7174
                0x1fff0188        0x1 ./drivers/fsl_edma.o
 *fill*         0x1fff0189        0x3 
 .bss.s_uartHandle
                0x1fff018c       0x18 ./drivers/fsl_uart.o
 .bss.s_uartIsr
                0x1fff01a4        0x4 ./drivers/fsl_uart.o
 .bss.s_edmaPrivateHandle
                0x1fff01a8       0x30 ./drivers/fsl_uart_edma.o
 *(COMMON)
                0x1fff01d8                . = ALIGN (0x4)
                0x1fff01d8                __bss_end__ = .
                0x1fff01d8                __END_BSS = .

.heap           0x20000000      0x400
                0x20000000                . = ALIGN (0x8)
                0x20000000                __end__ = .
                0x20000000                PROVIDE (end, .)
                0x20000000                __HeapBase = .
                0x20000400                . = (. + HEAP_SIZE)
 *fill*         0x20000000      0x400 
                0x20000400                __HeapLimit = .
                0x20000400                __heap_limit = .

.stack          0x20000400      0x400
                0x20000400                . = ALIGN (0x8)
                0x20000800                . = (. + STACK_SIZE)
 *fill*         0x20000400      0x400 
                0x20030000                __StackTop = (ORIGIN (m_data_2) + 0x30000)
                0x2002fc00                __StackLimit = (__StackTop - STACK_SIZE)
                0x20030000                PROVIDE (__stack, __StackTop)

.ARM.attributes
                0x00000000       0x30
 *(.ARM.attributes)
 .ARM.attributes
                0x00000000       0x22 c:/freescale/kds_v3/toolchain/bin/../lib/gcc/arm-none-eabi/4.8.4/armv7e-m/fpu/crti.o
 .ARM.attributes
                0x00000022       0x34 c:/freescale/kds_v3/toolchain/bin/../lib/gcc/arm-none-eabi/4.8.4/armv7e-m/fpu/crtbegin.o
 .ARM.attributes
                0x00000056       0x20 c:/freescale/kds_v3/toolchain/bin/../lib/gcc/arm-none-eabi/4.8.4/../../../../arm-none-eabi/lib/armv7e-m/fpu/crt0.o
 .ARM.attributes
                0x00000076       0x39 ./utilities/fsl_assert.o
 .ARM.attributes
                0x000000af       0x39 ./utilities/fsl_debug_console.o
 .ARM.attributes
                0x000000e8       0x39 ./utilities/fsl_io.o
 .ARM.attributes
                0x00000121       0x39 ./utilities/fsl_log.o
 .ARM.attributes
                0x0000015a       0x39 ./utilities/fsl_str.o
 .ARM.attributes
                0x00000193       0x1f ./startup/startup_MK64F12.o
 .ARM.attributes
                0x000001b2       0x39 ./startup/system_MK64F12.o
 .ARM.attributes
                0x000001eb       0x39 ./source/uart_edma_transfer.o
 .ARM.attributes
                0x00000224       0x39 ./drivers/fsl_clock.o
 .ARM.attributes
                0x0000025d       0x39 ./drivers/fsl_dmamux.o
 .ARM.attributes
                0x00000296       0x39 ./drivers/fsl_edma.o
 .ARM.attributes
                0x000002cf       0x39 ./drivers/fsl_uart.o
 .ARM.attributes
                0x00000308       0x39 ./drivers/fsl_uart_edma.o
 .ARM.attributes
                0x00000341       0x39 ./board/clock_config.o
 .ARM.attributes
                0x0000037a       0x39 ./board/pin_mux.o
 .ARM.attributes
                0x000003b3       0x34 c:/freescale/kds_v3/toolchain/bin/../lib/gcc/arm-none-eabi/4.8.4/../../../../arm-none-eabi/lib/armv7e-m/fpu\libg_s.a(lib_a-exit.o)
 .ARM.attributes
                0x000003e7       0x34 c:/freescale/kds_v3/toolchain/bin/../lib/gcc/arm-none-eabi/4.8.4/../../../../arm-none-eabi/lib/armv7e-m/fpu\libg_s.a(lib_a-impure.o)
 .ARM.attributes
                0x0000041b       0x34 c:/freescale/kds_v3/toolchain/bin/../lib/gcc/arm-none-eabi/4.8.4/../../../../arm-none-eabi/lib/armv7e-m/fpu\libg_s.a(lib_a-init.o)
 .ARM.attributes
                0x0000044f       0x34 c:/freescale/kds_v3/toolchain/bin/../lib/gcc/arm-none-eabi/4.8.4/../../../../arm-none-eabi/lib/armv7e-m/fpu\libg_s.a(lib_a-memcpy-stub.o)
 .ARM.attributes
                0x00000483       0x34 c:/freescale/kds_v3/toolchain/bin/../lib/gcc/arm-none-eabi/4.8.4/../../../../arm-none-eabi/lib/armv7e-m/fpu\libg_s.a(lib_a-memset.o)
 .ARM.attributes
                0x000004b7       0x34 c:/freescale/kds_v3/toolchain/bin/../lib/gcc/arm-none-eabi/4.8.4/../../../../arm-none-eabi/lib/armv7e-m/fpu\libg_s.a(lib_a-strlen.o)
 .ARM.attributes
                0x000004eb       0x34 c:/freescale/kds_v3/toolchain/bin/../lib/gcc/arm-none-eabi/4.8.4/../../../../arm-none-eabi/lib/armv7e-m/fpu\libnosys.a(_exit.o)
 .ARM.attributes
                0x0000051f       0x34 c:/freescale/kds_v3/toolchain/bin/../lib/gcc/arm-none-eabi/4.8.4/armv7e-m/fpu/crtend.o
 .ARM.attributes
                0x00000553       0x22 c:/freescale/kds_v3/toolchain/bin/../lib/gcc/arm-none-eabi/4.8.4/armv7e-m/fpu/crtn.o
                0x00000001                ASSERT ((__StackLimit >= __HeapLimit), region m_data_2 overflowed with stack and heap)
OUTPUT(uart_edma_transfer_frdmk64f.elf elf32-littlearm)

.debug_info     0x00000000     0xb277
 .debug_info    0x00000000      0x10c ./utilities/fsl_assert.o
 .debug_info    0x0000010c      0x3f5 ./utilities/fsl_debug_console.o
 .debug_info    0x00000501      0x803 ./utilities/fsl_io.o
 .debug_info    0x00000d04      0x36b ./utilities/fsl_log.o
 .debug_info    0x0000106f      0x4ee ./utilities/fsl_str.o
 .debug_info    0x0000155d       0xab ./startup/startup_MK64F12.o
 .debug_info    0x00001608      0x5e4 ./startup/system_MK64F12.o
 .debug_info    0x00001bec     0x10f1 ./source/uart_edma_transfer.o
 .debug_info    0x00002cdd     0x1eff ./drivers/fsl_clock.o
 .debug_info    0x00004bdc      0x603 ./drivers/fsl_dmamux.o
 .debug_info    0x000051df     0x232f ./drivers/fsl_edma.o
 .debug_info    0x0000750e     0x1bf6 ./drivers/fsl_uart.o
 .debug_info    0x00009104     0x1115 ./drivers/fsl_uart_edma.o
 .debug_info    0x0000a219      0xa1d ./board/clock_config.o
 .debug_info    0x0000ac36      0x641 ./board/pin_mux.o

.debug_abbrev   0x00000000     0x1a68
 .debug_abbrev  0x00000000       0x97 ./utilities/fsl_assert.o
 .debug_abbrev  0x00000097      0x184 ./utilities/fsl_debug_console.o
 .debug_abbrev  0x0000021b      0x1f0 ./utilities/fsl_io.o
 .debug_abbrev  0x0000040b      0x16e ./utilities/fsl_log.o
 .debug_abbrev  0x00000579      0x17b ./utilities/fsl_str.o
 .debug_abbrev  0x000006f4       0x14 ./startup/startup_MK64F12.o
 .debug_abbrev  0x00000708      0x12d ./startup/system_MK64F12.o
 .debug_abbrev  0x00000835      0x204 ./source/uart_edma_transfer.o
 .debug_abbrev  0x00000a39      0x2cf ./drivers/fsl_clock.o
 .debug_abbrev  0x00000d08      0x165 ./drivers/fsl_dmamux.o
 .debug_abbrev  0x00000e6d      0x371 ./drivers/fsl_edma.o
 .debug_abbrev  0x000011de      0x2dc ./drivers/fsl_uart.o
 .debug_abbrev  0x000014ba      0x26a ./drivers/fsl_uart_edma.o
 .debug_abbrev  0x00001724      0x1e3 ./board/clock_config.o
 .debug_abbrev  0x00001907      0x161 ./board/pin_mux.o

.debug_aranges  0x00000000      0x888
 .debug_aranges
                0x00000000       0x20 ./utilities/fsl_assert.o
 .debug_aranges
                0x00000020       0x68 ./utilities/fsl_debug_console.o
 .debug_aranges
                0x00000088       0x48 ./utilities/fsl_io.o
 .debug_aranges
                0x000000d0       0x58 ./utilities/fsl_log.o
 .debug_aranges
                0x00000128       0x38 ./utilities/fsl_str.o
 .debug_aranges
                0x00000160       0x20 ./startup/startup_MK64F12.o
 .debug_aranges
                0x00000180       0x30 ./startup/system_MK64F12.o
 .debug_aranges
                0x000001b0       0x38 ./source/uart_edma_transfer.o
 .debug_aranges
                0x000001e8      0x1e8 ./drivers/fsl_clock.o
 .debug_aranges
                0x000003d0       0x40 ./drivers/fsl_dmamux.o
 .debug_aranges
                0x00000410      0x210 ./drivers/fsl_edma.o
 .debug_aranges
                0x00000620      0x170 ./drivers/fsl_uart.o
 .debug_aranges
                0x00000790       0x78 ./drivers/fsl_uart_edma.o
 .debug_aranges
                0x00000808       0x50 ./board/clock_config.o
 .debug_aranges
                0x00000858       0x30 ./board/pin_mux.o

.debug_ranges   0x00000000      0x788
 .debug_ranges  0x00000000       0x10 ./utilities/fsl_assert.o
 .debug_ranges  0x00000010       0x58 ./utilities/fsl_debug_console.o
 .debug_ranges  0x00000068       0x38 ./utilities/fsl_io.o
 .debug_ranges  0x000000a0       0x48 ./utilities/fsl_log.o
 .debug_ranges  0x000000e8       0x28 ./utilities/fsl_str.o
 .debug_ranges  0x00000110       0x20 ./startup/system_MK64F12.o
 .debug_ranges  0x00000130       0x28 ./source/uart_edma_transfer.o
 .debug_ranges  0x00000158      0x1d8 ./drivers/fsl_clock.o
 .debug_ranges  0x00000330       0x30 ./drivers/fsl_dmamux.o
 .debug_ranges  0x00000360      0x200 ./drivers/fsl_edma.o
 .debug_ranges  0x00000560      0x160 ./drivers/fsl_uart.o
 .debug_ranges  0x000006c0       0x68 ./drivers/fsl_uart_edma.o
 .debug_ranges  0x00000728       0x40 ./board/clock_config.o
 .debug_ranges  0x00000768       0x20 ./board/pin_mux.o

.debug_line     0x00000000     0x3654
 .debug_line    0x00000000      0x166 ./utilities/fsl_assert.o
 .debug_line    0x00000166      0x225 ./utilities/fsl_debug_console.o
 .debug_line    0x0000038b      0x22a ./utilities/fsl_io.o
 .debug_line    0x000005b5      0x242 ./utilities/fsl_log.o
 .debug_line    0x000007f7      0x3e7 ./utilities/fsl_str.o
 .debug_line    0x00000bde      0x198 ./startup/startup_MK64F12.o
 .debug_line    0x00000d76      0x165 ./startup/system_MK64F12.o
 .debug_line    0x00000edb      0x258 ./source/uart_edma_transfer.o
 .debug_line    0x00001133      0x908 ./drivers/fsl_clock.o
 .debug_line    0x00001a3b      0x194 ./drivers/fsl_dmamux.o
 .debug_line    0x00001bcf      0xa78 ./drivers/fsl_edma.o
 .debug_line    0x00002647      0x915 ./drivers/fsl_uart.o
 .debug_line    0x00002f5c      0x34e ./drivers/fsl_uart_edma.o
 .debug_line    0x000032aa      0x20d ./board/clock_config.o
 .debug_line    0x000034b7      0x19d ./board/pin_mux.o

.debug_str      0x00000000     0x546a
 .debug_str     0x00000000      0x1ec ./utilities/fsl_assert.o
                                0x232 (size before relaxing)
 .debug_str     0x000001ec      0x25f ./utilities/fsl_debug_console.o
                                0x446 (size before relaxing)
 .debug_str     0x0000044b      0x9e9 ./utilities/fsl_io.o
                                0xcac (size before relaxing)
 .debug_str     0x00000e34       0xa6 ./utilities/fsl_log.o
                                0x381 (size before relaxing)
 .debug_str     0x00000eda      0x1e4 ./utilities/fsl_str.o
                                0x45b (size before relaxing)
 .debug_str     0x000010be      0x206 ./startup/system_MK64F12.o
                                0x3d9 (size before relaxing)
 .debug_str     0x000012c4      0xdc5 ./source/uart_edma_transfer.o
                               0x17a6 (size before relaxing)
 .debug_str     0x00002089     0x1236 ./drivers/fsl_clock.o
                               0x1ccf (size before relaxing)
 .debug_str     0x000032bf       0x8b ./drivers/fsl_dmamux.o
                                0xa8e (size before relaxing)
 .debug_str     0x0000334a     0x12aa ./drivers/fsl_edma.o
                               0x204b (size before relaxing)
 .debug_str     0x000045f4      0x7d9 ./drivers/fsl_uart.o
                               0x1e2b (size before relaxing)
 .debug_str     0x00004dcd      0x1f2 ./drivers/fsl_uart_edma.o
                               0x10f3 (size before relaxing)
 .debug_str     0x00004fbf      0x30d ./board/clock_config.o
                                0xeb8 (size before relaxing)
 .debug_str     0x000052cc      0x19e ./board/pin_mux.o
                                0x6ee (size before relaxing)

.comment        0x00000000       0x70
 .comment       0x00000000       0x70 ./utilities/fsl_assert.o
                                 0x71 (size before relaxing)
 .comment       0x00000000       0x71 ./utilities/fsl_debug_console.o
 .comment       0x00000000       0x71 ./utilities/fsl_io.o
 .comment       0x00000000       0x71 ./utilities/fsl_log.o
 .comment       0x00000000       0x71 ./utilities/fsl_str.o
 .comment       0x00000000       0x71 ./startup/system_MK64F12.o
 .comment       0x00000000       0x71 ./source/uart_edma_transfer.o
 .comment       0x00000000       0x71 ./drivers/fsl_clock.o
 .comment       0x00000000       0x71 ./drivers/fsl_dmamux.o
 .comment       0x00000000       0x71 ./drivers/fsl_edma.o
 .comment       0x00000000       0x71 ./drivers/fsl_uart.o
 .comment       0x00000000       0x71 ./drivers/fsl_uart_edma.o
 .comment       0x00000000       0x71 ./board/clock_config.o
 .comment       0x00000000       0x71 ./board/pin_mux.o

.debug_frame    0x00000000     0x1c4c
 .debug_frame   0x00000000       0x30 ./utilities/fsl_assert.o
 .debug_frame   0x00000030      0x15c ./utilities/fsl_debug_console.o
 .debug_frame   0x0000018c       0xc0 ./utilities/fsl_io.o
 .debug_frame   0x0000024c      0x108 ./utilities/fsl_log.o
 .debug_frame   0x00000354       0x8c ./utilities/fsl_str.o
 .debug_frame   0x000003e0       0x60 ./startup/system_MK64F12.o
 .debug_frame   0x00000440       0x8c ./source/uart_edma_transfer.o
 .debug_frame   0x000004cc      0x6ac ./drivers/fsl_clock.o
 .debug_frame   0x00000b78       0xa8 ./drivers/fsl_dmamux.o
 .debug_frame   0x00000c20      0x774 ./drivers/fsl_edma.o
 .debug_frame   0x00001394      0x51c ./drivers/fsl_uart.o
 .debug_frame   0x000018b0      0x18c ./drivers/fsl_uart_edma.o
 .debug_frame   0x00001a3c       0xd0 ./board/clock_config.o
 .debug_frame   0x00001b0c       0x64 ./board/pin_mux.o
 .debug_frame   0x00001b70       0x28 c:/freescale/kds_v3/toolchain/bin/../lib/gcc/arm-none-eabi/4.8.4/../../../../arm-none-eabi/lib/armv7e-m/fpu\libg_s.a(lib_a-exit.o)
 .debug_frame   0x00001b98       0x2c c:/freescale/kds_v3/toolchain/bin/../lib/gcc/arm-none-eabi/4.8.4/../../../../arm-none-eabi/lib/armv7e-m/fpu\libg_s.a(lib_a-init.o)
 .debug_frame   0x00001bc4       0x28 c:/freescale/kds_v3/toolchain/bin/../lib/gcc/arm-none-eabi/4.8.4/../../../../arm-none-eabi/lib/armv7e-m/fpu\libg_s.a(lib_a-memcpy-stub.o)
 .debug_frame   0x00001bec       0x20 c:/freescale/kds_v3/toolchain/bin/../lib/gcc/arm-none-eabi/4.8.4/../../../../arm-none-eabi/lib/armv7e-m/fpu\libg_s.a(lib_a-memset.o)
 .debug_frame   0x00001c0c       0x20 c:/freescale/kds_v3/toolchain/bin/../lib/gcc/arm-none-eabi/4.8.4/../../../../arm-none-eabi/lib/armv7e-m/fpu\libg_s.a(lib_a-strlen.o)
 .debug_frame   0x00001c2c       0x20 c:/freescale/kds_v3/toolchain/bin/../lib/gcc/arm-none-eabi/4.8.4/../../../../arm-none-eabi/lib/armv7e-m/fpu\libnosys.a(_exit.o)
