Archive member included because of file (symbol)

c:/freescale/kds_v3/toolchain/bin/../lib/gcc/arm-none-eabi/4.8.4/../../../../arm-none-eabi/lib/armv7e-m/fpu\libg_s.a(lib_a-errno.o)
                              ./utilities/fsl_sbrk.o (__errno)
c:/freescale/kds_v3/toolchain/bin/../lib/gcc/arm-none-eabi/4.8.4/../../../../arm-none-eabi/lib/armv7e-m/fpu\libg_s.a(lib_a-exit.o)
                              c:/freescale/kds_v3/toolchain/bin/../lib/gcc/arm-none-eabi/4.8.4/../../../../arm-none-eabi/lib/armv7e-m/fpu/crt0.o (exit)
c:/freescale/kds_v3/toolchain/bin/../lib/gcc/arm-none-eabi/4.8.4/../../../../arm-none-eabi/lib/armv7e-m/fpu\libg_s.a(lib_a-impure.o)
                              c:/freescale/kds_v3/toolchain/bin/../lib/gcc/arm-none-eabi/4.8.4/../../../../arm-none-eabi/lib/armv7e-m/fpu\libg_s.a(lib_a-exit.o) (_global_impure_ptr)
c:/freescale/kds_v3/toolchain/bin/../lib/gcc/arm-none-eabi/4.8.4/../../../../arm-none-eabi/lib/armv7e-m/fpu\libg_s.a(lib_a-init.o)
                              c:/freescale/kds_v3/toolchain/bin/../lib/gcc/arm-none-eabi/4.8.4/../../../../arm-none-eabi/lib/armv7e-m/fpu/crt0.o (__libc_init_array)
c:/freescale/kds_v3/toolchain/bin/../lib/gcc/arm-none-eabi/4.8.4/../../../../arm-none-eabi/lib/armv7e-m/fpu\libg_s.a(lib_a-malloc.o)
                              ./drivers/fsl_common.o (malloc)
c:/freescale/kds_v3/toolchain/bin/../lib/gcc/arm-none-eabi/4.8.4/../../../../arm-none-eabi/lib/armv7e-m/fpu\libg_s.a(lib_a-memcmp.o)
                              ./lwip/src/netif/ethernet.o (memcmp)
c:/freescale/kds_v3/toolchain/bin/../lib/gcc/arm-none-eabi/4.8.4/../../../../arm-none-eabi/lib/armv7e-m/fpu\libg_s.a(lib_a-memcpy-stub.o)
                              ./lwip/src/netif/ethernet.o (memcpy)
c:/freescale/kds_v3/toolchain/bin/../lib/gcc/arm-none-eabi/4.8.4/../../../../arm-none-eabi/lib/armv7e-m/fpu\libg_s.a(lib_a-memset.o)
                              c:/freescale/kds_v3/toolchain/bin/../lib/gcc/arm-none-eabi/4.8.4/../../../../arm-none-eabi/lib/armv7e-m/fpu/crt0.o (memset)
c:/freescale/kds_v3/toolchain/bin/../lib/gcc/arm-none-eabi/4.8.4/../../../../arm-none-eabi/lib/armv7e-m/fpu\libg_s.a(lib_a-nano-freer.o)
                              c:/freescale/kds_v3/toolchain/bin/../lib/gcc/arm-none-eabi/4.8.4/../../../../arm-none-eabi/lib/armv7e-m/fpu\libg_s.a(lib_a-malloc.o) (_free_r)
c:/freescale/kds_v3/toolchain/bin/../lib/gcc/arm-none-eabi/4.8.4/../../../../arm-none-eabi/lib/armv7e-m/fpu\libg_s.a(lib_a-nano-mallocr.o)
                              c:/freescale/kds_v3/toolchain/bin/../lib/gcc/arm-none-eabi/4.8.4/../../../../arm-none-eabi/lib/armv7e-m/fpu\libg_s.a(lib_a-malloc.o) (_malloc_r)
c:/freescale/kds_v3/toolchain/bin/../lib/gcc/arm-none-eabi/4.8.4/../../../../arm-none-eabi/lib/armv7e-m/fpu\libg_s.a(lib_a-sbrkr.o)
                              c:/freescale/kds_v3/toolchain/bin/../lib/gcc/arm-none-eabi/4.8.4/../../../../arm-none-eabi/lib/armv7e-m/fpu\libg_s.a(lib_a-nano-mallocr.o) (_sbrk_r)
c:/freescale/kds_v3/toolchain/bin/../lib/gcc/arm-none-eabi/4.8.4/../../../../arm-none-eabi/lib/armv7e-m/fpu\libg_s.a(lib_a-sprintf.o)
                              ./amazon-freertos/FreeRTOS/tasks.o (sprintf)
c:/freescale/kds_v3/toolchain/bin/../lib/gcc/arm-none-eabi/4.8.4/../../../../arm-none-eabi/lib/armv7e-m/fpu\libg_s.a(lib_a-strcpy.o)
                              ./amazon-freertos/FreeRTOS/tasks.o (strcpy)
c:/freescale/kds_v3/toolchain/bin/../lib/gcc/arm-none-eabi/4.8.4/../../../../arm-none-eabi/lib/armv7e-m/fpu\libg_s.a(lib_a-strlen.o)
                              ./utilities/fsl_str.o (strlen)
c:/freescale/kds_v3/toolchain/bin/../lib/gcc/arm-none-eabi/4.8.4/../../../../arm-none-eabi/lib/armv7e-m/fpu\libg_s.a(lib_a-strncmp.o)
                              ./lwip/src/core/def.o (strncmp)
c:/freescale/kds_v3/toolchain/bin/../lib/gcc/arm-none-eabi/4.8.4/../../../../arm-none-eabi/lib/armv7e-m/fpu\libg_s.a(lib_a-svfprintf.o)
                              c:/freescale/kds_v3/toolchain/bin/../lib/gcc/arm-none-eabi/4.8.4/../../../../arm-none-eabi/lib/armv7e-m/fpu\libg_s.a(lib_a-sprintf.o) (_svfprintf_r)
c:/freescale/kds_v3/toolchain/bin/../lib/gcc/arm-none-eabi/4.8.4/../../../../arm-none-eabi/lib/armv7e-m/fpu\libg_s.a(lib_a-vfprintf_i.o)
                              c:/freescale/kds_v3/toolchain/bin/../lib/gcc/arm-none-eabi/4.8.4/../../../../arm-none-eabi/lib/armv7e-m/fpu\libg_s.a(lib_a-svfprintf.o) (_printf_i)
c:/freescale/kds_v3/toolchain/bin/../lib/gcc/arm-none-eabi/4.8.4/../../../../arm-none-eabi/lib/armv7e-m/fpu\libg_s.a(lib_a-memchr-stub.o)
                              c:/freescale/kds_v3/toolchain/bin/../lib/gcc/arm-none-eabi/4.8.4/../../../../arm-none-eabi/lib/armv7e-m/fpu\libg_s.a(lib_a-svfprintf.o) (memchr)
c:/freescale/kds_v3/toolchain/bin/../lib/gcc/arm-none-eabi/4.8.4/../../../../arm-none-eabi/lib/armv7e-m/fpu\libg_s.a(lib_a-memmove.o)
[...]
Memory Configuration

Name             Origin             Length             Attributes
m_interrupts     0x00000000         0x00000400         xr
m_flash_config   0x00000400         0x00000010         xr
m_text           0x00000410         0x000ffbf0         xr
m_data           0x1fff0000         0x00010000         rw
m_data_2         0x20000000         0x00030000         rw
*default*        0x00000000         0xffffffff

Linker script and memory map

LOAD c:/freescale/kds_v3/toolchain/bin/../lib/gcc/arm-none-eabi/4.8.4/armv7e-m/fpu/crti.o
LOAD c:/freescale/kds_v3/toolchain/bin/../lib/gcc/arm-none-eabi/4.8.4/armv7e-m/fpu/crtbegin.o
LOAD c:/freescale/kds_v3/toolchain/bin/../lib/gcc/arm-none-eabi/4.8.4/../../../../arm-none-eabi/lib/armv7e-m/fpu/crt0.o
START GROUP
LOAD ./utilities/fsl_assert.o
LOAD ./utilities/fsl_debug_console.o
LOAD ./utilities/fsl_io.o
LOAD ./utilities/fsl_log.o
LOAD ./utilities/fsl_sbrk.o
LOAD ./utilities/fsl_str.o
LOAD ./startup/startup_MK64F12.o
LOAD ./startup/system_MK64F12.o
LOAD ./source/lwip_tcpecho_freertos.o
LOAD ./source/uart.o
LOAD ./source/uart_polling.o
LOAD ./lwip/src/netif/ppp/auth.o
LOAD ./lwip/src/netif/ppp/ccp.o
LOAD ./lwip/src/netif/ppp/chap-md5.o
LOAD ./lwip/src/netif/ppp/chap-new.o
LOAD ./lwip/src/netif/ppp/chap_ms.o
LOAD ./lwip/src/netif/ppp/demand.o
LOAD ./lwip/src/netif/ppp/eap.o
LOAD ./lwip/src/netif/ppp/eui64.o
LOAD ./lwip/src/netif/ppp/fsm.o
LOAD ./lwip/src/netif/ppp/ipcp.o
LOAD ./lwip/src/netif/ppp/ipv6cp.o
LOAD ./lwip/src/netif/ppp/lcp.o
LOAD ./lwip/src/netif/ppp/lwip_ecp.o
LOAD ./lwip/src/netif/ppp/magic.o
LOAD ./lwip/src/netif/ppp/mppe.o
LOAD ./lwip/src/netif/ppp/multilink.o
LOAD ./lwip/src/netif/ppp/ppp.o
LOAD ./lwip/src/netif/ppp/pppapi.o
LOAD ./lwip/src/netif/ppp/pppcrypt.o
LOAD ./lwip/src/netif/ppp/pppoe.o
LOAD ./lwip/src/netif/ppp/pppol2tp.o
LOAD ./lwip/src/netif/ppp/pppos.o
LOAD ./lwip/src/netif/ppp/upap.o
LOAD ./lwip/src/netif/ppp/utils.o
LOAD ./lwip/src/netif/ppp/vj.o
LOAD ./lwip/src/netif/ethernet.o
LOAD ./lwip/src/netif/lowpan6.o
LOAD ./lwip/src/netif/slipif.o
LOAD ./lwip/src/core/ipv6/dhcp6.o
LOAD ./lwip/src/core/ipv6/ethip6.o
LOAD ./lwip/src/core/ipv6/icmp6.o
LOAD ./lwip/src/core/ipv6/inet6.o
LOAD ./lwip/src/core/ipv6/ip6.o
LOAD ./lwip/src/core/ipv6/ip6_addr.o
LOAD ./lwip/src/core/ipv6/ip6_frag.o
LOAD ./lwip/src/core/ipv6/mld6.o
LOAD ./lwip/src/core/ipv6/nd6.o
LOAD ./lwip/src/core/ipv4/autoip.o
LOAD ./lwip/src/core/ipv4/dhcp.o
LOAD ./lwip/src/core/ipv4/etharp.o
LOAD ./lwip/src/core/ipv4/icmp.o
LOAD ./lwip/src/core/ipv4/igmp.o
LOAD ./lwip/src/core/ipv4/ip4.o
LOAD ./lwip/src/core/ipv4/ip4_addr.o
LOAD ./lwip/src/core/ipv4/ip4_frag.o
LOAD ./lwip/src/core/def.o
LOAD ./lwip/src/core/dns.o
LOAD ./lwip/src/core/inet_chksum.o
LOAD ./lwip/src/core/init.o
LOAD ./lwip/src/core/ip.o
LOAD ./lwip/src/core/mem.o
LOAD ./lwip/src/core/memp.o
LOAD ./lwip/src/core/netif.o
LOAD ./lwip/src/core/pbuf.o
LOAD ./lwip/src/core/raw.o
LOAD ./lwip/src/core/stats.o
LOAD ./lwip/src/core/sys.o
LOAD ./lwip/src/core/tcp.o
LOAD ./lwip/src/core/tcp_in.o
LOAD ./lwip/src/core/tcp_out.o
LOAD ./lwip/src/core/timeouts.o
LOAD ./lwip/src/core/udp.o
LOAD ./lwip/src/api/api_lib.o
LOAD ./lwip/src/api/api_msg.o
LOAD ./lwip/src/api/err.o
LOAD ./lwip/src/api/netbuf.o
LOAD ./lwip/src/api/netdb.o
LOAD ./lwip/src/api/netifapi.o
LOAD ./lwip/src/api/sockets.o
LOAD ./lwip/src/api/tcpip.o
LOAD ./lwip/port/ethernetif.o
LOAD ./lwip/port/sys_arch.o
LOAD ./lwip/contrib/apps/tcpecho/tcpecho.o
LOAD ./drivers/fsl_clock.o
LOAD ./drivers/fsl_common.o
LOAD ./drivers/fsl_dmamux.o
LOAD ./drivers/fsl_edma.o
LOAD ./drivers/fsl_enet.o
LOAD ./drivers/fsl_flash.o
LOAD ./drivers/fsl_gpio.o
LOAD ./drivers/fsl_sim.o
LOAD ./drivers/fsl_smc.o
LOAD ./drivers/fsl_uart.o
LOAD ./drivers/fsl_uart_edma.o
LOAD ./board/board.o
LOAD ./board/clock_config.o
LOAD ./board/fsl_phy.o
LOAD ./board/pin_mux.o
LOAD ./amazon-freertos/portable/fsl_tickless_systick.o
LOAD ./amazon-freertos/FreeRTOS/portable/heap_3.o
LOAD ./amazon-freertos/FreeRTOS/portable/port.o
LOAD ./amazon-freertos/FreeRTOS/event_groups.o
LOAD ./amazon-freertos/FreeRTOS/list.o
LOAD ./amazon-freertos/FreeRTOS/queue.o
LOAD ./amazon-freertos/FreeRTOS/stream_buffer.o
LOAD ./amazon-freertos/FreeRTOS/tasks.o
LOAD ./amazon-freertos/FreeRTOS/timers.o
LOAD c:/freescale/kds_v3/toolchain/bin/../lib/gcc/arm-none-eabi/4.8.4/../../../../arm-none-eabi/lib/armv7e-m/fpu\libg_s.a
LOAD c:/freescale/kds_v3/toolchain/bin/../lib/gcc/arm-none-eabi/4.8.4/armv7e-m/fpu\libgcc.a
LOAD c:/freescale/kds_v3/toolchain/bin/../lib/gcc/arm-none-eabi/4.8.4/../../../../arm-none-eabi/lib/armv7e-m/fpu\libnosys.a
END GROUP
LOAD c:/freescale/kds_v3/toolchain/bin/../lib/gcc/arm-none-eabi/4.8.4/../../../../arm-none-eabi/lib/armv7e-m/fpu\libstdc++_s.a
LOAD c:/freescale/kds_v3/toolchain/bin/../lib/gcc/arm-none-eabi/4.8.4/../../../../arm-none-eabi/lib/armv7e-m/fpu\libm.a
START GROUP
LOAD c:/freescale/kds_v3/toolchain/bin/../lib/gcc/arm-none-eabi/4.8.4/armv7e-m/fpu\libgcc.a
LOAD c:/freescale/kds_v3/toolchain/bin/../lib/gcc/arm-none-eabi/4.8.4/../../../../arm-none-eabi/lib/armv7e-m/fpu\libg_s.a
LOAD c:/freescale/kds_v3/toolchain/bin/../lib/gcc/arm-none-eabi/4.8.4/../../../../arm-none-eabi/lib/armv7e-m/fpu\libc_s.a
END GROUP
START GROUP
LOAD c:/freescale/kds_v3/toolchain/bin/../lib/gcc/arm-none-eabi/4.8.4/armv7e-m/fpu\libgcc.a
LOAD c:/freescale/kds_v3/toolchain/bin/../lib/gcc/arm-none-eabi/4.8.4/../../../../arm-none-eabi/lib/armv7e-m/fpu\libc_s.a
END GROUP
LOAD c:/freescale/kds_v3/toolchain/bin/../lib/gcc/arm-none-eabi/4.8.4/armv7e-m/fpu/crtend.o
LOAD c:/freescale/kds_v3/toolchain/bin/../lib/gcc/arm-none-eabi/4.8.4/armv7e-m/fpu/crtn.o
                0x00006400                HEAP_SIZE = DEFINED (__heap_size__)?__heap_size__:0x6400
                0x000003e8                STACK_SIZE = DEFINED (__stack_size__)?__stack_size__:0x3e8

.interrupts     0x00000000      0x400
                0x00000000                . = ALIGN (0x4)
 *(.isr_vector)
 .isr_vector    0x00000000      0x400 ./startup/startup_MK64F12.o
                0x00000000                __isr_vector
                0x00000400                . = ALIGN (0x4)

.flash_config   0x00000400       0x10
                0x00000400                . = ALIGN (0x4)
 *(.FlashConfig)
 .FlashConfig   0x00000400       0x10 ./startup/startup_MK64F12.o
                0x00000410                . = ALIGN (0x4)

.text           0x00000410    0x1903c
                0x00000410                . = ALIGN (0x4)
 *(.text)
 .text          0x00000410       0x54 c:/freescale/kds_v3/toolchain/bin/../lib/gcc/arm-none-eabi/4.8.4/armv7e-m/fpu/crtbegin.o
 .text          0x00000464       0x74 c:/freescale/kds_v3/toolchain/bin/../lib/gcc/arm-none-eabi/4.8.4/../../../../arm-none-eabi/lib/armv7e-m/fpu/crt0.o
                0x00000464                _start
                0x00000464                _mainCRTStartup
 .text          0x000004d8      0x200 ./startup/startup_MK64F12.o
                0x000004d8                Reset_Handler
                0x00000538                DebugMon_Handler
                0x00000538                PORTC_IRQHandler
                0x00000538                WDOG_EWM_IRQHandler
                0x00000538                SPI1_DriverIRQHandler
                0x00000538                DMA_Error_DriverIRQHandler
                0x00000538                CMP0_IRQHandler
                0x00000538                UART4_ERR_DriverIRQHandler
                0x00000538                I2C0_DriverIRQHandler
                0x00000538                ENET_Transmit_DriverIRQHandler
                0x00000538                UART1_ERR_DriverIRQHandler
                0x00000538                BusFault_Handler
                0x00000538                SDHC_DriverIRQHandler
                0x00000538                PIT0_IRQHandler
                0x00000538                LPTMR0_IRQHandler
                0x00000538                CMP2_IRQHandler
                0x00000538                LLWU_IRQHandler
                0x00000538                I2S0_Tx_DriverIRQHandler
                0x00000538                FTM2_IRQHandler
                0x00000538                ENET_1588_Timer_DriverIRQHandler
                0x00000538                I2C2_DriverIRQHandler
                0x00000538                SWI_IRQHandler
                0x00000538                ADC0_IRQHandler
                0x00000538                UsageFault_Handler
                0x00000538                PORTE_IRQHandler
                0x00000538                CMT_IRQHandler
                0x00000538                FTM3_IRQHandler
                0x00000538                CAN0_DriverIRQHandler
                0x00000538                DefaultISR
                0x00000538                MCM_IRQHandler
                0x00000538                UART5_ERR_DriverIRQHandler
                0x00000538                DAC1_IRQHandler
                0x00000538                CMP1_IRQHandler
                0x00000538                Reserved71_IRQHandler
                0x00000538                PORTD_IRQHandler
                0x00000538                PORTB_IRQHandler
                0x00000538                PORTA_IRQHandler
                0x00000538                UART2_ERR_DriverIRQHandler
                0x00000538                SPI2_DriverIRQHandler
                0x00000538                ADC1_IRQHandler
                0x00000538                FTM0_IRQHandler
                0x00000538                PIT2_IRQHandler
                0x00000538                LVD_LVW_IRQHandler
                0x00000538                PIT1_IRQHandler
                0x00000538                RTC_IRQHandler
                0x00000538                UART3_ERR_DriverIRQHandler
                0x00000538                PDB0_IRQHandler
                0x00000538                UART0_ERR_DriverIRQHandler
                0x00000538                FTM1_IRQHandler
                0x00000538                SPI0_DriverIRQHandler
                0x00000538                ENET_Error_DriverIRQHandler
                0x00000538                PIT3_IRQHandler
                0x00000538                DAC0_IRQHandler
                0x00000538                RTC_Seconds_IRQHandler
                0x00000538                MCG_IRQHandler
                0x00000538                FTFE_IRQHandler
                0x00000538                UART0_LON_DriverIRQHandler
                0x00000538                ENET_Receive_DriverIRQHandler
                0x00000538                I2C1_DriverIRQHandler
                0x00000538                USB0_IRQHandler
                0x00000538                Read_Collision_IRQHandler
                0x00000538                RNG_IRQHandler
                0x00000538                USBDCD_IRQHandler
                0x00000538                I2S0_Rx_DriverIRQHandler
                0x00000538                MemManage_Handler
                0x0000053c                NMI_Handler
                0x00000540                HardFault_Handler
                0x00000550                DMA0_IRQHandler
                0x00000554                DMA1_IRQHandler
                0x00000558                DMA2_IRQHandler
                0x0000055c                DMA3_IRQHandler
                0x00000560                DMA4_IRQHandler
                0x00000564                DMA5_IRQHandler
                0x00000568                DMA6_IRQHandler
                0x0000056c                DMA7_IRQHandler
                0x00000570                DMA8_IRQHandler
                0x00000574                DMA9_IRQHandler
                0x00000578                DMA10_IRQHandler
                0x0000057c                DMA11_IRQHandler
                0x00000580                DMA12_IRQHandler
                0x00000584                DMA13_IRQHandler
                0x00000588                DMA14_IRQHandler
                0x0000058c                DMA15_IRQHandler
                0x00000590                DMA_Error_IRQHandler
                0x00000594                I2C0_IRQHandler
                0x00000598                I2C1_IRQHandler
                0x0000059c                SPI0_IRQHandler
                0x000005a0                SPI1_IRQHandler
                0x000005a4                I2S0_Tx_IRQHandler
                0x000005a8                I2S0_Rx_IRQHandler
                0x000005ac                UART0_LON_IRQHandler
                0x000005b0                UART0_RX_TX_IRQHandler
                0x000005b4                UART0_ERR_IRQHandler
                0x000005b8                UART1_RX_TX_IRQHandler
                0x000005bc                UART1_ERR_IRQHandler
                0x000005c0                UART2_RX_TX_IRQHandler
                0x000005c4                UART2_ERR_IRQHandler
                0x000005c8                UART3_RX_TX_IRQHandler
                0x000005cc                UART3_ERR_IRQHandler
                0x000005d0                SPI2_IRQHandler
                0x000005d4                UART4_RX_TX_IRQHandler
                0x000005d8                UART4_ERR_IRQHandler
                0x000005dc                UART5_RX_TX_IRQHandler
                0x000005e0                UART5_ERR_IRQHandler
                0x000005e4                I2C2_IRQHandler
                0x000005e8                CAN0_ORed_Message_buffer_IRQHandler
                0x000005ec                CAN0_Bus_Off_IRQHandler
                0x000005f0                CAN0_Error_IRQHandler
                0x000005f4                CAN0_Tx_Warning_IRQHandler
                0x000005f8                CAN0_Rx_Warning_IRQHandler
                0x000005fc                CAN0_Wake_Up_IRQHandler
                0x00000600                SDHC_IRQHandler
 .text          0x000006d8       0x38 c:/freescale/kds_v3/toolchain/bin/../lib/gcc/arm-none-eabi/4.8.4/armv7e-m/fpu\libgcc.a(_aeabi_ldivmod.o)
                0x000006d8                __aeabi_ldivmod
 .text          0x00000710       0x2c c:/freescale/kds_v3/toolchain/bin/../lib/gcc/arm-none-eabi/4.8.4/armv7e-m/fpu\libgcc.a(_aeabi_uldivmod.o)
                0x00000710                __aeabi_uldivmod
 .text          0x0000073c       0x60 c:/freescale/kds_v3/toolchain/bin/../lib/gcc/arm-none-eabi/4.8.4/armv7e-m/fpu\libgcc.a(bpabi.o)
                0x0000073c                __gnu_ldivmod_helper
                0x0000076c                __gnu_uldivmod_helper
 .text          0x0000079c        0x4 c:/freescale/kds_v3/toolchain/bin/../lib/gcc/arm-none-eabi/4.8.4/armv7e-m/fpu\libgcc.a(_dvmd_tls.o)
                0x0000079c                __aeabi_idiv0
                0x0000079c                __aeabi_ldiv0
 .text          0x000007a0      0x298 c:/freescale/kds_v3/toolchain/bin/../lib/gcc/arm-none-eabi/4.8.4/armv7e-m/fpu\libgcc.a(_divdi3.o)
                0x000007a0                __divdi3
 .text          0x00000a38      0x284 c:/freescale/kds_v3/toolchain/bin/../lib/gcc/arm-none-eabi/4.8.4/armv7e-m/fpu\libgcc.a(_udivdi3.o)
                0x00000a38                __udivdi3
 *(.text*)
 .text.__assert_func
                0x00000cbc       0x28 ./utilities/fsl_assert.o
                0x00000cbc                __assert_func
 .text.DbgConsole_Init
                0x00000ce4       0x48 ./utilities/fsl_debug_console.o
                0x00000ce4                DbgConsole_Init
 .text.DbgConsole_Printf
                0x00000d2c       0x68 ./utilities/fsl_debug_console.o
                0x00000d2c                DbgConsole_Printf
 .text.DbgConsole_RelocateLog
                0x00000d94       0x60 ./utilities/fsl_debug_console.o
 .text.UART_EnableTx
                0x00000df4       0x40 ./utilities/fsl_io.o
 .text.UART_EnableRx
                0x00000e34       0x40 ./utilities/fsl_io.o
 .text.IO_Init  0x00000e74       0x90 ./utilities/fsl_io.o
                0x00000e74                IO_Init
 .text.IO_Transfer
                0x00000f04       0x5c ./utilities/fsl_io.o
                0x00000f04                IO_Transfer
 .text.LOG_Init
                0x00000f60       0x34 ./utilities/fsl_log.o
                0x00000f60                LOG_Init
 .text.LOG_Push
                0x00000f94       0x3c ./utilities/fsl_log.o
                0x00000f94                LOG_Push
 .text.LOG_Pop  0x00000fd0       0x44 ./utilities/fsl_log.o
                0x00000fd0                LOG_Pop
 .text._sbrk    0x00001014       0x64 ./utilities/fsl_sbrk.o
                0x00001014                _sbrk
 .text.ConvertRadixNumToString
                0x00001078      0x1d8 ./utilities/fsl_str.o
 .text.StrFormatPrintf
                0x00001250      0x7f0 ./utilities/fsl_str.o
                0x00001250                StrFormatPrintf
 .text.SystemInit
                0x00001a40       0x3c ./startup/system_MK64F12.o
                0x00001a40                SystemInit
 .text.SystemInitHook
                0x00001a7c        0xc ./startup/system_MK64F12.o
                0x00001a7c                SystemInitHook
 .text.stack_init
                0x00001a88      0x138 ./source/lwip_tcpecho_freertos.o
 .text.main     0x00001bc0       0x60 ./source/lwip_tcpecho_freertos.o
                0x00001bc0                main
 .text.DMAMUX_EnableChannel
                0x00001c20       0x48 ./source/uart.o
 .text.DMAMUX_SetSource
                0x00001c68       0x58 ./source/uart.o
 .text.UART_UserCallback
                0x00001cc0       0x64 ./source/uart.o
                0x00001cc0                UART_UserCallback
 .text.StartUART
                0x00001d24      0x134 ./source/uart.o
                0x00001d24                StartUART
 .text.ethernet_input
                0x00001e58      0x12c ./lwip/src/netif/ethernet.o
                0x00001e58                ethernet_input
 .text.ethernet_output
                0x00001f84       0x80 ./lwip/src/netif/ethernet.o
                0x00001f84                ethernet_output
 .text.dhcp_check
                0x00002004       0x64 ./lwip/src/core/ipv4/dhcp.o
 .text.dhcp_select
                0x00002068      0x150 ./lwip/src/core/ipv4/dhcp.o
 .text.dhcp_coarse_tmr
                0x000021b8       0xa4 ./lwip/src/core/ipv4/dhcp.o
                0x000021b8                dhcp_coarse_tmr
 .text.dhcp_fine_tmr
                0x0000225c       0x60 ./lwip/src/core/ipv4/dhcp.o
                0x0000225c                dhcp_fine_tmr
 .text.dhcp_timeout
                0x000022bc       0x90 ./lwip/src/core/ipv4/dhcp.o
 .text.dhcp_t1_timeout
                0x0000234c       0x5c ./lwip/src/core/ipv4/dhcp.o
 .text.dhcp_t2_timeout
                0x000023a8       0x64 ./lwip/src/core/ipv4/dhcp.o
 .text.dhcp_arp_reply
                0x0000240c       0x48 ./lwip/src/core/ipv4/dhcp.o
                0x0000240c                dhcp_arp_reply
 .text.dhcp_decline
                0x00002454       0xd8 ./lwip/src/core/ipv4/dhcp.o
 .text.dhcp_discover
                0x0000252c      0x11c ./lwip/src/core/ipv4/dhcp.o
 .text.dhcp_bind
                0x00002648      0x1a0 ./lwip/src/core/ipv4/dhcp.o
 .text.dhcp_renew
                0x000027e8      0x110 ./lwip/src/core/ipv4/dhcp.o
                0x000027e8                dhcp_renew
 .text.dhcp_rebind
                0x000028f8      0x110 ./lwip/src/core/ipv4/dhcp.o
 .text.dhcp_reboot
                0x00002a08      0x12c ./lwip/src/core/ipv4/dhcp.o
 .text.dhcp_release
                0x00002b34      0x114 ./lwip/src/core/ipv4/dhcp.o
                0x00002b34                dhcp_release
 .text.dhcp_set_state
                0x00002c48       0x34 ./lwip/src/core/ipv4/dhcp.o
 .text.dhcp_option
                0x00002c7c       0x60 ./lwip/src/core/ipv4/dhcp.o
 .text.dhcp_option_byte
                0x00002cdc       0x3c ./lwip/src/core/ipv4/dhcp.o
 .text.dhcp_option_short
                0x00002d18       0x60 ./lwip/src/core/ipv4/dhcp.o
 .text.dhcp_option_long
                0x00002d78       0x9c ./lwip/src/core/ipv4/dhcp.o
 .text.dhcp_create_msg
                0x00002e14      0x280 ./lwip/src/core/ipv4/dhcp.o
 .text.dhcp_delete_msg
                0x00003094       0x64 ./lwip/src/core/ipv4/dhcp.o
 .text.dhcp_option_trailer
                0x000030f8       0x94 ./lwip/src/core/ipv4/dhcp.o
 .text.dhcp_supplied_address
                0x0000318c       0x44 ./lwip/src/core/ipv4/dhcp.o
                0x0000318c                dhcp_supplied_address
 .text.etharp_free_entry
                0x000031d0       0xbc ./lwip/src/core/ipv4/etharp.o
 .text.etharp_tmr
                0x0000328c      0x150 ./lwip/src/core/ipv4/etharp.o
                0x0000328c                etharp_tmr
 .text.etharp_find_entry
                0x000033dc      0x258 ./lwip/src/core/ipv4/etharp.o
 .text.etharp_update_arp_entry
                0x00003634      0x13c ./lwip/src/core/ipv4/etharp.o
 .text.etharp_input
                0x00003770      0x118 ./lwip/src/core/ipv4/etharp.o
                0x00003770                etharp_input
 .text.etharp_output_to_arp_index
                0x00003888      0x128 ./lwip/src/core/ipv4/etharp.o
 .text.etharp_output
                0x000039b0      0x1b4 ./lwip/src/core/ipv4/etharp.o
                0x000039b0                etharp_output
 .text.etharp_query
                0x00003b64      0x270 ./lwip/src/core/ipv4/etharp.o
                0x00003b64                etharp_query
 .text.etharp_raw
                0x00003dd4       0xfc ./lwip/src/core/ipv4/etharp.o
 .text.etharp_request_dst
                0x00003ed0       0x40 ./lwip/src/core/ipv4/etharp.o
 .text.etharp_request
                0x00003f10       0x24 ./lwip/src/core/ipv4/etharp.o
                0x00003f10                etharp_request
 .text.icmp_input
                0x00003f34      0x238 ./lwip/src/core/ipv4/icmp.o
                0x00003f34                icmp_input
 .text.icmp_dest_unreach
                0x0000416c       0x20 ./lwip/src/core/ipv4/icmp.o
                0x0000416c                icmp_dest_unreach
 .text.icmp_time_exceeded
                0x0000418c       0x20 ./lwip/src/core/ipv4/icmp.o
                0x0000418c                icmp_time_exceeded
 .text.icmp_send_response
                0x000041ac       0xd4 ./lwip/src/core/ipv4/icmp.o
 .text.ip4_route
                0x00004280       0xd0 ./lwip/src/core/ipv4/ip4.o
                0x00004280                ip4_route
 .text.ip4_input
                0x00004350      0x2d0 ./lwip/src/core/ipv4/ip4.o
                0x00004350                ip4_input
 .text.ip4_output_if
                0x00004620       0x54 ./lwip/src/core/ipv4/ip4.o
                0x00004620                ip4_output_if
 .text.ip4_output_if_src
                0x00004674      0x1f0 ./lwip/src/core/ipv4/ip4.o
                0x00004674                ip4_output_if_src
 .text.ip4_addr_isbroadcast_u32
                0x00004864       0x84 ./lwip/src/core/ipv4/ip4_addr.o
                0x00004864                ip4_addr_isbroadcast_u32
 .text.ip_reass_tmr
                0x000048e8       0x54 ./lwip/src/core/ipv4/ip4_frag.o
                0x000048e8                ip_reass_tmr
 .text.ip_reass_free_complete_datagram
                0x0000493c      0x124 ./lwip/src/core/ipv4/ip4_frag.o
 .text.ip_reass_remove_oldest_datagram
                0x00004a60       0xc4 ./lwip/src/core/ipv4/ip4_frag.o
 .text.ip_reass_enqueue_new_datagram
                0x00004b24       0x74 ./lwip/src/core/ipv4/ip4_frag.o
 .text.ip_reass_dequeue_datagram
                0x00004b98       0x48 ./lwip/src/core/ipv4/ip4_frag.o
 .text.ip_reass_chain_frag_into_datagram_and_validate
                0x00004be0      0x274 ./lwip/src/core/ipv4/ip4_frag.o
 .text.ip4_reass
                0x00004e54      0x264 ./lwip/src/core/ipv4/ip4_frag.o
                0x00004e54                ip4_reass
 .text.ip_frag_alloc_pbuf_custom_ref
                0x000050b8       0x10 ./lwip/src/core/ipv4/ip4_frag.o
 .text.ip_frag_free_pbuf_custom_ref
                0x000050c8       0x28 ./lwip/src/core/ipv4/ip4_frag.o
 .text.ipfrag_free_pbuf_custom
                0x000050f0       0x4c ./lwip/src/core/ipv4/ip4_frag.o
 .text.ip4_frag
                0x0000513c      0x228 ./lwip/src/core/ipv4/ip4_frag.o
                0x0000513c                ip4_frag
 .text.lwip_htons
                0x00005364       0x24 ./lwip/src/core/def.o
                0x00005364                lwip_htons
 .text.lwip_htonl
                0x00005388       0x34 ./lwip/src/core/def.o
                0x00005388                lwip_htonl
 .text.lwip_standard_chksum
                0x000053bc       0xb8 ./lwip/src/core/inet_chksum.o
                0x000053bc                lwip_standard_chksum
 .text.inet_cksum_pseudo_base
                0x00005474       0xd8 ./lwip/src/core/inet_chksum.o
 .text.inet_chksum_pseudo
                0x0000554c       0x74 ./lwip/src/core/inet_chksum.o
                0x0000554c                inet_chksum_pseudo
 .text.ip_chksum_pseudo
                0x000055c0       0x30 ./lwip/src/core/inet_chksum.o
                0x000055c0                ip_chksum_pseudo
 .text.inet_chksum
                0x000055f0       0x24 ./lwip/src/core/inet_chksum.o
                0x000055f0                inet_chksum
 .text.inet_chksum_pbuf
                0x00005614       0x98 ./lwip/src/core/inet_chksum.o
                0x00005614                inet_chksum_pbuf
 .text.lwip_init
                0x000056ac       0x2c ./lwip/src/core/init.o
                0x000056ac                lwip_init
 .text.plug_holes
                0x000056d8      0x108 ./lwip/src/core/mem.o
 .text.mem_init
                0x000057e0       0x90 ./lwip/src/core/mem.o
                0x000057e0                mem_init
 .text.mem_free
                0x00005870       0xbc ./lwip/src/core/mem.o
                0x00005870                mem_free
 .text.mem_trim
                0x0000592c      0x1bc ./lwip/src/core/mem.o
                0x0000592c                mem_trim
 .text.mem_malloc
                0x00005ae8      0x1c4 ./lwip/src/core/mem.o
                0x00005ae8                mem_malloc
 .text.memp_init_pool
                0x00005cac       0x5c ./lwip/src/core/memp.o
                0x00005cac                memp_init_pool
 .text.memp_init
                0x00005d08       0x30 ./lwip/src/core/memp.o
                0x00005d08                memp_init
 .text.do_memp_malloc_pool
                0x00005d38       0x54 ./lwip/src/core/memp.o
 .text.memp_malloc
                0x00005d8c       0x3c ./lwip/src/core/memp.o
                0x00005d8c                memp_malloc
 .text.do_memp_free_pool
                0x00005dc8       0x48 ./lwip/src/core/memp.o
 .text.memp_free
                0x00005e10       0x40 ./lwip/src/core/memp.o
                0x00005e10                memp_free
 .text.netif_init
                0x00005e50        0xc ./lwip/src/core/netif.o
                0x00005e50                netif_init
 .text.netif_add
                0x00005e5c       0xa8 ./lwip/src/core/netif.o
                0x00005e5c                netif_add
 .text.netif_set_addr
                0x00005f04       0x54 ./lwip/src/core/netif.o
                0x00005f04                netif_set_addr
 .text.netif_set_ipaddr
                0x00005f58       0x70 ./lwip/src/core/netif.o
                0x00005f58                netif_set_ipaddr
 .text.netif_set_gw
                0x00005fc8       0x28 ./lwip/src/core/netif.o
                0x00005fc8                netif_set_gw
 .text.netif_set_netmask
                0x00005ff0       0x28 ./lwip/src/core/netif.o
                0x00005ff0                netif_set_netmask
 .text.netif_set_default
                0x00006018       0x1c ./lwip/src/core/netif.o
                0x00006018                netif_set_default
 .text.netif_set_up
                0x00006034       0x44 ./lwip/src/core/netif.o
                0x00006034                netif_set_up
 .text.netif_issue_reports
                0x00006078       0x40 ./lwip/src/core/netif.o
 .text.pbuf_alloc
                0x000060b8      0x2d8 ./lwip/src/core/pbuf.o
                0x000060b8                pbuf_alloc
 .text.pbuf_alloced_custom
                0x00006390       0xc4 ./lwip/src/core/pbuf.o
                0x00006390                pbuf_alloced_custom
 .text.pbuf_realloc
                0x00006454      0x12c ./lwip/src/core/pbuf.o
                0x00006454                pbuf_realloc
 .text.pbuf_header_impl
                0x00006580      0x128 ./lwip/src/core/pbuf.o
 .text.pbuf_header
                0x000066a8       0x24 ./lwip/src/core/pbuf.o
                0x000066a8                pbuf_header
 .text.pbuf_header_force
                0x000066cc       0x24 ./lwip/src/core/pbuf.o
                0x000066cc                pbuf_header_force
 .text.pbuf_free
                0x000066f0      0x10c ./lwip/src/core/pbuf.o
                0x000066f0                pbuf_free
 .text.pbuf_clen
                0x000067fc       0x30 ./lwip/src/core/pbuf.o
                0x000067fc                pbuf_clen
 .text.pbuf_ref
                0x0000682c       0x40 ./lwip/src/core/pbuf.o
                0x0000682c                pbuf_ref
 .text.pbuf_cat
                0x0000686c       0x8c ./lwip/src/core/pbuf.o
                0x0000686c                pbuf_cat
 .text.pbuf_chain
                0x000068f8       0x20 ./lwip/src/core/pbuf.o
                0x000068f8                pbuf_chain
 .text.pbuf_copy
                0x00006918      0x15c ./lwip/src/core/pbuf.o
                0x00006918                pbuf_copy
 .text.pbuf_copy_partial
                0x00006a74       0xd8 ./lwip/src/core/pbuf.o
                0x00006a74                pbuf_copy_partial
 .text.tcp_init
                0x00006b4c        0xc ./lwip/src/core/tcp.o
                0x00006b4c                tcp_init
 .text.tcp_tmr  0x00006b58       0x2c ./lwip/src/core/tcp.o
                0x00006b58                tcp_tmr
 .text.tcp_remove_listener
                0x00006b84       0x38 ./lwip/src/core/tcp.o
 .text.tcp_listen_closed
                0x00006bbc       0x58 ./lwip/src/core/tcp.o
 .text.tcp_backlog_delayed
                0x00006c14       0x60 ./lwip/src/core/tcp.o
                0x00006c14                tcp_backlog_delayed
 .text.tcp_backlog_accepted
                0x00006c74       0x60 ./lwip/src/core/tcp.o
                0x00006c74                tcp_backlog_accepted
 .text.tcp_close_shutdown
                0x00006cd4      0x1bc ./lwip/src/core/tcp.o
 .text.tcp_close_shutdown_fin
                0x00006e90       0xbc ./lwip/src/core/tcp.o
 .text.tcp_close
                0x00006f4c       0x30 ./lwip/src/core/tcp.o
                0x00006f4c                tcp_close
 .text.tcp_shutdown
                0x00006f7c       0x8c ./lwip/src/core/tcp.o
                0x00006f7c                tcp_shutdown
 .text.tcp_abandon
                0x00007008      0x144 ./lwip/src/core/tcp.o
                0x00007008                tcp_abandon
 .text.tcp_abort
                0x0000714c       0x18 ./lwip/src/core/tcp.o
                0x0000714c                tcp_abort
 .text.tcp_bind
                0x00007164      0x110 ./lwip/src/core/tcp.o
                0x00007164                tcp_bind
 .text.tcp_accept_null
                0x00007274       0x20 ./lwip/src/core/tcp.o
 .text.tcp_listen_with_backlog_and_err
                0x00007294      0x148 ./lwip/src/core/tcp.o
                0x00007294                tcp_listen_with_backlog_and_err
 .text.tcp_update_rcv_ann_wnd
                0x000073dc       0x90 ./lwip/src/core/tcp.o
                0x000073dc                tcp_update_rcv_ann_wnd
 .text.tcp_recved
                0x0000746c       0x9c ./lwip/src/core/tcp.o
                0x0000746c                tcp_recved
 .text.tcp_new_port
                0x00007508       0x8c ./lwip/src/core/tcp.o
 .text.tcp_slowtmr
                0x00007594      0x4e8 ./lwip/src/core/tcp.o
                0x00007594                tcp_slowtmr
 .text.tcp_fasttmr
                0x00007a7c       0xc4 ./lwip/src/core/tcp.o
                0x00007a7c                tcp_fasttmr
 .text.tcp_process_refused_data
                0x00007b40       0xcc ./lwip/src/core/tcp.o
                0x00007b40                tcp_process_refused_data
 .text.tcp_segs_free
                0x00007c0c       0x28 ./lwip/src/core/tcp.o
                0x00007c0c                tcp_segs_free
 .text.tcp_seg_free
                0x00007c34       0x30 ./lwip/src/core/tcp.o
                0x00007c34                tcp_seg_free
 .text.tcp_recv_null
                0x00007c64       0x48 ./lwip/src/core/tcp.o
                0x00007c64                tcp_recv_null
 .text.tcp_kill_prio
                0x00007cac       0x80 ./lwip/src/core/tcp.o
 .text.tcp_kill_state
                0x00007d2c       0x84 ./lwip/src/core/tcp.o
 .text.tcp_kill_timewait
                0x00007db0       0x5c ./lwip/src/core/tcp.o
 .text.tcp_alloc
                0x00007e0c      0x100 ./lwip/src/core/tcp.o
                0x00007e0c                tcp_alloc
 .text.tcp_new_ip_type
                0x00007f0c       0x1c ./lwip/src/core/tcp.o
                0x00007f0c                tcp_new_ip_type
 .text.tcp_arg  0x00007f28       0x20 ./lwip/src/core/tcp.o
                0x00007f28                tcp_arg
 .text.tcp_recv
                0x00007f48       0x30 ./lwip/src/core/tcp.o
                0x00007f48                tcp_recv
 .text.tcp_sent
                0x00007f78       0x30 ./lwip/src/core/tcp.o
                0x00007f78                tcp_sent
 .text.tcp_err  0x00007fa8       0x30 ./lwip/src/core/tcp.o
                0x00007fa8                tcp_err
 .text.tcp_accept
                0x00007fd8       0x2c ./lwip/src/core/tcp.o
                0x00007fd8                tcp_accept
 .text.tcp_poll
                0x00008004       0x34 ./lwip/src/core/tcp.o
                0x00008004                tcp_poll
 .text.tcp_pcb_purge
                0x00008038       0x78 ./lwip/src/core/tcp.o
                0x00008038                tcp_pcb_purge
 .text.tcp_pcb_remove
                0x000080b0       0xc4 ./lwip/src/core/tcp.o
                0x000080b0                tcp_pcb_remove
 .text.tcp_next_iss
                0x00008174       0x30 ./lwip/src/core/tcp.o
                0x00008174                tcp_next_iss
 .text.tcp_eff_send_mss_impl
                0x000081a4       0x48 ./lwip/src/core/tcp.o
                0x000081a4                tcp_eff_send_mss_impl
 .text.tcp_netif_ip_addr_changed_pcblist
                0x000081ec       0x40 ./lwip/src/core/tcp.o
 .text.tcp_netif_ip_addr_changed
                0x0000822c       0x7c ./lwip/src/core/tcp.o
                0x0000822c                tcp_netif_ip_addr_changed
 .text.tcp_input
                0x000082a8      0x768 ./lwip/src/core/tcp_in.o
                0x000082a8                tcp_input
 .text.tcp_listen_input
                0x00008a10      0x1e8 ./lwip/src/core/tcp_in.o
 .text.tcp_timewait_input
                0x00008bf8       0xd0 ./lwip/src/core/tcp_in.o
 .text.tcp_process
                0x00008cc8      0x730 ./lwip/src/core/tcp_in.o
 .text.tcp_receive
                0x000093f8      0x950 ./lwip/src/core/tcp_in.o
 .text.tcp_getoptbyte
                0x00009d48       0x74 ./lwip/src/core/tcp_in.o
 .text.tcp_parseopt
                0x00009dbc       0xc8 ./lwip/src/core/tcp_in.o
 .text.tcp_trigger_input_pcb_close
                0x00009e84       0x20 ./lwip/src/core/tcp_in.o
                0x00009e84                tcp_trigger_input_pcb_close
 .text.tcp_output_alloc_header
                0x00009ea4       0xe8 ./lwip/src/core/tcp_out.o
 .text.tcp_send_fin
                0x00009f8c       0x80 ./lwip/src/core/tcp_out.o
                0x00009f8c                tcp_send_fin
 .text.tcp_create_segment
                0x0000a00c      0x10c ./lwip/src/core/tcp_out.o
 .text.tcp_pbuf_prealloc
                0x0000a118       0xb8 ./lwip/src/core/tcp_out.o
 .text.tcp_write_checks
                0x0000a1d0       0xd0 ./lwip/src/core/tcp_out.o
 .text.tcp_write
                0x0000a2a0      0x680 ./lwip/src/core/tcp_out.o
                0x0000a2a0                tcp_write
 .text.tcp_enqueue_flags
                0x0000a920      0x1c4 ./lwip/src/core/tcp_out.o
                0x0000a920                tcp_enqueue_flags
 .text.tcp_send_empty_ack
                0x0000aae4       0xd4 ./lwip/src/core/tcp_out.o
                0x0000aae4                tcp_send_empty_ack
 .text.tcp_output
                0x0000abb8      0x3a0 ./lwip/src/core/tcp_out.o
                0x0000abb8                tcp_output
 .text.tcp_output_segment
                0x0000af58      0x15c ./lwip/src/core/tcp_out.o
 .text.tcp_rst  0x0000b0b4       0xf8 ./lwip/src/core/tcp_out.o
                0x0000b0b4                tcp_rst
 .text.tcp_rexmit_rto
                0x0000b1ac       0x7c ./lwip/src/core/tcp_out.o
                0x0000b1ac                tcp_rexmit_rto
 .text.tcp_rexmit
                0x0000b228       0xa0 ./lwip/src/core/tcp_out.o
                0x0000b228                tcp_rexmit
 .text.tcp_rexmit_fast
                0x0000b2c8       0x9c ./lwip/src/core/tcp_out.o
                0x0000b2c8                tcp_rexmit_fast
 .text.tcp_keepalive
                0x0000b364       0x98 ./lwip/src/core/tcp_out.o
                0x0000b364                tcp_keepalive
 .text.tcp_zero_window_probe
                0x0000b3fc      0x154 ./lwip/src/core/tcp_out.o
                0x0000b3fc                tcp_zero_window_probe
 .text.tcpip_tcp_timer
                0x0000b550       0x44 ./lwip/src/core/timeouts.o
 .text.tcp_timer_needed
                0x0000b594       0x40 ./lwip/src/core/timeouts.o
                0x0000b594                tcp_timer_needed
 .text.cyclic_timer
                0x0000b5d4       0x2c ./lwip/src/core/timeouts.o
 .text.sys_timeouts_init
                0x0000b600       0x50 ./lwip/src/core/timeouts.o
                0x0000b600                sys_timeouts_init
 .text.sys_timeout
                0x0000b650      0x134 ./lwip/src/core/timeouts.o
                0x0000b650                sys_timeout
 .text.sys_check_timeouts
                0x0000b784       0xa0 ./lwip/src/core/timeouts.o
 .text.sys_timeouts_sleeptime
                0x0000b824       0x4c ./lwip/src/core/timeouts.o
 .text.sys_timeouts_mbox_fetch
                0x0000b870       0x4c ./lwip/src/core/timeouts.o
                0x0000b870                sys_timeouts_mbox_fetch
 .text.udp_init
                0x0000b8bc        0xc ./lwip/src/core/udp.o
                0x0000b8bc                udp_init
 .text.udp_new_port
                0x0000b8c8       0x74 ./lwip/src/core/udp.o
 .text.udp_input_local_match
                0x0000b93c       0x78 ./lwip/src/core/udp.o
 .text.udp_input
                0x0000b9b4      0x1f0 ./lwip/src/core/udp.o
                0x0000b9b4                udp_input
 .text.udp_sendto_if
                0x0000bba4       0x78 ./lwip/src/core/udp.o
                0x0000bba4                udp_sendto_if
 .text.udp_sendto_if_src
                0x0000bc1c      0x154 ./lwip/src/core/udp.o
                0x0000bc1c                udp_sendto_if_src
 .text.udp_bind
                0x0000bd70       0xdc ./lwip/src/core/udp.o
                0x0000bd70                udp_bind
 .text.udp_recv
                0x0000be4c       0x24 ./lwip/src/core/udp.o
                0x0000be4c                udp_recv
 .text.udp_remove
                0x0000be70       0x60 ./lwip/src/core/udp.o
                0x0000be70                udp_remove
 .text.udp_new  0x0000bed0       0x30 ./lwip/src/core/udp.o
                0x0000bed0                udp_new
 .text.udp_new_ip_type
                0x0000bf00       0x1c ./lwip/src/core/udp.o
                0x0000bf00                udp_new_ip_type
 .text.udp_netif_ip_addr_changed
                0x0000bf1c       0x5c ./lwip/src/core/udp.o
                0x0000bf1c                udp_netif_ip_addr_changed
 .text.netconn_apimsg
                0x0000bf78       0x40 ./lwip/src/api/api_lib.o
 .text.netconn_new_with_proto_and_callback
                0x0000bfb8       0xbc ./lwip/src/api/api_lib.o
                0x0000bfb8                netconn_new_with_proto_and_callback
 .text.netconn_delete
                0x0000c074       0x4c ./lwip/src/api/api_lib.o
                0x0000c074                netconn_delete
 .text.netconn_bind
                0x0000c0c0       0x60 ./lwip/src/api/api_lib.o
                0x0000c0c0                netconn_bind
 .text.netconn_listen_with_backlog
                0x0000c120       0x48 ./lwip/src/api/api_lib.o
                0x0000c120                netconn_listen_with_backlog
 .text.netconn_accept
                0x0000c168       0xf8 ./lwip/src/api/api_lib.o
                0x0000c168                netconn_accept
 .text.netconn_recv_data
                0x0000c260      0x168 ./lwip/src/api/api_lib.o
 .text.netconn_recv
                0x0000c3c8       0xc8 ./lwip/src/api/api_lib.o
                0x0000c3c8                netconn_recv
 .text.netconn_write_partly
                0x0000c490       0xd4 ./lwip/src/api/api_lib.o
                0x0000c490                netconn_write_partly
 .text.netconn_close_shutdown
                0x0000c564       0x4c ./lwip/src/api/api_lib.o
 .text.netconn_close
                0x0000c5b0       0x1c ./lwip/src/api/api_lib.o
                0x0000c5b0                netconn_close
 .text.recv_udp
                0x0000c5cc       0xd0 ./lwip/src/api/api_msg.o
 .text.recv_tcp
                0x0000c69c       0xe8 ./lwip/src/api/api_msg.o
 .text.poll_tcp
                0x0000c784       0xc4 ./lwip/src/api/api_msg.o
 .text.sent_tcp
                0x0000c848       0xa0 ./lwip/src/api/api_msg.o
 .text.err_tcp  0x0000c8e8      0x1a4 ./lwip/src/api/api_msg.o
 .text.setup_tcp
                0x0000ca8c       0x50 ./lwip/src/api/api_msg.o
 .text.accept_function
                0x0000cadc      0x138 ./lwip/src/api/api_msg.o
 .text.pcb_new  0x0000cc14       0xc4 ./lwip/src/api/api_msg.o
 .text.lwip_netconn_do_newconn
                0x0000ccd8       0x54 ./lwip/src/api/api_msg.o
                0x0000ccd8                lwip_netconn_do_newconn
 .text.netconn_alloc
                0x0000cd2c       0xd4 ./lwip/src/api/api_msg.o
                0x0000cd2c                netconn_alloc
 .text.netconn_free
                0x0000ce00       0x5c ./lwip/src/api/api_msg.o
                0x0000ce00                netconn_free
 .text.netconn_drain
                0x0000ce5c       0xe8 ./lwip/src/api/api_msg.o
 .text.lwip_netconn_do_close_internal
                0x0000cf44      0x2b0 ./lwip/src/api/api_msg.o
 .text.lwip_netconn_do_delconn
                0x0000d1f4      0x1d0 ./lwip/src/api/api_msg.o
                0x0000d1f4                lwip_netconn_do_delconn
 .text.lwip_netconn_do_bind
                0x0000d3c4       0xc0 ./lwip/src/api/api_msg.o
                0x0000d3c4                lwip_netconn_do_bind
 .text.lwip_netconn_do_listen
                0x0000d484      0x1a0 ./lwip/src/api/api_msg.o
                0x0000d484                lwip_netconn_do_listen
 .text.lwip_netconn_do_recv
                0x0000d624       0x94 ./lwip/src/api/api_msg.o
                0x0000d624                lwip_netconn_do_recv
 .text.lwip_netconn_do_accepted
                0x0000d6b8       0x68 ./lwip/src/api/api_msg.o
                0x0000d6b8                lwip_netconn_do_accepted
 .text.lwip_netconn_do_writemore
                0x0000d720      0x320 ./lwip/src/api/api_msg.o
 .text.lwip_netconn_do_write
                0x0000da40      0x130 ./lwip/src/api/api_msg.o
                0x0000da40                lwip_netconn_do_write
 .text.lwip_netconn_do_close
                0x0000db70      0x12c ./lwip/src/api/api_msg.o
                0x0000db70                lwip_netconn_do_close
 .text.netbuf_delete
                0x0000dc9c       0x3c ./lwip/src/api/netbuf.o
                0x0000dc9c                netbuf_delete
 .text.netbuf_data
                0x0000dcd8       0x74 ./lwip/src/api/netbuf.o
                0x0000dcd8                netbuf_data
 .text.netbuf_next
                0x0000dd4c       0x50 ./lwip/src/api/netbuf.o
                0x0000dd4c                netbuf_next
 .text.tcpip_thread
                0x0000dd9c       0xbc ./lwip/src/api/tcpip.o
 .text.tcpip_inpkt
                0x0000de58       0x74 ./lwip/src/api/tcpip.o
                0x0000de58                tcpip_inpkt
 .text.tcpip_input
                0x0000decc       0x44 ./lwip/src/api/tcpip.o
                0x0000decc                tcpip_input
 .text.tcpip_send_msg_wait_sem
                0x0000df10       0x30 ./lwip/src/api/tcpip.o
                0x0000df10                tcpip_send_msg_wait_sem
 .text.tcpip_init
                0x0000df40       0x78 ./lwip/src/api/tcpip.o
                0x0000df40                tcpip_init
 .text.__NVIC_SetPriority
                0x0000dfb8       0x54 ./lwip/port/ethernetif.o
 .text.ENET_ActiveRead
                0x0000e00c       0x1c ./lwip/port/ethernetif.o
 .text.ethernet_callback
                0x0000e028       0x98 ./lwip/port/ethernetif.o
 .text.enet_init
                0x0000e0c0      0x18c ./lwip/port/ethernetif.o
 .text.low_level_init
                0x0000e24c       0x5c ./lwip/port/ethernetif.o
 .text.enet_get_tx_buffer
                0x0000e2a8       0x1c ./lwip/port/ethernetif.o
 .text.enet_send_frame
                0x0000e2c4       0x5c ./lwip/port/ethernetif.o
 .text.low_level_output
                0x0000e320       0xa8 ./lwip/port/ethernetif.o
 .text.enet_get_rx_frame_size
                0x0000e3c8       0x20 ./lwip/port/ethernetif.o
 .text.enet_read_frame
                0x0000e3e8       0x28 ./lwip/port/ethernetif.o
 .text.low_level_input
                0x0000e410      0x134 ./lwip/port/ethernetif.o
 .text.ethernetif_input
                0x0000e544       0x4c ./lwip/port/ethernetif.o
                0x0000e544                ethernetif_input
 .text.get_enet_base
                0x0000e590       0x68 ./lwip/port/ethernetif.o
 .text.ethernetif_init
                0x0000e5f8       0x94 ./lwip/port/ethernetif.o
 .text.ethernetif0_init
                0x0000e68c       0x4c ./lwip/port/ethernetif.o
                0x0000e68c                ethernetif0_init
 .text.sys_assert
                0x0000e6d8       0x20 ./lwip/port/sys_arch.o
                0x0000e6d8                sys_assert
 .text.sys_mbox_new
                0x0000e6f8       0x38 ./lwip/port/sys_arch.o
                0x0000e6f8                sys_mbox_new
 .text.sys_mbox_free
                0x0000e730       0x40 ./lwip/port/sys_arch.o
                0x0000e730                sys_mbox_free
 .text.sys_mbox_trypost
                0x0000e770       0x9c ./lwip/port/sys_arch.o
                0x0000e770                sys_mbox_trypost
 .text.sys_arch_mbox_fetch
                0x0000e80c       0x98 ./lwip/port/sys_arch.o
                0x0000e80c                sys_arch_mbox_fetch
 .text.sys_arch_mbox_tryfetch
                0x0000e8a4       0x40 ./lwip/port/sys_arch.o
                0x0000e8a4                sys_arch_mbox_tryfetch
 .text.sys_sem_new
                0x0000e8e4       0x64 ./lwip/port/sys_arch.o
                0x0000e8e4                sys_sem_new
 .text.sys_arch_sem_wait
                0x0000e948       0x80 ./lwip/port/sys_arch.o
                0x0000e948                sys_arch_sem_wait
 .text.sys_mutex_new
                0x0000e9c8       0x30 ./lwip/port/sys_arch.o
                0x0000e9c8                sys_mutex_new
 .text.sys_mutex_lock
                0x0000e9f8       0x24 ./lwip/port/sys_arch.o
                0x0000e9f8                sys_mutex_lock
 .text.sys_mutex_unlock
                0x0000ea1c       0x20 ./lwip/port/sys_arch.o
                0x0000ea1c                sys_mutex_unlock
 .text.sys_sem_signal
                0x0000ea3c       0x20 ./lwip/port/sys_arch.o
                0x0000ea3c                sys_sem_signal
 .text.sys_sem_free
                0x0000ea5c       0x18 ./lwip/port/sys_arch.o
                0x0000ea5c                sys_sem_free
 .text.sys_init
                0x0000ea74        0xc ./lwip/port/sys_arch.o
                0x0000ea74                sys_init
 .text.sys_now  0x0000ea80       0x10 ./lwip/port/sys_arch.o
                0x0000ea80                sys_now
 .text.sys_thread_new
                0x0000ea90       0x44 ./lwip/port/sys_arch.o
                0x0000ea90                sys_thread_new
 .text.sys_arch_protect
                0x0000ead4       0x44 ./lwip/port/sys_arch.o
                0x0000ead4                sys_arch_protect
 .text.sys_arch_unprotect
                0x0000eb18       0x2c ./lwip/port/sys_arch.o
                0x0000eb18                sys_arch_unprotect
 .text.tcpecho_thread
                0x0000eb44       0xd4 ./lwip/contrib/apps/tcpecho/tcpecho.o
 .text.tcpecho_init
                0x0000ec18       0x24 ./lwip/contrib/apps/tcpecho/tcpecho.o
                0x0000ec18                tcpecho_init
 .text.CLOCK_SetEr32kClock
                0x0000ec3c       0x2c ./drivers/fsl_clock.o
 .text.CLOCK_SetPllFllSelClock
                0x0000ec68       0x38 ./drivers/fsl_clock.o
 .text.OSC_SetExtRefClkConfig
                0x0000eca0       0x34 ./drivers/fsl_clock.o
 .text.OSC_SetCapLoad
                0x0000ecd4       0x34 ./drivers/fsl_clock.o
 .text.CLOCK_GetMcgExtClkFreq
                0x0000ed08       0x8c ./drivers/fsl_clock.o
 .text.CLOCK_GetFllExtRefClkFreq
                0x0000ed94       0xc8 ./drivers/fsl_clock.o
 .text.CLOCK_GetInternalRefClkSelectFreq
                0x0000ee5c       0x44 ./drivers/fsl_clock.o
 .text.CLOCK_GetFllRefClkFreq
                0x0000eea0       0x2c ./drivers/fsl_clock.o
 .text.CLOCK_GetPll0RefFreq
                0x0000eecc       0x10 ./drivers/fsl_clock.o
 .text.CLOCK_GetOscRangeFromFreq
                0x0000eedc       0x3c ./drivers/fsl_clock.o
 .text.CLOCK_GetOsc0ErClkFreq
                0x0000ef18       0x48 ./drivers/fsl_clock.o
                0x0000ef18                CLOCK_GetOsc0ErClkFreq
 .text.CLOCK_GetEr32kClkFreq
                0x0000ef60       0x80 ./drivers/fsl_clock.o
                0x0000ef60                CLOCK_GetEr32kClkFreq
 .text.CLOCK_GetPllFllSelClkFreq
                0x0000efe0       0x54 ./drivers/fsl_clock.o
                0x0000efe0                CLOCK_GetPllFllSelClkFreq
 .text.CLOCK_GetCoreSysClkFreq
                0x0000f034       0x24 ./drivers/fsl_clock.o
                0x0000f034                CLOCK_GetCoreSysClkFreq
 .text.CLOCK_GetFreq
                0x0000f058      0x144 ./drivers/fsl_clock.o
                0x0000f058                CLOCK_GetFreq
 .text.CLOCK_SetSimConfig
                0x0000f19c       0x34 ./drivers/fsl_clock.o
                0x0000f19c                CLOCK_SetSimConfig
 .text.CLOCK_GetOutClkFreq
                0x0000f1d0       0x64 ./drivers/fsl_clock.o
                0x0000f1d0                CLOCK_GetOutClkFreq
 .text.CLOCK_GetFllFreq
                0x0000f234       0x74 ./drivers/fsl_clock.o
                0x0000f234                CLOCK_GetFllFreq
 .text.CLOCK_GetInternalRefClkFreq
                0x0000f2a8       0x24 ./drivers/fsl_clock.o
                0x0000f2a8                CLOCK_GetInternalRefClkFreq
 .text.CLOCK_GetFixedFreqClkFreq
                0x0000f2cc       0x30 ./drivers/fsl_clock.o
                0x0000f2cc                CLOCK_GetFixedFreqClkFreq
 .text.CLOCK_GetPll0Freq
                0x0000f2fc       0x78 ./drivers/fsl_clock.o
                0x0000f2fc                CLOCK_GetPll0Freq
 .text.CLOCK_SetExternalRefClkConfig
                0x0000f374       0x6c ./drivers/fsl_clock.o
                0x0000f374                CLOCK_SetExternalRefClkConfig
 .text.CLOCK_SetInternalRefClkConfig
                0x0000f3e0      0x104 ./drivers/fsl_clock.o
                0x0000f3e0                CLOCK_SetInternalRefClkConfig
 .text.CLOCK_EnablePll0
                0x0000f4e4       0x94 ./drivers/fsl_clock.o
                0x0000f4e4                CLOCK_EnablePll0
 .text.CLOCK_InitOsc0
                0x0000f578       0x8c ./drivers/fsl_clock.o
                0x0000f578                CLOCK_InitOsc0
 .text.CLOCK_SetPbeMode
                0x0000f604       0xb8 ./drivers/fsl_clock.o
                0x0000f604                CLOCK_SetPbeMode
 .text.CLOCK_BootToPeeMode
                0x0000f6bc       0x74 ./drivers/fsl_clock.o
                0x0000f6bc                CLOCK_BootToPeeMode
 .text.CLOCK_EnableClock
                0x0000f730       0x34 ./drivers/fsl_dmamux.o
 .text.DMAMUX_GetInstance
                0x0000f764       0x50 ./drivers/fsl_dmamux.o
 .text.DMAMUX_Init
                0x0000f7b4       0x20 ./drivers/fsl_dmamux.o
                0x0000f7b4                DMAMUX_Init
 .text.__NVIC_EnableIRQ
                0x0000f7d4       0x38 ./drivers/fsl_edma.o
 .text.CLOCK_EnableClock
                0x0000f80c       0x34 ./drivers/fsl_edma.o
 .text.EnableIRQ
                0x0000f840       0x2c ./drivers/fsl_edma.o
 .text.DisableGlobalIRQ
                0x0000f86c       0x20 ./drivers/fsl_edma.o
 .text.EnableGlobalIRQ
                0x0000f88c       0x1c ./drivers/fsl_edma.o
 .text.EDMA_GetInstance
                0x0000f8a8       0x50 ./drivers/fsl_edma.o
 .text.EDMA_InstallTCD
                0x0000f8f8      0x150 ./drivers/fsl_edma.o
                0x0000f8f8                EDMA_InstallTCD
 .text.EDMA_Init
                0x0000fa48       0x8c ./drivers/fsl_edma.o
                0x0000fa48                EDMA_Init
 .text.EDMA_GetDefaultConfig
                0x0000fad4       0x44 ./drivers/fsl_edma.o
                0x0000fad4                EDMA_GetDefaultConfig
 .text.EDMA_SetTransferConfig
                0x0000fb18       0x78 ./drivers/fsl_edma.o
                0x0000fb18                EDMA_SetTransferConfig
 .text.EDMA_TcdReset
                0x0000fb90       0x8c ./drivers/fsl_edma.o
                0x0000fb90                EDMA_TcdReset
 .text.EDMA_TcdSetTransferConfig
                0x0000fc1c      0x104 ./drivers/fsl_edma.o
                0x0000fc1c                EDMA_TcdSetTransferConfig
 .text.Get_StartInstance
                0x0000fd20       0x24 ./drivers/fsl_edma.o
 .text.EDMA_CreateHandle
                0x0000fd44       0xfc ./drivers/fsl_edma.o
                0x0000fd44                EDMA_CreateHandle
 .text.EDMA_SetCallback
                0x0000fe40       0x40 ./drivers/fsl_edma.o
                0x0000fe40                EDMA_SetCallback
 .text.EDMA_PrepareTransfer
                0x0000fe80      0x2d8 ./drivers/fsl_edma.o
                0x0000fe80                EDMA_PrepareTransfer
 .text.EDMA_SubmitTransfer
                0x00010158      0x2c8 ./drivers/fsl_edma.o
                0x00010158                EDMA_SubmitTransfer
 .text.EDMA_StartTransfer
                0x00010420       0xbc ./drivers/fsl_edma.o
                0x00010420                EDMA_StartTransfer
 .text.EDMA_AbortTransfer
                0x000104dc       0x68 ./drivers/fsl_edma.o
                0x000104dc                EDMA_AbortTransfer
 .text.EDMA_HandleIRQ
                0x00010544      0x15c ./drivers/fsl_edma.o
                0x00010544                EDMA_HandleIRQ
 .text.DMA0_DriverIRQHandler
                0x000106a0       0x18 ./drivers/fsl_edma.o
                0x000106a0                DMA0_DriverIRQHandler
 .text.DMA1_DriverIRQHandler
                0x000106b8       0x18 ./drivers/fsl_edma.o
                0x000106b8                DMA1_DriverIRQHandler
 .text.DMA2_DriverIRQHandler
                0x000106d0       0x18 ./drivers/fsl_edma.o
                0x000106d0                DMA2_DriverIRQHandler
 .text.DMA3_DriverIRQHandler
                0x000106e8       0x18 ./drivers/fsl_edma.o
                0x000106e8                DMA3_DriverIRQHandler
 .text.DMA4_DriverIRQHandler
                0x00010700       0x18 ./drivers/fsl_edma.o
                0x00010700                DMA4_DriverIRQHandler
 .text.DMA5_DriverIRQHandler
                0x00010718       0x18 ./drivers/fsl_edma.o
                0x00010718                DMA5_DriverIRQHandler
 .text.DMA6_DriverIRQHandler
                0x00010730       0x18 ./drivers/fsl_edma.o
                0x00010730                DMA6_DriverIRQHandler
 .text.DMA7_DriverIRQHandler
                0x00010748       0x18 ./drivers/fsl_edma.o
                0x00010748                DMA7_DriverIRQHandler
 .text.DMA8_DriverIRQHandler
                0x00010760       0x18 ./drivers/fsl_edma.o
                0x00010760                DMA8_DriverIRQHandler
 .text.DMA9_DriverIRQHandler
                0x00010778       0x18 ./drivers/fsl_edma.o
                0x00010778                DMA9_DriverIRQHandler
 .text.DMA10_DriverIRQHandler
                0x00010790       0x18 ./drivers/fsl_edma.o
                0x00010790                DMA10_DriverIRQHandler
 .text.DMA11_DriverIRQHandler
                0x000107a8       0x18 ./drivers/fsl_edma.o
                0x000107a8                DMA11_DriverIRQHandler
 .text.DMA12_DriverIRQHandler
                0x000107c0       0x18 ./drivers/fsl_edma.o
                0x000107c0                DMA12_DriverIRQHandler
 .text.DMA13_DriverIRQHandler
                0x000107d8       0x18 ./drivers/fsl_edma.o
                0x000107d8                DMA13_DriverIRQHandler
 .text.DMA14_DriverIRQHandler
                0x000107f0       0x18 ./drivers/fsl_edma.o
                0x000107f0                DMA14_DriverIRQHandler
 .text.DMA15_DriverIRQHandler
                0x00010808       0x18 ./drivers/fsl_edma.o
                0x00010808                DMA15_DriverIRQHandler
 .text.__NVIC_EnableIRQ
                0x00010820       0x38 ./drivers/fsl_enet.o
 .text.CLOCK_EnableClock
                0x00010858       0x34 ./drivers/fsl_enet.o
 .text.EnableIRQ
                0x0001088c       0x2c ./drivers/fsl_enet.o
 .text.ENET_Reset
                0x000108b8       0x20 ./drivers/fsl_enet.o
 .text.ENET_GetSMI
                0x000108d8       0x28 ./drivers/fsl_enet.o
 .text.ENET_EnableSleepMode
                0x00010900       0x38 ./drivers/fsl_enet.o
 .text.ENET_EnableInterrupts
                0x00010938       0x20 ./drivers/fsl_enet.o
 .text.ENET_GetInstance
                0x00010958       0x54 ./drivers/fsl_enet.o
                0x00010958                ENET_GetInstance
 .text.ENET_GetDefaultConfig
                0x000109ac       0x58 ./drivers/fsl_enet.o
                0x000109ac                ENET_GetDefaultConfig
 .text.ENET_Init
                0x00010a04       0xe4 ./drivers/fsl_enet.o
                0x00010a04                ENET_Init
 .text.ENET_SetCallback
                0x00010ae8       0x40 ./drivers/fsl_enet.o
                0x00010ae8                ENET_SetCallback
 .text.ENET_SetHandler
                0x00010b28      0x158 ./drivers/fsl_enet.o
 .text.ENET_SetMacController
                0x00010c80      0x28c ./drivers/fsl_enet.o
 .text.ENET_SetTxBufferDescriptors
                0x00010f0c       0xf0 ./drivers/fsl_enet.o
 .text.ENET_SetRxBufferDescriptors
                0x00010ffc      0x108 ./drivers/fsl_enet.o
 .text.ENET_ActiveSend
                0x00011104       0x4c ./drivers/fsl_enet.o
 .text.ENET_SetMacAddr
                0x00011150       0x5c ./drivers/fsl_enet.o
                0x00011150                ENET_SetMacAddr
 .text.ENET_SetSMI
                0x000111ac       0x98 ./drivers/fsl_enet.o
                0x000111ac                ENET_SetSMI
 .text.ENET_StartSMIWrite
                0x00011244       0x50 ./drivers/fsl_enet.o
                0x00011244                ENET_StartSMIWrite
 .text.ENET_StartSMIRead
                0x00011294       0x48 ./drivers/fsl_enet.o
                0x00011294                ENET_StartSMIRead
 .text.ENET_GetRxFrameSize
                0x000112dc      0x108 ./drivers/fsl_enet.o
                0x000112dc                ENET_GetRxFrameSize
 .text.ENET_ReadFrame
                0x000113e4      0x158 ./drivers/fsl_enet.o
                0x000113e4                ENET_ReadFrame
 .text.ENET_UpdateReadBuffers
                0x0001153c       0xec ./drivers/fsl_enet.o
 .text.ENET_SendFrame
                0x00011628      0x1d0 ./drivers/fsl_enet.o
                0x00011628                ENET_SendFrame
 .text.ENET_TransmitIRQHandler
                0x000117f8       0x64 ./drivers/fsl_enet.o
                0x000117f8                ENET_TransmitIRQHandler
 .text.ENET_ReceiveIRQHandler
                0x0001185c       0x64 ./drivers/fsl_enet.o
                0x0001185c                ENET_ReceiveIRQHandler
 .text.ENET_ErrorIRQHandler
                0x000118c0       0x9c ./drivers/fsl_enet.o
                0x000118c0                ENET_ErrorIRQHandler
 .text.ENET_Transmit_IRQHandler
                0x0001195c       0x24 ./drivers/fsl_enet.o
                0x0001195c                ENET_Transmit_IRQHandler
 .text.ENET_Receive_IRQHandler
                0x00011980       0x24 ./drivers/fsl_enet.o
                0x00011980                ENET_Receive_IRQHandler
 .text.ENET_Error_IRQHandler
                0x000119a4       0x24 ./drivers/fsl_enet.o
                0x000119a4                ENET_Error_IRQHandler
 .text.ENET_1588_Timer_IRQHandler
                0x000119c8       0x24 ./drivers/fsl_enet.o
                0x000119c8                ENET_1588_Timer_IRQHandler
 .text.CLOCK_EnableClock
                0x000119ec       0x34 ./drivers/fsl_uart.o
 .text.UART_GetInstance
                0x00011a20       0x60 ./drivers/fsl_uart.o
                0x00011a20                UART_GetInstance
 .text.UART_Init
                0x00011a80      0x300 ./drivers/fsl_uart.o
                0x00011a80                UART_Init
 .text.UART_GetDefaultConfig
                0x00011d80       0x6c ./drivers/fsl_uart.o
                0x00011d80                UART_GetDefaultConfig
 .text.UART_GetStatusFlags
                0x00011dec       0x48 ./drivers/fsl_uart.o
                0x00011dec                UART_GetStatusFlags
 .text.UART_WriteBlocking
                0x00011e34       0x40 ./drivers/fsl_uart.o
                0x00011e34                UART_WriteBlocking
 .text.UART_ReadBlocking
                0x00011e74       0xa4 ./drivers/fsl_uart.o
                0x00011e74                UART_ReadBlocking
 .text.UART0_DriverIRQHandler
                0x00011f18       0x24 ./drivers/fsl_uart.o
                0x00011f18                UART0_DriverIRQHandler
 .text.UART0_RX_TX_DriverIRQHandler
                0x00011f3c       0x10 ./drivers/fsl_uart.o
                0x00011f3c                UART0_RX_TX_DriverIRQHandler
 .text.UART1_DriverIRQHandler
                0x00011f4c       0x24 ./drivers/fsl_uart.o
                0x00011f4c                UART1_DriverIRQHandler
 .text.UART1_RX_TX_DriverIRQHandler
                0x00011f70       0x10 ./drivers/fsl_uart.o
                0x00011f70                UART1_RX_TX_DriverIRQHandler
 .text.UART2_DriverIRQHandler
                0x00011f80       0x24 ./drivers/fsl_uart.o
                0x00011f80                UART2_DriverIRQHandler
 .text.UART2_RX_TX_DriverIRQHandler
                0x00011fa4       0x10 ./drivers/fsl_uart.o
                0x00011fa4                UART2_RX_TX_DriverIRQHandler
 .text.UART3_DriverIRQHandler
                0x00011fb4       0x24 ./drivers/fsl_uart.o
                0x00011fb4                UART3_DriverIRQHandler
 .text.UART3_RX_TX_DriverIRQHandler
                0x00011fd8       0x10 ./drivers/fsl_uart.o
                0x00011fd8                UART3_RX_TX_DriverIRQHandler
 .text.UART4_DriverIRQHandler
                0x00011fe8       0x24 ./drivers/fsl_uart.o
                0x00011fe8                UART4_DriverIRQHandler
 .text.UART4_RX_TX_DriverIRQHandler
                0x0001200c       0x10 ./drivers/fsl_uart.o
                0x0001200c                UART4_RX_TX_DriverIRQHandler
 .text.UART5_DriverIRQHandler
                0x0001201c       0x24 ./drivers/fsl_uart.o
                0x0001201c                UART5_DriverIRQHandler
 .text.UART5_RX_TX_DriverIRQHandler
                0x00012040       0x10 ./drivers/fsl_uart.o
                0x00012040                UART5_RX_TX_DriverIRQHandler
 .text.UART_GetDataRegisterAddress
                0x00012050       0x18 ./drivers/fsl_uart_edma.o
 .text.UART_EnableTxDMA
                0x00012068       0x60 ./drivers/fsl_uart_edma.o
 .text.UART_EnableRxDMA
                0x000120c8       0x60 ./drivers/fsl_uart_edma.o
 .text.UART_SendEDMACallback
                0x00012128       0x78 ./drivers/fsl_uart_edma.o
 .text.UART_ReceiveEDMACallback
                0x000121a0       0x78 ./drivers/fsl_uart_edma.o
 .text.UART_TransferCreateHandleEDMA
                0x00012218       0xd0 ./drivers/fsl_uart_edma.o
                0x00012218                UART_TransferCreateHandleEDMA
 .text.UART_ReceiveEDMA
                0x000122e8      0x118 ./drivers/fsl_uart_edma.o
                0x000122e8                UART_ReceiveEDMA
 .text.UART_TransferAbortSendEDMA
                0x00012400       0x64 ./drivers/fsl_uart_edma.o
                0x00012400                UART_TransferAbortSendEDMA
 .text.UART_TransferAbortReceiveEDMA
                0x00012464       0x64 ./drivers/fsl_uart_edma.o
                0x00012464                UART_TransferAbortReceiveEDMA
 .text.BOARD_InitDebugConsole
                0x000124c8       0x24 ./board/board.o
                0x000124c8                BOARD_InitDebugConsole
 .text.CLOCK_SetSimSafeDivs
                0x000124ec       0x20 ./board/clock_config.o
 .text.CLOCK_SetXtal0Freq
                0x0001250c       0x1c ./board/clock_config.o
 .text.CLOCK_CONFIG_SetFllExtRefDiv
                0x00012528       0x38 ./board/clock_config.o
 .text.BOARD_BootClockRUN
                0x00012560       0x60 ./board/clock_config.o
                0x00012560                BOARD_BootClockRUN
 .text.CLOCK_EnableClock
                0x000125c0       0x34 ./board/fsl_phy.o
 .text.ENET_ReadSMIData
                0x000125f4       0x1c ./board/fsl_phy.o
 .text.ENET_GetInterruptStatus
                0x00012610       0x18 ./board/fsl_phy.o
 .text.ENET_ClearInterruptStatus
                0x00012628       0x1c ./board/fsl_phy.o
 .text.PHY_Init
                0x00012644      0x12c ./board/fsl_phy.o
                0x00012644                PHY_Init
 .text.PHY_Write
                0x00012770       0x70 ./board/fsl_phy.o
                0x00012770                PHY_Write
 .text.PHY_Read
                0x000127e0       0x98 ./board/fsl_phy.o
                0x000127e0                PHY_Read
 .text.PHY_GetLinkStatus
                0x00012878       0x68 ./board/fsl_phy.o
                0x00012878                PHY_GetLinkStatus
 .text.PHY_GetLinkSpeedDuplex
                0x000128e0       0x98 ./board/fsl_phy.o
                0x000128e0                PHY_GetLinkSpeedDuplex
 .text.CLOCK_EnableClock
                0x00012978       0x34 ./board/pin_mux.o
 .text.PORT_SetPinConfig
                0x000129ac       0x44 ./board/pin_mux.o
 .text.PORT_SetPinMux
                0x000129f0       0x38 ./board/pin_mux.o
 .text.BOARD_InitPins
                0x00012a28      0x114 ./board/pin_mux.o
                0x00012a28                BOARD_InitPins
 .text.vPortSetupTimerInterrupt
                0x00012b3c       0x44 ./amazon-freertos/portable/fsl_tickless_systick.o
                0x00012b3c                vPortSetupTimerInterrupt
 .text.pvPortMalloc
                0x00012b80       0x24 ./amazon-freertos/FreeRTOS/portable/heap_3.o
                0x00012b80                pvPortMalloc
 .text.vPortFree
                0x00012ba4       0x24 ./amazon-freertos/FreeRTOS/portable/heap_3.o
                0x00012ba4                vPortFree
 .text.pxPortInitialiseStack
                0x00012bc8       0x68 ./amazon-freertos/FreeRTOS/portable/port.o
                0x00012bc8                pxPortInitialiseStack
 .text.prvTaskExitError
                0x00012c30       0x50 ./amazon-freertos/FreeRTOS/portable/port.o
 .text.SVC_Handler
                0x00012c80       0x30 ./amazon-freertos/FreeRTOS/portable/port.o
                0x00012c80                SVC_Handler
 .text.prvPortStartFirstTask
                0x00012cb0       0x28 ./amazon-freertos/FreeRTOS/portable/port.o
 .text.xPortStartScheduler
                0x00012cd8      0x13c ./amazon-freertos/FreeRTOS/portable/port.o
                0x00012cd8                xPortStartScheduler
 .text.vPortEnterCritical
                0x00012e14       0x5c ./amazon-freertos/FreeRTOS/portable/port.o
                0x00012e14                vPortEnterCritical
 .text.vPortExitCritical
                0x00012e70       0x4c ./amazon-freertos/FreeRTOS/portable/port.o
                0x00012e70                vPortExitCritical
 *fill*         0x00012ebc        0x4 
 .text.PendSV_Handler
                0x00012ec0       0x70 ./amazon-freertos/FreeRTOS/portable/port.o
                0x00012ec0                PendSV_Handler
 .text.SysTick_Handler
                0x00012f30       0x40 ./amazon-freertos/FreeRTOS/portable/port.o
                0x00012f30                SysTick_Handler
 .text.vPortEnableVFP
                0x00012f70       0x14 ./amazon-freertos/FreeRTOS/portable/port.o
 .text.vPortValidateInterruptPriority
                0x00012f84       0x78 ./amazon-freertos/FreeRTOS/portable/port.o
                0x00012f84                vPortValidateInterruptPriority
 .text.xEventGroupCreate
                0x00012ffc       0x30 ./amazon-freertos/FreeRTOS/event_groups.o
                0x00012ffc                xEventGroupCreate
 .text.xEventGroupWaitBits
                0x0001302c      0x198 ./amazon-freertos/FreeRTOS/event_groups.o
                0x0001302c                xEventGroupWaitBits
 .text.xEventGroupSetBits
                0x000131c4      0x114 ./amazon-freertos/FreeRTOS/event_groups.o
                0x000131c4                xEventGroupSetBits
 .text.vEventGroupSetBitsCallback
                0x000132d8       0x18 ./amazon-freertos/FreeRTOS/event_groups.o
                0x000132d8                vEventGroupSetBitsCallback
 .text.prvTestWaitCondition
                0x000132f0       0x44 ./amazon-freertos/FreeRTOS/event_groups.o
 .text.xEventGroupSetBitsFromISR
                0x00013334       0x28 ./amazon-freertos/FreeRTOS/event_groups.o
                0x00013334                xEventGroupSetBitsFromISR
 .text.vListInitialise
                0x0001335c       0x40 ./amazon-freertos/FreeRTOS/list.o
                0x0001335c                vListInitialise
 .text.vListInitialiseItem
                0x0001339c       0x18 ./amazon-freertos/FreeRTOS/list.o
                0x0001339c                vListInitialiseItem
 .text.vListInsertEnd
                0x000133b4       0x48 ./amazon-freertos/FreeRTOS/list.o
                0x000133b4                vListInsertEnd
 .text.vListInsert
                0x000133fc       0x70 ./amazon-freertos/FreeRTOS/list.o
                0x000133fc                vListInsert
 .text.uxListRemove
                0x0001346c       0x54 ./amazon-freertos/FreeRTOS/list.o
                0x0001346c                uxListRemove
 .text.xQueueGenericReset
                0x000134c0       0xd0 ./amazon-freertos/FreeRTOS/queue.o
                0x000134c0                xQueueGenericReset
 .text.xQueueGenericCreate
                0x00013590       0x70 ./amazon-freertos/FreeRTOS/queue.o
                0x00013590                xQueueGenericCreate
 .text.prvInitialiseNewQueue
                0x00013600       0x44 ./amazon-freertos/FreeRTOS/queue.o
 .text.prvInitialiseMutex
                0x00013644       0x34 ./amazon-freertos/FreeRTOS/queue.o
 .text.xQueueCreateMutex
                0x00013678       0x30 ./amazon-freertos/FreeRTOS/queue.o
                0x00013678                xQueueCreateMutex
 .text.xQueueGenericSend
                0x000136a8      0x1fc ./amazon-freertos/FreeRTOS/queue.o
                0x000136a8                xQueueGenericSend
 .text.xQueueGenericSendFromISR
                0x000138a4      0x128 ./amazon-freertos/FreeRTOS/queue.o
                0x000138a4                xQueueGenericSendFromISR
 .text.xQueueReceive
                0x000139cc      0x1c0 ./amazon-freertos/FreeRTOS/queue.o
                0x000139cc                xQueueReceive
 .text.xQueueSemaphoreTake
                0x00013b8c      0x218 ./amazon-freertos/FreeRTOS/queue.o
                0x00013b8c                xQueueSemaphoreTake
 .text.uxQueueMessagesWaiting
                0x00013da4       0x3c ./amazon-freertos/FreeRTOS/queue.o
                0x00013da4                uxQueueMessagesWaiting
 .text.vQueueDelete
                0x00013de0       0x38 ./amazon-freertos/FreeRTOS/queue.o
                0x00013de0                vQueueDelete
 .text.prvGetDisinheritPriorityAfterTimeout
                0x00013e18       0x30 ./amazon-freertos/FreeRTOS/queue.o
 .text.prvCopyDataToQueue
                0x00013e48       0xd8 ./amazon-freertos/FreeRTOS/queue.o
 .text.prvCopyDataFromQueue
                0x00013f20       0x4c ./amazon-freertos/FreeRTOS/queue.o
 .text.prvUnlockQueue
                0x00013f6c       0xa0 ./amazon-freertos/FreeRTOS/queue.o
 .text.prvIsQueueEmpty
                0x0001400c       0x2c ./amazon-freertos/FreeRTOS/queue.o
 .text.prvIsQueueFull
                0x00014038       0x30 ./amazon-freertos/FreeRTOS/queue.o
 .text.xQueueIsQueueFullFromISR
                0x00014068       0x48 ./amazon-freertos/FreeRTOS/queue.o
                0x00014068                xQueueIsQueueFullFromISR
 .text.vQueueAddToRegistry
                0x000140b0       0x50 ./amazon-freertos/FreeRTOS/queue.o
                0x000140b0                vQueueAddToRegistry
 .text.vQueueUnregisterQueue
                0x00014100       0x50 ./amazon-freertos/FreeRTOS/queue.o
                0x00014100                vQueueUnregisterQueue
 .text.vQueueWaitForMessageRestricted
                0x00014150       0x6c ./amazon-freertos/FreeRTOS/queue.o
                0x00014150                vQueueWaitForMessageRestricted
 .text.xTaskCreate
                0x000141bc       0x84 ./amazon-freertos/FreeRTOS/tasks.o
                0x000141bc                xTaskCreate
 .text.prvInitialiseNewTask
                0x00014240      0x128 ./amazon-freertos/FreeRTOS/tasks.o
 .text.prvAddNewTaskToReadyList
                0x00014368       0xdc ./amazon-freertos/FreeRTOS/tasks.o
 .text.vTaskDelete
                0x00014444      0x11c ./amazon-freertos/FreeRTOS/tasks.o
                0x00014444                vTaskDelete
 .text.vTaskStartScheduler
                0x00014560       0x94 ./amazon-freertos/FreeRTOS/tasks.o
                0x00014560                vTaskStartScheduler
 .text.vTaskSuspendAll
                0x000145f4       0x1c ./amazon-freertos/FreeRTOS/tasks.o
                0x000145f4                vTaskSuspendAll
 .text.xTaskResumeAll
                0x00014610      0x138 ./amazon-freertos/FreeRTOS/tasks.o
                0x00014610                xTaskResumeAll
 .text.xTaskGetTickCount
                0x00014748       0x20 ./amazon-freertos/FreeRTOS/tasks.o
                0x00014748                xTaskGetTickCount
 .text.xTaskIncrementTick
                0x00014768      0x15c ./amazon-freertos/FreeRTOS/tasks.o
                0x00014768                xTaskIncrementTick
 .text.vTaskSwitchContext
                0x000148c4       0xb4 ./amazon-freertos/FreeRTOS/tasks.o
                0x000148c4                vTaskSwitchContext
 .text.vTaskPlaceOnEventList
                0x00014978       0x44 ./amazon-freertos/FreeRTOS/tasks.o
                0x00014978                vTaskPlaceOnEventList
 .text.vTaskPlaceOnUnorderedEventList
                0x000149bc       0x74 ./amazon-freertos/FreeRTOS/tasks.o
                0x000149bc                vTaskPlaceOnUnorderedEventList
 .text.vTaskPlaceOnEventListRestricted
                0x00014a30       0x54 ./amazon-freertos/FreeRTOS/tasks.o
                0x00014a30                vTaskPlaceOnEventListRestricted
 .text.xTaskRemoveFromEventList
                0x00014a84       0xc4 ./amazon-freertos/FreeRTOS/tasks.o
                0x00014a84                xTaskRemoveFromEventList
 .text.vTaskRemoveFromUnorderedEventList
                0x00014b48       0xbc ./amazon-freertos/FreeRTOS/tasks.o
                0x00014b48                vTaskRemoveFromUnorderedEventList
 .text.vTaskInternalSetTimeOutState
                0x00014c04       0x2c ./amazon-freertos/FreeRTOS/tasks.o
                0x00014c04                vTaskInternalSetTimeOutState
 .text.xTaskCheckForTimeOut
                0x00014c30       0xc0 ./amazon-freertos/FreeRTOS/tasks.o
                0x00014c30                xTaskCheckForTimeOut
 .text.vTaskMissedYield
                0x00014cf0       0x18 ./amazon-freertos/FreeRTOS/tasks.o
                0x00014cf0                vTaskMissedYield
 .text.prvIdleTask
                0x00014d08       0x30 ./amazon-freertos/FreeRTOS/tasks.o
 .text.prvInitialiseTaskLists
                0x00014d38       0x7c ./amazon-freertos/FreeRTOS/tasks.o
 .text.prvCheckTasksWaitingTermination
                0x00014db4       0x58 ./amazon-freertos/FreeRTOS/tasks.o
 .text.prvDeleteTCB
                0x00014e0c       0x20 ./amazon-freertos/FreeRTOS/tasks.o
 .text.prvResetNextTaskUnblockTime
                0x00014e2c       0x48 ./amazon-freertos/FreeRTOS/tasks.o
 .text.xTaskGetSchedulerState
                0x00014e74       0x3c ./amazon-freertos/FreeRTOS/tasks.o
                0x00014e74                xTaskGetSchedulerState
 .text.xTaskPriorityInherit
                0x00014eb0      0x10c ./amazon-freertos/FreeRTOS/tasks.o
                0x00014eb0                xTaskPriorityInherit
 .text.xTaskPriorityDisinherit
                0x00014fbc      0x108 ./amazon-freertos/FreeRTOS/tasks.o
                0x00014fbc                xTaskPriorityDisinherit
 .text.vTaskPriorityDisinheritAfterTimeout
                0x000150c4      0x138 ./amazon-freertos/FreeRTOS/tasks.o
                0x000150c4                vTaskPriorityDisinheritAfterTimeout
 .text.uxTaskResetEventItemValue
                0x000151fc       0x30 ./amazon-freertos/FreeRTOS/tasks.o
                0x000151fc                uxTaskResetEventItemValue
 .text.pvTaskIncrementMutexHeldCount
                0x0001522c       0x28 ./amazon-freertos/FreeRTOS/tasks.o
                0x0001522c                pvTaskIncrementMutexHeldCount
 .text.prvAddCurrentTaskToDelayedList
                0x00015254       0xc8 ./amazon-freertos/FreeRTOS/tasks.o
 .text.xTimerCreateTimerTask
                0x0001531c       0x60 ./amazon-freertos/FreeRTOS/timers.o
                0x0001531c                xTimerCreateTimerTask
 .text.xTimerGenericCommand
                0x0001537c       0xa4 ./amazon-freertos/FreeRTOS/timers.o
                0x0001537c                xTimerGenericCommand
 .text.prvProcessExpiredTimer
                0x00015420       0x80 ./amazon-freertos/FreeRTOS/timers.o
 .text.prvTimerTask
                0x000154a0       0x24 ./amazon-freertos/FreeRTOS/timers.o
 .text.prvProcessTimerOrBlockTask
                0x000154c4       0x9c ./amazon-freertos/FreeRTOS/timers.o
 .text.prvGetNextExpireTime
                0x00015560       0x48 ./amazon-freertos/FreeRTOS/timers.o
 .text.prvSampleTimeNow
                0x000155a8       0x40 ./amazon-freertos/FreeRTOS/timers.o
 .text.prvInsertTimerInActiveList
                0x000155e8       0x84 ./amazon-freertos/FreeRTOS/timers.o
 .text.prvProcessReceivedCommands
                0x0001566c      0x160 ./amazon-freertos/FreeRTOS/timers.o
 .text.prvSwitchTimerLists
                0x000157cc       0xc0 ./amazon-freertos/FreeRTOS/timers.o
 .text.prvCheckForValidListAndQueue
                0x0001588c       0x6c ./amazon-freertos/FreeRTOS/timers.o
 .text.xTimerPendFunctionCallFromISR
                0x000158f8       0x44 ./amazon-freertos/FreeRTOS/timers.o
                0x000158f8                xTimerPendFunctionCallFromISR
 .text.__errno  0x0001593c        0xc c:/freescale/kds_v3/toolchain/bin/../lib/gcc/arm-none-eabi/4.8.4/../../../../arm-none-eabi/lib/armv7e-m/fpu\libg_s.a(lib_a-errno.o)
                0x0001593c                __errno
 .text.exit     0x00015948       0x28 c:/freescale/kds_v3/toolchain/bin/../lib/gcc/arm-none-eabi/4.8.4/../../../../arm-none-eabi/lib/armv7e-m/fpu\libg_s.a(lib_a-exit.o)
                0x00015948                exit
 .text.__libc_init_array
                0x00015970       0x4c c:/freescale/kds_v3/toolchain/bin/../lib/gcc/arm-none-eabi/4.8.4/../../../../arm-none-eabi/lib/armv7e-m/fpu\libg_s.a(lib_a-init.o)
                0x00015970                __libc_init_array
 .text.malloc   0x000159bc       0x10 c:/freescale/kds_v3/toolchain/bin/../lib/gcc/arm-none-eabi/4.8.4/../../../../arm-none-eabi/lib/armv7e-m/fpu\libg_s.a(lib_a-malloc.o)
                0x000159bc                malloc
 .text.free     0x000159cc       0x10 c:/freescale/kds_v3/toolchain/bin/../lib/gcc/arm-none-eabi/4.8.4/../../../../arm-none-eabi/lib/armv7e-m/fpu\libg_s.a(lib_a-malloc.o)
                0x000159cc                free
 .text.memcmp   0x000159dc       0x1e c:/freescale/kds_v3/toolchain/bin/../lib/gcc/arm-none-eabi/4.8.4/../../../../arm-none-eabi/lib/armv7e-m/fpu\libg_s.a(lib_a-memcmp.o)
                0x000159dc                memcmp
 .text.memcpy   0x000159fa       0x12 c:/freescale/kds_v3/toolchain/bin/../lib/gcc/arm-none-eabi/4.8.4/../../../../arm-none-eabi/lib/armv7e-m/fpu\libg_s.a(lib_a-memcpy-stub.o)
                0x000159fa                memcpy
 .text.memset   0x00015a0c       0x10 c:/freescale/kds_v3/toolchain/bin/../lib/gcc/arm-none-eabi/4.8.4/../../../../arm-none-eabi/lib/armv7e-m/fpu\libg_s.a(lib_a-memset.o)
                0x00015a0c                memset
 .text._free_r  0x00015a1c       0x88 c:/freescale/kds_v3/toolchain/bin/../lib/gcc/arm-none-eabi/4.8.4/../../../../arm-none-eabi/lib/armv7e-m/fpu\libg_s.a(lib_a-nano-freer.o)
                0x00015a1c                _free_r
 .text._malloc_r
                0x00015aa4       0xa8 c:/freescale/kds_v3/toolchain/bin/../lib/gcc/arm-none-eabi/4.8.4/../../../../arm-none-eabi/lib/armv7e-m/fpu\libg_s.a(lib_a-nano-mallocr.o)
                0x00015aa4                _malloc_r
 .text._sbrk_r  0x00015b4c       0x20 c:/freescale/kds_v3/toolchain/bin/../lib/gcc/arm-none-eabi/4.8.4/../../../../arm-none-eabi/lib/armv7e-m/fpu\libg_s.a(lib_a-sbrkr.o)
                0x00015b4c                _sbrk_r
 .text.strlen   0x00015b6c       0x10 c:/freescale/kds_v3/toolchain/bin/../lib/gcc/arm-none-eabi/4.8.4/../../../../arm-none-eabi/lib/armv7e-m/fpu\libg_s.a(lib_a-strlen.o)
                0x00015b6c                strlen
 .text._exit    0x00015b7c        0x4 c:/freescale/kds_v3/toolchain/bin/../lib/gcc/arm-none-eabi/4.8.4/../../../../arm-none-eabi/lib/armv7e-m/fpu\libnosys.a(_exit.o)
                0x00015b7c                _exit
 *(.rodata)
 .rodata        0x00015b80       0x40 ./utilities/fsl_assert.o
 .rodata        0x00015bc0       0x80 ./utilities/fsl_debug_console.o
 .rodata        0x00015c40       0x58 ./utilities/fsl_io.o
 .rodata        0x00015c98       0x68 ./utilities/fsl_log.o
 .rodata        0x00015d00      0x120 ./source/lwip_tcpecho_freertos.o
 .rodata        0x00015e20       0xa4 ./source/uart.o
 .rodata        0x00015ec4       0x34 ./lwip/src/netif/ethernet.o
 .rodata        0x00015ef8      0x4a0 ./lwip/src/core/ipv4/dhcp.o
 .rodata        0x00016398      0x208 ./lwip/src/core/ipv4/etharp.o
 .rodata        0x000165a0       0x98 ./lwip/src/core/ipv4/icmp.o
 .rodata        0x00016638       0x3c ./lwip/src/core/ipv4/ip4.o
 .rodata        0x00016674      0x1bc ./lwip/src/core/ipv4/ip4_frag.o
 .rodata        0x00016830      0x1c0 ./lwip/src/core/mem.o
 .rodata        0x000169f0      0x12c ./lwip/src/core/memp.o
 .rodata        0x00016b1c       0x18 ./lwip/src/core/netif.o
 .rodata        0x00016b34      0x4b4 ./lwip/src/core/pbuf.o
 .rodata        0x00016fe8      0x454 ./lwip/src/core/tcp.o
 .rodata        0x0001743c      0x2c8 ./lwip/src/core/tcp_in.o
 .rodata        0x00017704      0x444 ./lwip/src/core/tcp_out.o
 .rodata        0x00017b48       0x40 ./lwip/src/core/timeouts.o
 .rodata        0x00017b88       0x44 ./lwip/src/core/udp.o
 .rodata        0x00017bcc      0x288 ./lwip/src/api/api_lib.o
 .rodata        0x00017e54      0x49c ./lwip/src/api/api_msg.o
 .rodata        0x000182f0      0x13c ./lwip/src/api/netbuf.o
 .rodata        0x0001842c       0x88 ./lwip/src/api/tcpip.o
 .rodata        0x000184b4       0x9c ./lwip/port/ethernetif.o
 .rodata        0x00018550        0x4 ./lwip/port/sys_arch.o
 .rodata        0x00018554       0x28 ./lwip/contrib/apps/tcpecho/tcpecho.o
 .rodata        0x0001857c       0x7c ./drivers/fsl_clock.o
 .rodata        0x000185f8       0x74 ./drivers/fsl_dmamux.o
 .rodata        0x0001866c      0x2a0 ./drivers/fsl_edma.o
 .rodata        0x0001890c      0x1ac ./drivers/fsl_enet.o
 .rodata        0x00018ab8      0x160 ./drivers/fsl_uart.o
 .rodata        0x00018c18       0xbc ./drivers/fsl_uart_edma.o
 .rodata        0x00018cd4       0x80 ./board/fsl_phy.o
 .rodata        0x00018d54       0x44 ./board/pin_mux.o
 .rodata        0x00018d98       0x28 ./amazon-freertos/FreeRTOS/tasks.o
                0x00018db0                FreeRTOSDebugConfig
 .rodata        0x00018dc0       0x10 ./amazon-freertos/FreeRTOS/timers.o
 *(.rodata*)
 .rodata.__func__.6797
                0x00018dd0       0x10 ./utilities/fsl_debug_console.o
 .rodata.__func__.6964
                0x00018de0        0x8 ./utilities/fsl_io.o
 .rodata.__func__.7269
                0x00018de8        0xc ./utilities/fsl_log.o
 .rodata.__func__.7372
                0x00018df4       0x14 ./source/uart.o
 .rodata.__func__.7361
                0x00018e08       0x18 ./source/uart.o
 .rodata.ethbroadcast
                0x00018e20        0x8 ./lwip/src/netif/ethernet.o
                0x00018e20                ethbroadcast
 .rodata.ethzero
                0x00018e28        0x8 ./lwip/src/netif/ethernet.o
                0x00018e28                ethzero
 .rodata.ip_addr_any
                0x00018e30        0x4 ./lwip/src/core/ipv4/ip4_addr.o
                0x00018e30                ip_addr_any
 .rodata.ip_addr_broadcast
                0x00018e34        0x4 ./lwip/src/core/ipv4/ip4_addr.o
                0x00018e34                ip_addr_broadcast
 .rodata.memp_UDP_PCB
                0x00018e38       0x10 ./lwip/src/core/memp.o
                0x00018e38                memp_UDP_PCB
 .rodata.memp_TCP_PCB
                0x00018e48       0x10 ./lwip/src/core/memp.o
                0x00018e48                memp_TCP_PCB
 .rodata.memp_TCP_PCB_LISTEN
                0x00018e58       0x10 ./lwip/src/core/memp.o
                0x00018e58                memp_TCP_PCB_LISTEN
 .rodata.memp_TCP_SEG
                0x00018e68       0x10 ./lwip/src/core/memp.o
                0x00018e68                memp_TCP_SEG
 .rodata.memp_REASSDATA
                0x00018e78       0x10 ./lwip/src/core/memp.o
                0x00018e78                memp_REASSDATA
 .rodata.memp_FRAG_PBUF
                0x00018e88       0x10 ./lwip/src/core/memp.o
                0x00018e88                memp_FRAG_PBUF
 .rodata.memp_NETBUF
                0x00018e98       0x10 ./lwip/src/core/memp.o
                0x00018e98                memp_NETBUF
 .rodata.memp_NETCONN
                0x00018ea8       0x10 ./lwip/src/core/memp.o
                0x00018ea8                memp_NETCONN
 .rodata.memp_TCPIP_MSG_API
                0x00018eb8       0x10 ./lwip/src/core/memp.o
                0x00018eb8                memp_TCPIP_MSG_API
 .rodata.memp_TCPIP_MSG_INPKT
                0x00018ec8       0x10 ./lwip/src/core/memp.o
                0x00018ec8                memp_TCPIP_MSG_INPKT
 .rodata.memp_SYS_TIMEOUT
                0x00018ed8       0x10 ./lwip/src/core/memp.o
                0x00018ed8                memp_SYS_TIMEOUT
 .rodata.memp_PBUF
                0x00018ee8       0x10 ./lwip/src/core/memp.o
                0x00018ee8                memp_PBUF
 .rodata.memp_PBUF_POOL
                0x00018ef8       0x10 ./lwip/src/core/memp.o
                0x00018ef8                memp_PBUF_POOL
 .rodata.memp_pools
                0x00018f08       0x34 ./lwip/src/core/memp.o
                0x00018f08                memp_pools
 .rodata.tcp_backoff
                0x00018f3c       0x10 ./lwip/src/core/tcp.o
 .rodata.tcp_persist_backoff
                0x00018f4c        0x8 ./lwip/src/core/tcp.o
 .rodata.tcp_pcb_lists
                0x00018f54       0x10 ./lwip/src/core/tcp.o
                0x00018f54                tcp_pcb_lists
 .rodata.lwip_cyclic_timers
                0x00018f64       0x28 ./lwip/src/core/timeouts.o
                0x00018f64                lwip_cyclic_timers
 .rodata.__func__.6769
                0x00018f8c       0x18 ./drivers/fsl_clock.o
 .rodata.__func__.6807
                0x00018fa4       0x18 ./drivers/fsl_clock.o
 .rodata.__func__.6815
                0x00018fbc       0x18 ./drivers/fsl_clock.o
 .rodata.fllFactorTable.6890
                0x00018fd4       0x10 ./drivers/fsl_clock.o
 .rodata.__func__.6905
                0x00018fe4       0x14 ./drivers/fsl_clock.o
 .rodata.__func__.6950
                0x00018ff8       0x14 ./drivers/fsl_clock.o
 .rodata.__func__.7092
                0x0001900c       0x14 ./drivers/fsl_clock.o
 .rodata.__func__.7159
                0x00019020       0x14 ./drivers/fsl_clock.o
 .rodata.__func__.6774
                0x00019034       0x14 ./drivers/fsl_dmamux.o
 .rodata.s_edmaIRQNumber
                0x00019048       0x10 ./drivers/fsl_edma.o
 .rodata.__func__.7040
                0x00019058       0x14 ./drivers/fsl_edma.o
 .rodata.__func__.7046
                0x0001906c       0x10 ./drivers/fsl_edma.o
 .rodata.__func__.7051
                0x0001907c        0xc ./drivers/fsl_edma.o
 .rodata.__func__.7059
                0x00019088       0x18 ./drivers/fsl_edma.o
 .rodata.__func__.7071
                0x000190a0       0x18 ./drivers/fsl_edma.o
 .rodata.__func__.7115
                0x000190b8       0x10 ./drivers/fsl_edma.o
 .rodata.__func__.7121
                0x000190c8       0x1c ./drivers/fsl_edma.o
 .rodata.__func__.7180
                0x000190e4       0x14 ./drivers/fsl_edma.o
 .rodata.__func__.7196
                0x000190f8       0x14 ./drivers/fsl_edma.o
 .rodata.__func__.7207
                0x0001910c       0x18 ./drivers/fsl_edma.o
 .rodata.__func__.7233
                0x00019124       0x14 ./drivers/fsl_edma.o
 .rodata.__func__.7243
                0x00019138       0x14 ./drivers/fsl_edma.o
 .rodata.__func__.7256
                0x0001914c       0x10 ./drivers/fsl_edma.o
 .rodata.s_enetClock
                0x0001915c        0x4 ./drivers/fsl_enet.o
                0x0001915c                s_enetClock
 .rodata.__func__.7030
                0x00019160       0x14 ./drivers/fsl_enet.o
 .rodata.__func__.7034
                0x00019174       0x18 ./drivers/fsl_enet.o
 .rodata.__func__.7043
                0x0001918c        0xc ./drivers/fsl_enet.o
 .rodata.__func__.7053
                0x00019198       0x14 ./drivers/fsl_enet.o
 .rodata.__func__.7063
                0x000191ac       0x10 ./drivers/fsl_enet.o
 .rodata.__func__.7086
                0x000191bc       0x1c ./drivers/fsl_enet.o
 .rodata.__func__.7104
                0x000191d8       0x1c ./drivers/fsl_enet.o
 .rodata.__func__.7121
                0x000191f4       0x10 ./drivers/fsl_enet.o
 .rodata.__func__.7148
                0x00019204        0xc ./drivers/fsl_enet.o
 .rodata.__func__.7180
                0x00019210       0x14 ./drivers/fsl_enet.o
 .rodata.__func__.7191
                0x00019224       0x10 ./drivers/fsl_enet.o
 .rodata.__func__.7209
                0x00019234       0x18 ./drivers/fsl_enet.o
 .rodata.__func__.7219
                0x0001924c       0x10 ./drivers/fsl_enet.o
 .rodata.__func__.7260
                0x0001925c       0x18 ./drivers/fsl_enet.o
 .rodata.__func__.7269
                0x00019274       0x18 ./drivers/fsl_enet.o
 .rodata.__func__.7278
                0x0001928c       0x18 ./drivers/fsl_enet.o
 .rodata.s_uartBases
                0x000192a4       0x18 ./drivers/fsl_uart.o
 .rodata.s_uartClock
                0x000192bc       0x18 ./drivers/fsl_uart.o
 .rodata.__func__.6971
                0x000192d4       0x14 ./drivers/fsl_uart.o
 .rodata.__func__.6987
                0x000192e8        0xc ./drivers/fsl_uart.o
 .rodata.__func__.7005
                0x000192f4       0x18 ./drivers/fsl_uart.o
 .rodata.__func__.7065
                0x0001930c       0x14 ./drivers/fsl_uart.o
 .rodata.__func__.7303
                0x00019320       0x18 ./drivers/fsl_uart_edma.o
 .rodata.__func__.7311
                0x00019338       0x1c ./drivers/fsl_uart_edma.o
 .rodata.__func__.7321
                0x00019354       0x20 ./drivers/fsl_uart_edma.o
 .rodata.__func__.7336
                0x00019374       0x14 ./drivers/fsl_uart_edma.o
 .rodata.__func__.7343
                0x00019388       0x1c ./drivers/fsl_uart_edma.o
 .rodata.__func__.7348
                0x000193a4       0x20 ./drivers/fsl_uart_edma.o
 .rodata.mcgConfig_BOARD_BootClockRUN
                0x000193c4        0xc ./board/clock_config.o
                0x000193c4                mcgConfig_BOARD_BootClockRUN
 .rodata.simConfig_BOARD_BootClockRUN
                0x000193d0        0x8 ./board/clock_config.o
                0x000193d0                simConfig_BOARD_BootClockRUN
 .rodata.oscConfig_BOARD_BootClockRUN
                0x000193d8        0x8 ./board/clock_config.o
                0x000193d8                oscConfig_BOARD_BootClockRUN
 .rodata.__func__.7063
                0x000193e0        0xc ./board/fsl_phy.o
 .rodata.__func__.7082
                0x000193ec       0x14 ./board/fsl_phy.o
 .rodata.__func__.7091
                0x00019400       0x18 ./board/fsl_phy.o
 .rodata.__func__.6807
                0x00019418       0x14 ./board/pin_mux.o
 .rodata.str1.1
                0x0001942c        0x2 c:/freescale/kds_v3/toolchain/bin/../lib/gcc/arm-none-eabi/4.8.4/../../../../arm-none-eabi/lib/armv7e-m/fpu\libg_s.a(lib_a-impure.o)
 *fill*         0x0001942e        0x2 
 .rodata._global_impure_ptr
                0x00019430        0x4 c:/freescale/kds_v3/toolchain/bin/../lib/gcc/arm-none-eabi/4.8.4/../../../../arm-none-eabi/lib/armv7e-m/fpu\libg_s.a(lib_a-impure.o)
                0x00019430                _global_impure_ptr
 *(.glue_7)
 .glue_7        0x00000000        0x0 linker stubs
 *(.glue_7t)
 .glue_7t       0x00000000        0x0 linker stubs