Archive member included because of file (symbol)

c:/freescale/kds_v3/toolchain/bin/../lib/gcc/arm-none-eabi/4.8.4/../../../../arm-none-eabi/lib/armv7e-m/fpu\libg_s.a(lib_a-errno.o)
                              ./utilities/fsl_sbrk.o (__errno)
c:/freescale/kds_v3/toolchain/bin/../lib/gcc/arm-none-eabi/4.8.4/../../../../arm-none-eabi/lib/armv7e-m/fpu\libg_s.a(lib_a-exit.o)
                              c:/freescale/kds_v3/toolchain/bin/../lib/gcc/arm-none-eabi/4.8.4/../../../../arm-none-eabi/lib/armv7e-m/fpu/crt0.o (exit)
c:/freescale/kds_v3/toolchain/bin/../lib/gcc/arm-none-eabi/4.8.4/../../../../arm-none-eabi/lib/armv7e-m/fpu\libg_s.a(lib_a-impure.o)
                              c:/freescale/kds_v3/toolchain/bin/../lib/gcc/arm-none-eabi/4.8.4/../../../../arm-none-eabi/lib/armv7e-m/fpu\libg_s.a(lib_a-exit.o) (_global_impure_ptr)
c:/freescale/kds_v3/toolchain/bin/../lib/gcc/arm-none-eabi/4.8.4/../../../../arm-none-eabi/lib/armv7e-m/fpu\libg_s.a(lib_a-init.o)
                              c:/freescale/kds_v3/toolchain/bin/../lib/gcc/arm-none-eabi/4.8.4/../../../../arm-none-eabi/lib/armv7e-m/fpu/crt0.o (__libc_init_array)
c:/freescale/kds_v3/toolchain/bin/../lib/gcc/arm-none-eabi/4.8.4/../../../../arm-none-eabi/lib/armv7e-m/fpu\libg_s.a(lib_a-malloc.o)
                              ./drivers/fsl_common.o (malloc)
c:/freescale/kds_v3/toolchain/bin/../lib/gcc/arm-none-eabi/4.8.4/../../../../arm-none-eabi/lib/armv7e-m/fpu\libg_s.a(lib_a-memcmp.o)
                              ./lwip/src/netif/ethernet.o (memcmp)
c:/freescale/kds_v3/toolchain/bin/../lib/gcc/arm-none-eabi/4.8.4/../../../../arm-none-eabi/lib/armv7e-m/fpu\libg_s.a(lib_a-memcpy-stub.o)
                              ./lwip/src/netif/ethernet.o (memcpy)
c:/freescale/kds_v3/toolchain/bin/../lib/gcc/arm-none-eabi/4.8.4/../../../../arm-none-eabi/lib/armv7e-m/fpu\libg_s.a(lib_a-memset.o)
                              c:/freescale/kds_v3/toolchain/bin/../lib/gcc/arm-none-eabi/4.8.4/../../../../arm-none-eabi/lib/armv7e-m/fpu/crt0.o (memset)
c:/freescale/kds_v3/toolchain/bin/../lib/gcc/arm-none-eabi/4.8.4/../../../../arm-none-eabi/lib/armv7e-m/fpu\libg_s.a(lib_a-nano-freer.o)
                              c:/freescale/kds_v3/toolchain/bin/../lib/gcc/arm-none-eabi/4.8.4/../../../../arm-none-eabi/lib/armv7e-m/fpu\libg_s.a(lib_a-malloc.o) (_free_r)
c:/freescale/kds_v3/toolchain/bin/../lib/gcc/arm-none-eabi/4.8.4/../../../../arm-none-eabi/lib/armv7e-m/fpu\libg_s.a(lib_a-nano-mallocr.o)
                              c:/freescale/kds_v3/toolchain/bin/../lib/gcc/arm-none-eabi/4.8.4/../../../../arm-none-eabi/lib/armv7e-m/fpu\libg_s.a(lib_a-malloc.o) (_malloc_r)
c:/freescale/kds_v3/toolchain/bin/../lib/gcc/arm-none-eabi/4.8.4/../../../../arm-none-eabi/lib/armv7e-m/fpu\libg_s.a(lib_a-sbrkr.o)
                              c:/freescale/kds_v3/toolchain/bin/../lib/gcc/arm-none-eabi/4.8.4/../../../../arm-none-eabi/lib/armv7e-m/fpu\libg_s.a(lib_a-nano-mallocr.o) (_sbrk_r)
c:/freescale/kds_v3/toolchain/bin/../lib/gcc/arm-none-eabi/4.8.4/../../../../arm-none-eabi/lib/armv7e-m/fpu\libg_s.a(lib_a-sprintf.o)
                              ./amazon-freertos/FreeRTOS/tasks.o (sprintf)
c:/freescale/kds_v3/toolchain/bin/../lib/gcc/arm-none-eabi/4.8.4/../../../../arm-none-eabi/lib/armv7e-m/fpu\libg_s.a(lib_a-strcpy.o)
                              ./amazon-freertos/FreeRTOS/tasks.o (strcpy)
c:/freescale/kds_v3/toolchain/bin/../lib/gcc/arm-none-eabi/4.8.4/../../../../arm-none-eabi/lib/armv7e-m/fpu\libg_s.a(lib_a-strlen.o)
                              ./utilities/fsl_str.o (strlen)
c:/freescale/kds_v3/toolchain/bin/../lib/gcc/arm-none-eabi/4.8.4/../../../../arm-none-eabi/lib/armv7e-m/fpu\libg_s.a(lib_a-strncmp.o)
                              ./lwip/src/core/def.o (strncmp)
c:/freescale/kds_v3/toolchain/bin/../lib/gcc/arm-none-eabi/4.8.4/../../../../arm-none-eabi/lib/armv7e-m/fpu\libg_s.a(lib_a-svfprintf.o)
                              c:/freescale/kds_v3/toolchain/bin/../lib/gcc/arm-none-eabi/4.8.4/../../../../arm-none-eabi/lib/armv7e-m/fpu\libg_s.a(lib_a-sprintf.o) (_svfprintf_r)
c:/freescale/kds_v3/toolchain/bin/../lib/gcc/arm-none-eabi/4.8.4/../../../../arm-none-eabi/lib/armv7e-m/fpu\libg_s.a(lib_a-vfprintf_i.o)
                              c:/freescale/kds_v3/toolchain/bin/../lib/gcc/arm-none-eabi/4.8.4/../../../../arm-none-eabi/lib/armv7e-m/fpu\libg_s.a(lib_a-svfprintf.o) (_printf_i)
c:/freescale/kds_v3/toolchain/bin/../lib/gcc/arm-none-eabi/4.8.4/../../../../arm-none-eabi/lib/armv7e-m/fpu\libg_s.a(lib_a-memchr-stub.o)
                              c:/freescale/kds_v3/toolchain/bin/../lib/gcc/arm-none-eabi/4.8.4/../../../../arm-none-eabi/lib/armv7e-m/fpu\libg_s.a(lib_a-svfprintf.o) (memchr)
c:/freescale/kds_v3/toolchain/bin/../lib/gcc/arm-none-eabi/4.8.4/../../../../arm-none-eabi/lib/armv7e-m/fpu\libg_s.a(lib_a-memmove.o)
[...]
Memory Configuration

Name             Origin             Length             Attributes
m_interrupts     0x00000000         0x00000400         xr
m_flash_config   0x00000400         0x00000010         xr
m_text           0x00000410         0x000ffbf0         xr
m_data           0x1fff0000         0x00010000         rw
m_data_2         0x20000000         0x00030000         rw
*default*        0x00000000         0xffffffff

Linker script and memory map

LOAD c:/freescale/kds_v3/toolchain/bin/../lib/gcc/arm-none-eabi/4.8.4/armv7e-m/fpu/crti.o
LOAD c:/freescale/kds_v3/toolchain/bin/../lib/gcc/arm-none-eabi/4.8.4/armv7e-m/fpu/crtbegin.o
LOAD c:/freescale/kds_v3/toolchain/bin/../lib/gcc/arm-none-eabi/4.8.4/../../../../arm-none-eabi/lib/armv7e-m/fpu/crt0.o
START GROUP
LOAD ./utilities/fsl_assert.o
LOAD ./utilities/fsl_debug_console.o
LOAD ./utilities/fsl_io.o
LOAD ./utilities/fsl_log.o
LOAD ./utilities/fsl_sbrk.o
LOAD ./utilities/fsl_str.o
LOAD ./startup/startup_MK64F12.o
LOAD ./startup/system_MK64F12.o
LOAD ./source/lwip_tcpecho_freertos.o
LOAD ./lwip/src/netif/ppp/auth.o
LOAD ./lwip/src/netif/ppp/ccp.o
LOAD ./lwip/src/netif/ppp/chap-md5.o
LOAD ./lwip/src/netif/ppp/chap-new.o
LOAD ./lwip/src/netif/ppp/chap_ms.o
LOAD ./lwip/src/netif/ppp/demand.o
LOAD ./lwip/src/netif/ppp/eap.o
LOAD ./lwip/src/netif/ppp/eui64.o
LOAD ./lwip/src/netif/ppp/fsm.o
LOAD ./lwip/src/netif/ppp/ipcp.o
LOAD ./lwip/src/netif/ppp/ipv6cp.o
LOAD ./lwip/src/netif/ppp/lcp.o
LOAD ./lwip/src/netif/ppp/lwip_ecp.o
LOAD ./lwip/src/netif/ppp/magic.o
LOAD ./lwip/src/netif/ppp/mppe.o
LOAD ./lwip/src/netif/ppp/multilink.o
LOAD ./lwip/src/netif/ppp/ppp.o
LOAD ./lwip/src/netif/ppp/pppapi.o
LOAD ./lwip/src/netif/ppp/pppcrypt.o
LOAD ./lwip/src/netif/ppp/pppoe.o
LOAD ./lwip/src/netif/ppp/pppol2tp.o
LOAD ./lwip/src/netif/ppp/pppos.o
LOAD ./lwip/src/netif/ppp/upap.o
LOAD ./lwip/src/netif/ppp/utils.o
LOAD ./lwip/src/netif/ppp/vj.o
LOAD ./lwip/src/netif/ethernet.o
LOAD ./lwip/src/netif/lowpan6.o
LOAD ./lwip/src/netif/slipif.o
LOAD ./lwip/src/core/ipv6/dhcp6.o
LOAD ./lwip/src/core/ipv6/ethip6.o
LOAD ./lwip/src/core/ipv6/icmp6.o
LOAD ./lwip/src/core/ipv6/inet6.o
LOAD ./lwip/src/core/ipv6/ip6.o
LOAD ./lwip/src/core/ipv6/ip6_addr.o
LOAD ./lwip/src/core/ipv6/ip6_frag.o
LOAD ./lwip/src/core/ipv6/mld6.o
LOAD ./lwip/src/core/ipv6/nd6.o
LOAD ./lwip/src/core/ipv4/autoip.o
LOAD ./lwip/src/core/ipv4/dhcp.o
LOAD ./lwip/src/core/ipv4/etharp.o
LOAD ./lwip/src/core/ipv4/icmp.o
LOAD ./lwip/src/core/ipv4/igmp.o
LOAD ./lwip/src/core/ipv4/ip4.o
LOAD ./lwip/src/core/ipv4/ip4_addr.o
LOAD ./lwip/src/core/ipv4/ip4_frag.o
LOAD ./lwip/src/core/def.o
LOAD ./lwip/src/core/dns.o
LOAD ./lwip/src/core/inet_chksum.o
LOAD ./lwip/src/core/init.o
LOAD ./lwip/src/core/ip.o
LOAD ./lwip/src/core/mem.o
LOAD ./lwip/src/core/memp.o
LOAD ./lwip/src/core/netif.o
LOAD ./lwip/src/core/pbuf.o
LOAD ./lwip/src/core/raw.o
LOAD ./lwip/src/core/stats.o
LOAD ./lwip/src/core/sys.o
LOAD ./lwip/src/core/tcp.o
LOAD ./lwip/src/core/tcp_in.o
LOAD ./lwip/src/core/tcp_out.o
LOAD ./lwip/src/core/timeouts.o
LOAD ./lwip/src/core/udp.o
LOAD ./lwip/src/api/api_lib.o
LOAD ./lwip/src/api/api_msg.o
LOAD ./lwip/src/api/err.o
LOAD ./lwip/src/api/netbuf.o
LOAD ./lwip/src/api/netdb.o
LOAD ./lwip/src/api/netifapi.o
LOAD ./lwip/src/api/sockets.o
LOAD ./lwip/src/api/tcpip.o
LOAD ./lwip/port/ethernetif.o
LOAD ./lwip/port/sys_arch.o
LOAD ./lwip/contrib/apps/tcpecho/tcpecho.o
LOAD ./drivers/fsl_clock.o
LOAD ./drivers/fsl_common.o
LOAD ./drivers/fsl_enet.o
LOAD ./drivers/fsl_flash.o
LOAD ./drivers/fsl_gpio.o
LOAD ./drivers/fsl_sim.o
LOAD ./drivers/fsl_smc.o
LOAD ./drivers/fsl_uart.o
LOAD ./board/board.o
LOAD ./board/clock_config.o
LOAD ./board/fsl_phy.o
LOAD ./board/pin_mux.o
LOAD ./amazon-freertos/portable/fsl_tickless_systick.o
LOAD ./amazon-freertos/FreeRTOS/portable/heap_3.o
LOAD ./amazon-freertos/FreeRTOS/portable/port.o
LOAD ./amazon-freertos/FreeRTOS/event_groups.o
LOAD ./amazon-freertos/FreeRTOS/list.o
LOAD ./amazon-freertos/FreeRTOS/queue.o
LOAD ./amazon-freertos/FreeRTOS/stream_buffer.o
LOAD ./amazon-freertos/FreeRTOS/tasks.o
LOAD ./amazon-freertos/FreeRTOS/timers.o
LOAD c:/freescale/kds_v3/toolchain/bin/../lib/gcc/arm-none-eabi/4.8.4/../../../../arm-none-eabi/lib/armv7e-m/fpu\libg_s.a
LOAD c:/freescale/kds_v3/toolchain/bin/../lib/gcc/arm-none-eabi/4.8.4/armv7e-m/fpu\libgcc.a
LOAD c:/freescale/kds_v3/toolchain/bin/../lib/gcc/arm-none-eabi/4.8.4/../../../../arm-none-eabi/lib/armv7e-m/fpu\libnosys.a
END GROUP
LOAD c:/freescale/kds_v3/toolchain/bin/../lib/gcc/arm-none-eabi/4.8.4/../../../../arm-none-eabi/lib/armv7e-m/fpu\libstdc++_s.a
LOAD c:/freescale/kds_v3/toolchain/bin/../lib/gcc/arm-none-eabi/4.8.4/../../../../arm-none-eabi/lib/armv7e-m/fpu\libm.a
START GROUP
LOAD c:/freescale/kds_v3/toolchain/bin/../lib/gcc/arm-none-eabi/4.8.4/armv7e-m/fpu\libgcc.a
LOAD c:/freescale/kds_v3/toolchain/bin/../lib/gcc/arm-none-eabi/4.8.4/../../../../arm-none-eabi/lib/armv7e-m/fpu\libg_s.a
LOAD c:/freescale/kds_v3/toolchain/bin/../lib/gcc/arm-none-eabi/4.8.4/../../../../arm-none-eabi/lib/armv7e-m/fpu\libc_s.a
END GROUP
START GROUP
LOAD c:/freescale/kds_v3/toolchain/bin/../lib/gcc/arm-none-eabi/4.8.4/armv7e-m/fpu\libgcc.a
LOAD c:/freescale/kds_v3/toolchain/bin/../lib/gcc/arm-none-eabi/4.8.4/../../../../arm-none-eabi/lib/armv7e-m/fpu\libc_s.a
END GROUP
LOAD c:/freescale/kds_v3/toolchain/bin/../lib/gcc/arm-none-eabi/4.8.4/armv7e-m/fpu/crtend.o
LOAD c:/freescale/kds_v3/toolchain/bin/../lib/gcc/arm-none-eabi/4.8.4/armv7e-m/fpu/crtn.o
                0x00006400                HEAP_SIZE = DEFINED (__heap_size__)?__heap_size__:0x6400
                0x000003e8                STACK_SIZE = DEFINED (__stack_size__)?__stack_size__:0x3e8

.interrupts     0x00000000      0x400
                0x00000000                . = ALIGN (0x4)
 *(.isr_vector)
 .isr_vector    0x00000000      0x400 ./startup/startup_MK64F12.o
                0x00000000                __isr_vector
                0x00000400                . = ALIGN (0x4)

.flash_config   0x00000400       0x10
                0x00000400                . = ALIGN (0x4)
 *(.FlashConfig)
 .FlashConfig   0x00000400       0x10 ./startup/startup_MK64F12.o
                0x00000410                . = ALIGN (0x4)

.text           0x00000410    0x171b0
                0x00000410                . = ALIGN (0x4)
 *(.text)
 .text          0x00000410       0x54 c:/freescale/kds_v3/toolchain/bin/../lib/gcc/arm-none-eabi/4.8.4/armv7e-m/fpu/crtbegin.o
 .text          0x00000464       0x74 c:/freescale/kds_v3/toolchain/bin/../lib/gcc/arm-none-eabi/4.8.4/../../../../arm-none-eabi/lib/armv7e-m/fpu/crt0.o
                0x00000464                _start
                0x00000464                _mainCRTStartup
 .text          0x000004d8      0x200 ./startup/startup_MK64F12.o
                0x000004d8                Reset_Handler
                0x00000538                DebugMon_Handler
                0x00000538                PORTC_IRQHandler
                0x00000538                DMA0_DriverIRQHandler
                0x00000538                DMA12_DriverIRQHandler
                0x00000538                DMA1_DriverIRQHandler
                0x00000538                SPI1_DriverIRQHandler
                0x00000538                DMA_Error_DriverIRQHandler
                0x00000538                CMP0_IRQHandler
                0x00000538                I2C1_DriverIRQHandler
                0x00000538                DMA7_DriverIRQHandler
                0x00000538                I2C0_DriverIRQHandler
                0x00000538                ENET_Transmit_DriverIRQHandler
                0x00000538                DMA2_DriverIRQHandler
                0x00000538                SDHC_DriverIRQHandler
                0x00000538                PIT0_IRQHandler
                0x00000538                UART1_ERR_DriverIRQHandler
                0x00000538                CMP2_IRQHandler
                0x00000538                LLWU_IRQHandler
                0x00000538                I2S0_Tx_DriverIRQHandler
                0x00000538                DMA6_DriverIRQHandler
                0x00000538                BusFault_Handler
                0x00000538                ENET_1588_Timer_DriverIRQHandler
                0x00000538                I2C2_DriverIRQHandler
                0x00000538                SWI_IRQHandler
                0x00000538                ADC0_IRQHandler
                0x00000538                UsageFault_Handler
                0x00000538                LPTMR0_IRQHandler
                0x00000538                CMT_IRQHandler
                0x00000538                FTM2_IRQHandler
                0x00000538                PORTE_IRQHandler
                0x00000538                DefaultISR
                0x00000538                FTM3_IRQHandler
                0x00000538                UART5_ERR_DriverIRQHandler
                0x00000538                CAN0_DriverIRQHandler
                0x00000538                DMA11_DriverIRQHandler
                0x00000538                CMP1_IRQHandler
                0x00000538                Reserved71_IRQHandler
                0x00000538                PORTD_IRQHandler
                0x00000538                PORTB_IRQHandler
                0x00000538                DMA10_DriverIRQHandler
                0x00000538                MCM_IRQHandler
                0x00000538                UART2_ERR_DriverIRQHandler
                0x00000538                SPI2_DriverIRQHandler
                0x00000538                ADC1_IRQHandler
                0x00000538                DMA5_DriverIRQHandler
                0x00000538                DMA4_DriverIRQHandler
                0x00000538                DAC1_IRQHandler
                0x00000538                PIT2_IRQHandler
                0x00000538                PORTA_IRQHandler
                0x00000538                FTM0_IRQHandler
                0x00000538                RTC_IRQHandler
                0x00000538                UART3_ERR_DriverIRQHandler
                0x00000538                PDB0_IRQHandler
                0x00000538                DMA9_DriverIRQHandler
                0x00000538                FTM1_IRQHandler
                0x00000538                LVD_LVW_IRQHandler
                0x00000538                PIT1_IRQHandler
                0x00000538                DMA3_DriverIRQHandler
                0x00000538                PIT3_IRQHandler
                0x00000538                SPI0_DriverIRQHandler
                0x00000538                RTC_Seconds_IRQHandler
                0x00000538                MCG_IRQHandler
                0x00000538                FTFE_IRQHandler
                0x00000538                UART0_LON_DriverIRQHandler
                0x00000538                DMA8_DriverIRQHandler
                0x00000538                UART0_ERR_DriverIRQHandler
                0x00000538                DMA15_DriverIRQHandler
                0x00000538                ENET_Error_DriverIRQHandler
                0x00000538                DMA13_DriverIRQHandler
                0x00000538                Read_Collision_IRQHandler
                0x00000538                DMA14_DriverIRQHandler
                0x00000538                DAC0_IRQHandler
                0x00000538                USBDCD_IRQHandler
                0x00000538                I2S0_Rx_DriverIRQHandler
                0x00000538                USB0_IRQHandler
                0x00000538                ENET_Receive_DriverIRQHandler
                0x00000538                UART4_ERR_DriverIRQHandler
                0x00000538                WDOG_EWM_IRQHandler
                0x00000538                MemManage_Handler
                0x00000538                RNG_IRQHandler
                0x0000053c                NMI_Handler
                0x00000540                HardFault_Handler
                0x00000550                DMA0_IRQHandler
                0x00000554                DMA1_IRQHandler
                0x00000558                DMA2_IRQHandler
                0x0000055c                DMA3_IRQHandler
                0x00000560                DMA4_IRQHandler
                0x00000564                DMA5_IRQHandler
                0x00000568                DMA6_IRQHandler
                0x0000056c                DMA7_IRQHandler
                0x00000570                DMA8_IRQHandler
                0x00000574                DMA9_IRQHandler
                0x00000578                DMA10_IRQHandler
                0x0000057c                DMA11_IRQHandler
                0x00000580                DMA12_IRQHandler
                0x00000584                DMA13_IRQHandler
                0x00000588                DMA14_IRQHandler
                0x0000058c                DMA15_IRQHandler
                0x00000590                DMA_Error_IRQHandler
                0x00000594                I2C0_IRQHandler
                0x00000598                I2C1_IRQHandler
                0x0000059c                SPI0_IRQHandler
                0x000005a0                SPI1_IRQHandler
                0x000005a4                I2S0_Tx_IRQHandler
                0x000005a8                I2S0_Rx_IRQHandler
                0x000005ac                UART0_LON_IRQHandler
                0x000005b0                UART0_RX_TX_IRQHandler
                0x000005b4                UART0_ERR_IRQHandler
                0x000005b8                UART1_RX_TX_IRQHandler
                0x000005bc                UART1_ERR_IRQHandler
                0x000005c0                UART2_RX_TX_IRQHandler
                0x000005c4                UART2_ERR_IRQHandler
                0x000005c8                UART3_RX_TX_IRQHandler
                0x000005cc                UART3_ERR_IRQHandler
                0x000005d0                SPI2_IRQHandler
                0x000005d4                UART4_RX_TX_IRQHandler
                0x000005d8                UART4_ERR_IRQHandler
                0x000005dc                UART5_RX_TX_IRQHandler
                0x000005e0                UART5_ERR_IRQHandler
                0x000005e4                I2C2_IRQHandler
                0x000005e8                CAN0_ORed_Message_buffer_IRQHandler
                0x000005ec                CAN0_Bus_Off_IRQHandler
                0x000005f0                CAN0_Error_IRQHandler
                0x000005f4                CAN0_Tx_Warning_IRQHandler
                0x000005f8                CAN0_Rx_Warning_IRQHandler
                0x000005fc                CAN0_Wake_Up_IRQHandler
                0x00000600                SDHC_IRQHandler
 .text          0x000006d8       0x38 c:/freescale/kds_v3/toolchain/bin/../lib/gcc/arm-none-eabi/4.8.4/armv7e-m/fpu\libgcc.a(_aeabi_ldivmod.o)
                0x000006d8                __aeabi_ldivmod
 .text          0x00000710       0x2c c:/freescale/kds_v3/toolchain/bin/../lib/gcc/arm-none-eabi/4.8.4/armv7e-m/fpu\libgcc.a(_aeabi_uldivmod.o)
                0x00000710                __aeabi_uldivmod
 .text          0x0000073c       0x60 c:/freescale/kds_v3/toolchain/bin/../lib/gcc/arm-none-eabi/4.8.4/armv7e-m/fpu\libgcc.a(bpabi.o)
                0x0000073c                __gnu_ldivmod_helper
                0x0000076c                __gnu_uldivmod_helper
 .text          0x0000079c        0x4 c:/freescale/kds_v3/toolchain/bin/../lib/gcc/arm-none-eabi/4.8.4/armv7e-m/fpu\libgcc.a(_dvmd_tls.o)
                0x0000079c                __aeabi_idiv0
                0x0000079c                __aeabi_ldiv0
 .text          0x000007a0      0x298 c:/freescale/kds_v3/toolchain/bin/../lib/gcc/arm-none-eabi/4.8.4/armv7e-m/fpu\libgcc.a(_divdi3.o)
                0x000007a0                __divdi3
 .text          0x00000a38      0x284 c:/freescale/kds_v3/toolchain/bin/../lib/gcc/arm-none-eabi/4.8.4/armv7e-m/fpu\libgcc.a(_udivdi3.o)
                0x00000a38                __udivdi3
 *(.text*)
 .text.__assert_func
                0x00000cbc       0x28 ./utilities/fsl_assert.o
                0x00000cbc                __assert_func
 .text.DbgConsole_Init
                0x00000ce4       0x48 ./utilities/fsl_debug_console.o
                0x00000ce4                DbgConsole_Init
 .text.DbgConsole_Printf
                0x00000d2c       0x68 ./utilities/fsl_debug_console.o
                0x00000d2c                DbgConsole_Printf
 .text.DbgConsole_RelocateLog
                0x00000d94       0x60 ./utilities/fsl_debug_console.o
 .text.UART_EnableTx
                0x00000df4       0x40 ./utilities/fsl_io.o
 .text.UART_EnableRx
                0x00000e34       0x40 ./utilities/fsl_io.o
 .text.IO_Init  0x00000e74       0x90 ./utilities/fsl_io.o
                0x00000e74                IO_Init
 .text.IO_Transfer
                0x00000f04       0x5c ./utilities/fsl_io.o
                0x00000f04                IO_Transfer
 .text.LOG_Init
                0x00000f60       0x34 ./utilities/fsl_log.o
                0x00000f60                LOG_Init
 .text.LOG_Push
                0x00000f94       0x3c ./utilities/fsl_log.o
                0x00000f94                LOG_Push
 .text.LOG_Pop  0x00000fd0       0x44 ./utilities/fsl_log.o
                0x00000fd0                LOG_Pop
 .text._sbrk    0x00001014       0x64 ./utilities/fsl_sbrk.o
                0x00001014                _sbrk
 .text.ConvertRadixNumToString
                0x00001078      0x1d8 ./utilities/fsl_str.o
 .text.StrFormatPrintf
                0x00001250      0x7f0 ./utilities/fsl_str.o
                0x00001250                StrFormatPrintf
 .text.SystemInit
                0x00001a40       0x3c ./startup/system_MK64F12.o
                0x00001a40                SystemInit
 .text.SystemInitHook
                0x00001a7c        0xc ./startup/system_MK64F12.o
                0x00001a7c                SystemInitHook
 .text.stack_init
                0x00001a88      0x138 ./source/lwip_tcpecho_freertos.o
 .text.main     0x00001bc0       0x60 ./source/lwip_tcpecho_freertos.o
                0x00001bc0                main
 .text.ethernet_input
                0x00001c20      0x12c ./lwip/src/netif/ethernet.o
                0x00001c20                ethernet_input
 .text.ethernet_output
                0x00001d4c       0x80 ./lwip/src/netif/ethernet.o
                0x00001d4c                ethernet_output
 .text.dhcp_check
                0x00001dcc       0x64 ./lwip/src/core/ipv4/dhcp.o
 .text.dhcp_select
                0x00001e30      0x150 ./lwip/src/core/ipv4/dhcp.o
 .text.dhcp_coarse_tmr
                0x00001f80       0xa4 ./lwip/src/core/ipv4/dhcp.o
                0x00001f80                dhcp_coarse_tmr
 .text.dhcp_fine_tmr
                0x00002024       0x60 ./lwip/src/core/ipv4/dhcp.o
                0x00002024                dhcp_fine_tmr
 .text.dhcp_timeout
                0x00002084       0x90 ./lwip/src/core/ipv4/dhcp.o
 .text.dhcp_t1_timeout
                0x00002114       0x5c ./lwip/src/core/ipv4/dhcp.o
 .text.dhcp_t2_timeout
                0x00002170       0x64 ./lwip/src/core/ipv4/dhcp.o
 .text.dhcp_arp_reply
                0x000021d4       0x48 ./lwip/src/core/ipv4/dhcp.o
                0x000021d4                dhcp_arp_reply
 .text.dhcp_decline
                0x0000221c       0xd8 ./lwip/src/core/ipv4/dhcp.o
 .text.dhcp_discover
                0x000022f4      0x11c ./lwip/src/core/ipv4/dhcp.o
 .text.dhcp_bind
                0x00002410      0x1a0 ./lwip/src/core/ipv4/dhcp.o
 .text.dhcp_renew
                0x000025b0      0x110 ./lwip/src/core/ipv4/dhcp.o
                0x000025b0                dhcp_renew
 .text.dhcp_rebind
                0x000026c0      0x110 ./lwip/src/core/ipv4/dhcp.o
 .text.dhcp_reboot
                0x000027d0      0x12c ./lwip/src/core/ipv4/dhcp.o
 .text.dhcp_release
                0x000028fc      0x114 ./lwip/src/core/ipv4/dhcp.o
                0x000028fc                dhcp_release
 .text.dhcp_set_state
                0x00002a10       0x34 ./lwip/src/core/ipv4/dhcp.o
 .text.dhcp_option
                0x00002a44       0x60 ./lwip/src/core/ipv4/dhcp.o
 .text.dhcp_option_byte
                0x00002aa4       0x3c ./lwip/src/core/ipv4/dhcp.o
 .text.dhcp_option_short
                0x00002ae0       0x60 ./lwip/src/core/ipv4/dhcp.o
 .text.dhcp_option_long
                0x00002b40       0x9c ./lwip/src/core/ipv4/dhcp.o
 .text.dhcp_create_msg
                0x00002bdc      0x280 ./lwip/src/core/ipv4/dhcp.o
 .text.dhcp_delete_msg
                0x00002e5c       0x64 ./lwip/src/core/ipv4/dhcp.o
 .text.dhcp_option_trailer
                0x00002ec0       0x94 ./lwip/src/core/ipv4/dhcp.o
 .text.dhcp_supplied_address
                0x00002f54       0x44 ./lwip/src/core/ipv4/dhcp.o
                0x00002f54                dhcp_supplied_address
 .text.etharp_free_entry
                0x00002f98       0xbc ./lwip/src/core/ipv4/etharp.o
 .text.etharp_tmr
                0x00003054      0x150 ./lwip/src/core/ipv4/etharp.o
                0x00003054                etharp_tmr
 .text.etharp_find_entry
                0x000031a4      0x258 ./lwip/src/core/ipv4/etharp.o
 .text.etharp_update_arp_entry
                0x000033fc      0x13c ./lwip/src/core/ipv4/etharp.o
 .text.etharp_input
                0x00003538      0x118 ./lwip/src/core/ipv4/etharp.o
                0x00003538                etharp_input
 .text.etharp_output_to_arp_index
                0x00003650      0x128 ./lwip/src/core/ipv4/etharp.o
 .text.etharp_output
                0x00003778      0x1b4 ./lwip/src/core/ipv4/etharp.o
                0x00003778                etharp_output
 .text.etharp_query
                0x0000392c      0x270 ./lwip/src/core/ipv4/etharp.o
                0x0000392c                etharp_query
 .text.etharp_raw
                0x00003b9c       0xfc ./lwip/src/core/ipv4/etharp.o
 .text.etharp_request_dst
                0x00003c98       0x40 ./lwip/src/core/ipv4/etharp.o
 .text.etharp_request
                0x00003cd8       0x24 ./lwip/src/core/ipv4/etharp.o
                0x00003cd8                etharp_request
 .text.icmp_input
                0x00003cfc      0x238 ./lwip/src/core/ipv4/icmp.o
                0x00003cfc                icmp_input
 .text.icmp_dest_unreach
                0x00003f34       0x20 ./lwip/src/core/ipv4/icmp.o
                0x00003f34                icmp_dest_unreach
 .text.icmp_time_exceeded
                0x00003f54       0x20 ./lwip/src/core/ipv4/icmp.o
                0x00003f54                icmp_time_exceeded
 .text.icmp_send_response
                0x00003f74       0xd4 ./lwip/src/core/ipv4/icmp.o
 .text.ip4_route
                0x00004048       0xd0 ./lwip/src/core/ipv4/ip4.o
                0x00004048                ip4_route
 .text.ip4_input
                0x00004118      0x2d0 ./lwip/src/core/ipv4/ip4.o
                0x00004118                ip4_input
 .text.ip4_output_if
                0x000043e8       0x54 ./lwip/src/core/ipv4/ip4.o
                0x000043e8                ip4_output_if
 .text.ip4_output_if_src
                0x0000443c      0x1f0 ./lwip/src/core/ipv4/ip4.o
                0x0000443c                ip4_output_if_src
 .text.ip4_addr_isbroadcast_u32
                0x0000462c       0x84 ./lwip/src/core/ipv4/ip4_addr.o
                0x0000462c                ip4_addr_isbroadcast_u32
 .text.ip_reass_tmr
                0x000046b0       0x54 ./lwip/src/core/ipv4/ip4_frag.o
                0x000046b0                ip_reass_tmr
 .text.ip_reass_free_complete_datagram
                0x00004704      0x124 ./lwip/src/core/ipv4/ip4_frag.o
 .text.ip_reass_remove_oldest_datagram
                0x00004828       0xc4 ./lwip/src/core/ipv4/ip4_frag.o
 .text.ip_reass_enqueue_new_datagram
                0x000048ec       0x74 ./lwip/src/core/ipv4/ip4_frag.o
 .text.ip_reass_dequeue_datagram
                0x00004960       0x48 ./lwip/src/core/ipv4/ip4_frag.o
 .text.ip_reass_chain_frag_into_datagram_and_validate
                0x000049a8      0x274 ./lwip/src/core/ipv4/ip4_frag.o
 .text.ip4_reass
                0x00004c1c      0x264 ./lwip/src/core/ipv4/ip4_frag.o
                0x00004c1c                ip4_reass
 .text.ip_frag_alloc_pbuf_custom_ref
                0x00004e80       0x10 ./lwip/src/core/ipv4/ip4_frag.o
 .text.ip_frag_free_pbuf_custom_ref
                0x00004e90       0x28 ./lwip/src/core/ipv4/ip4_frag.o
 .text.ipfrag_free_pbuf_custom
                0x00004eb8       0x4c ./lwip/src/core/ipv4/ip4_frag.o
 .text.ip4_frag
                0x00004f04      0x228 ./lwip/src/core/ipv4/ip4_frag.o
                0x00004f04                ip4_frag
 .text.lwip_htons
                0x0000512c       0x24 ./lwip/src/core/def.o
                0x0000512c                lwip_htons
 .text.lwip_htonl
                0x00005150       0x34 ./lwip/src/core/def.o
                0x00005150                lwip_htonl
 .text.lwip_standard_chksum
                0x00005184       0xb8 ./lwip/src/core/inet_chksum.o
                0x00005184                lwip_standard_chksum
 .text.inet_cksum_pseudo_base
                0x0000523c       0xd8 ./lwip/src/core/inet_chksum.o
 .text.inet_chksum_pseudo
                0x00005314       0x74 ./lwip/src/core/inet_chksum.o
                0x00005314                inet_chksum_pseudo
 .text.ip_chksum_pseudo
                0x00005388       0x30 ./lwip/src/core/inet_chksum.o
                0x00005388                ip_chksum_pseudo
 .text.inet_chksum
                0x000053b8       0x24 ./lwip/src/core/inet_chksum.o
                0x000053b8                inet_chksum
 .text.inet_chksum_pbuf
                0x000053dc       0x98 ./lwip/src/core/inet_chksum.o
                0x000053dc                inet_chksum_pbuf
 .text.lwip_init
                0x00005474       0x2c ./lwip/src/core/init.o
                0x00005474                lwip_init
 .text.plug_holes
                0x000054a0      0x108 ./lwip/src/core/mem.o
 .text.mem_init
                0x000055a8       0x90 ./lwip/src/core/mem.o
                0x000055a8                mem_init
 .text.mem_free
                0x00005638       0xbc ./lwip/src/core/mem.o
                0x00005638                mem_free
 .text.mem_trim
                0x000056f4      0x1bc ./lwip/src/core/mem.o
                0x000056f4                mem_trim
 .text.mem_malloc
                0x000058b0      0x1c4 ./lwip/src/core/mem.o
                0x000058b0                mem_malloc
 .text.memp_init_pool
                0x00005a74       0x5c ./lwip/src/core/memp.o
                0x00005a74                memp_init_pool
 .text.memp_init
                0x00005ad0       0x30 ./lwip/src/core/memp.o
                0x00005ad0                memp_init
 .text.do_memp_malloc_pool
                0x00005b00       0x54 ./lwip/src/core/memp.o
 .text.memp_malloc
                0x00005b54       0x3c ./lwip/src/core/memp.o
                0x00005b54                memp_malloc
 .text.do_memp_free_pool
                0x00005b90       0x48 ./lwip/src/core/memp.o
 .text.memp_free
                0x00005bd8       0x40 ./lwip/src/core/memp.o
                0x00005bd8                memp_free
 .text.netif_init
                0x00005c18        0xc ./lwip/src/core/netif.o
                0x00005c18                netif_init
 .text.netif_add
                0x00005c24       0xa8 ./lwip/src/core/netif.o
                0x00005c24                netif_add
 .text.netif_set_addr
                0x00005ccc       0x54 ./lwip/src/core/netif.o
                0x00005ccc                netif_set_addr
 .text.netif_set_ipaddr
                0x00005d20       0x70 ./lwip/src/core/netif.o
                0x00005d20                netif_set_ipaddr
 .text.netif_set_gw
                0x00005d90       0x28 ./lwip/src/core/netif.o
                0x00005d90                netif_set_gw
 .text.netif_set_netmask
                0x00005db8       0x28 ./lwip/src/core/netif.o
                0x00005db8                netif_set_netmask
 .text.netif_set_default
                0x00005de0       0x1c ./lwip/src/core/netif.o
                0x00005de0                netif_set_default
 .text.netif_set_up
                0x00005dfc       0x44 ./lwip/src/core/netif.o
                0x00005dfc                netif_set_up
 .text.netif_issue_reports
                0x00005e40       0x40 ./lwip/src/core/netif.o
 .text.pbuf_alloc
                0x00005e80      0x2d8 ./lwip/src/core/pbuf.o
                0x00005e80                pbuf_alloc
 .text.pbuf_alloced_custom
                0x00006158       0xc4 ./lwip/src/core/pbuf.o
                0x00006158                pbuf_alloced_custom
 .text.pbuf_realloc
                0x0000621c      0x12c ./lwip/src/core/pbuf.o
                0x0000621c                pbuf_realloc
 .text.pbuf_header_impl
                0x00006348      0x128 ./lwip/src/core/pbuf.o
 .text.pbuf_header
                0x00006470       0x24 ./lwip/src/core/pbuf.o
                0x00006470                pbuf_header
 .text.pbuf_header_force
                0x00006494       0x24 ./lwip/src/core/pbuf.o
                0x00006494                pbuf_header_force
 .text.pbuf_free
                0x000064b8      0x10c ./lwip/src/core/pbuf.o
                0x000064b8                pbuf_free
 .text.pbuf_clen
                0x000065c4       0x30 ./lwip/src/core/pbuf.o
                0x000065c4                pbuf_clen
 .text.pbuf_ref
                0x000065f4       0x40 ./lwip/src/core/pbuf.o
                0x000065f4                pbuf_ref
 .text.pbuf_cat
                0x00006634       0x8c ./lwip/src/core/pbuf.o
                0x00006634                pbuf_cat
 .text.pbuf_chain
                0x000066c0       0x20 ./lwip/src/core/pbuf.o
                0x000066c0                pbuf_chain
 .text.pbuf_copy
                0x000066e0      0x15c ./lwip/src/core/pbuf.o
                0x000066e0                pbuf_copy
 .text.pbuf_copy_partial
                0x0000683c       0xd8 ./lwip/src/core/pbuf.o
                0x0000683c                pbuf_copy_partial
 .text.tcp_init
                0x00006914        0xc ./lwip/src/core/tcp.o
                0x00006914                tcp_init
 .text.tcp_tmr  0x00006920       0x2c ./lwip/src/core/tcp.o
                0x00006920                tcp_tmr
 .text.tcp_remove_listener
                0x0000694c       0x38 ./lwip/src/core/tcp.o
 .text.tcp_listen_closed
                0x00006984       0x58 ./lwip/src/core/tcp.o
 .text.tcp_backlog_delayed
                0x000069dc       0x60 ./lwip/src/core/tcp.o
                0x000069dc                tcp_backlog_delayed
 .text.tcp_backlog_accepted
                0x00006a3c       0x60 ./lwip/src/core/tcp.o
                0x00006a3c                tcp_backlog_accepted
 .text.tcp_close_shutdown
                0x00006a9c      0x1bc ./lwip/src/core/tcp.o
 .text.tcp_close_shutdown_fin
                0x00006c58       0xbc ./lwip/src/core/tcp.o
 .text.tcp_close
                0x00006d14       0x30 ./lwip/src/core/tcp.o
                0x00006d14                tcp_close
 .text.tcp_shutdown
                0x00006d44       0x8c ./lwip/src/core/tcp.o
                0x00006d44                tcp_shutdown
 .text.tcp_abandon
                0x00006dd0      0x144 ./lwip/src/core/tcp.o
                0x00006dd0                tcp_abandon
 .text.tcp_abort
                0x00006f14       0x18 ./lwip/src/core/tcp.o
                0x00006f14                tcp_abort
 .text.tcp_bind
                0x00006f2c      0x110 ./lwip/src/core/tcp.o
                0x00006f2c                tcp_bind
 .text.tcp_accept_null
                0x0000703c       0x20 ./lwip/src/core/tcp.o
 .text.tcp_listen_with_backlog_and_err
                0x0000705c      0x148 ./lwip/src/core/tcp.o
                0x0000705c                tcp_listen_with_backlog_and_err
 .text.tcp_update_rcv_ann_wnd
                0x000071a4       0x90 ./lwip/src/core/tcp.o
                0x000071a4                tcp_update_rcv_ann_wnd
 .text.tcp_recved
                0x00007234       0x9c ./lwip/src/core/tcp.o
                0x00007234                tcp_recved
 .text.tcp_new_port
                0x000072d0       0x8c ./lwip/src/core/tcp.o
 .text.tcp_slowtmr
                0x0000735c      0x4e8 ./lwip/src/core/tcp.o
                0x0000735c                tcp_slowtmr
 .text.tcp_fasttmr
                0x00007844       0xc4 ./lwip/src/core/tcp.o
                0x00007844                tcp_fasttmr
 .text.tcp_process_refused_data
                0x00007908       0xcc ./lwip/src/core/tcp.o
                0x00007908                tcp_process_refused_data
 .text.tcp_segs_free
                0x000079d4       0x28 ./lwip/src/core/tcp.o
                0x000079d4                tcp_segs_free
 .text.tcp_seg_free
                0x000079fc       0x30 ./lwip/src/core/tcp.o
                0x000079fc                tcp_seg_free
 .text.tcp_recv_null
                0x00007a2c       0x48 ./lwip/src/core/tcp.o
                0x00007a2c                tcp_recv_null
 .text.tcp_kill_prio
                0x00007a74       0x80 ./lwip/src/core/tcp.o
 .text.tcp_kill_state
                0x00007af4       0x84 ./lwip/src/core/tcp.o
 .text.tcp_kill_timewait
                0x00007b78       0x5c ./lwip/src/core/tcp.o
 .text.tcp_alloc
                0x00007bd4      0x100 ./lwip/src/core/tcp.o
                0x00007bd4                tcp_alloc
 .text.tcp_new_ip_type
                0x00007cd4       0x1c ./lwip/src/core/tcp.o
                0x00007cd4                tcp_new_ip_type
 .text.tcp_arg  0x00007cf0       0x20 ./lwip/src/core/tcp.o
                0x00007cf0                tcp_arg
 .text.tcp_recv
                0x00007d10       0x30 ./lwip/src/core/tcp.o
                0x00007d10                tcp_recv
 .text.tcp_sent
                0x00007d40       0x30 ./lwip/src/core/tcp.o
                0x00007d40                tcp_sent
 .text.tcp_err  0x00007d70       0x30 ./lwip/src/core/tcp.o
                0x00007d70                tcp_err
 .text.tcp_accept
                0x00007da0       0x2c ./lwip/src/core/tcp.o
                0x00007da0                tcp_accept
 .text.tcp_poll
                0x00007dcc       0x34 ./lwip/src/core/tcp.o
                0x00007dcc                tcp_poll
 .text.tcp_pcb_purge
                0x00007e00       0x78 ./lwip/src/core/tcp.o
                0x00007e00                tcp_pcb_purge
 .text.tcp_pcb_remove
                0x00007e78       0xc4 ./lwip/src/core/tcp.o
                0x00007e78                tcp_pcb_remove
 .text.tcp_next_iss
                0x00007f3c       0x30 ./lwip/src/core/tcp.o
                0x00007f3c                tcp_next_iss
 .text.tcp_eff_send_mss_impl
                0x00007f6c       0x48 ./lwip/src/core/tcp.o
                0x00007f6c                tcp_eff_send_mss_impl
 .text.tcp_netif_ip_addr_changed_pcblist
                0x00007fb4       0x40 ./lwip/src/core/tcp.o
 .text.tcp_netif_ip_addr_changed
                0x00007ff4       0x7c ./lwip/src/core/tcp.o
                0x00007ff4                tcp_netif_ip_addr_changed
 .text.tcp_input
                0x00008070      0x768 ./lwip/src/core/tcp_in.o
                0x00008070                tcp_input
 .text.tcp_listen_input
                0x000087d8      0x1e8 ./lwip/src/core/tcp_in.o
 .text.tcp_timewait_input
                0x000089c0       0xd0 ./lwip/src/core/tcp_in.o
 .text.tcp_process
                0x00008a90      0x730 ./lwip/src/core/tcp_in.o
 .text.tcp_receive
                0x000091c0      0x950 ./lwip/src/core/tcp_in.o
 .text.tcp_getoptbyte
                0x00009b10       0x74 ./lwip/src/core/tcp_in.o
 .text.tcp_parseopt
                0x00009b84       0xc8 ./lwip/src/core/tcp_in.o
 .text.tcp_trigger_input_pcb_close
                0x00009c4c       0x20 ./lwip/src/core/tcp_in.o
                0x00009c4c                tcp_trigger_input_pcb_close
 .text.tcp_output_alloc_header
                0x00009c6c       0xe8 ./lwip/src/core/tcp_out.o
 .text.tcp_send_fin
                0x00009d54       0x80 ./lwip/src/core/tcp_out.o
                0x00009d54                tcp_send_fin
 .text.tcp_create_segment
                0x00009dd4      0x10c ./lwip/src/core/tcp_out.o
 .text.tcp_pbuf_prealloc
                0x00009ee0       0xb8 ./lwip/src/core/tcp_out.o
 .text.tcp_write_checks
                0x00009f98       0xd0 ./lwip/src/core/tcp_out.o
 .text.tcp_write
                0x0000a068      0x680 ./lwip/src/core/tcp_out.o
                0x0000a068                tcp_write
 .text.tcp_enqueue_flags
                0x0000a6e8      0x1c4 ./lwip/src/core/tcp_out.o
                0x0000a6e8                tcp_enqueue_flags
 .text.tcp_send_empty_ack
                0x0000a8ac       0xd4 ./lwip/src/core/tcp_out.o
                0x0000a8ac                tcp_send_empty_ack
 .text.tcp_output
                0x0000a980      0x3a0 ./lwip/src/core/tcp_out.o
                0x0000a980                tcp_output
 .text.tcp_output_segment
                0x0000ad20      0x15c ./lwip/src/core/tcp_out.o
 .text.tcp_rst  0x0000ae7c       0xf8 ./lwip/src/core/tcp_out.o
                0x0000ae7c                tcp_rst
 .text.tcp_rexmit_rto
                0x0000af74       0x7c ./lwip/src/core/tcp_out.o
                0x0000af74                tcp_rexmit_rto
 .text.tcp_rexmit
                0x0000aff0       0xa0 ./lwip/src/core/tcp_out.o
                0x0000aff0                tcp_rexmit
 .text.tcp_rexmit_fast
                0x0000b090       0x9c ./lwip/src/core/tcp_out.o
                0x0000b090                tcp_rexmit_fast
 .text.tcp_keepalive
                0x0000b12c       0x98 ./lwip/src/core/tcp_out.o
                0x0000b12c                tcp_keepalive
 .text.tcp_zero_window_probe
                0x0000b1c4      0x154 ./lwip/src/core/tcp_out.o
                0x0000b1c4                tcp_zero_window_probe
 .text.tcpip_tcp_timer
                0x0000b318       0x44 ./lwip/src/core/timeouts.o
 .text.tcp_timer_needed
                0x0000b35c       0x40 ./lwip/src/core/timeouts.o
                0x0000b35c                tcp_timer_needed
 .text.cyclic_timer
                0x0000b39c       0x2c ./lwip/src/core/timeouts.o
 .text.sys_timeouts_init
                0x0000b3c8       0x50 ./lwip/src/core/timeouts.o
                0x0000b3c8                sys_timeouts_init
 .text.sys_timeout
                0x0000b418      0x134 ./lwip/src/core/timeouts.o
                0x0000b418                sys_timeout
 .text.sys_check_timeouts
                0x0000b54c       0xa0 ./lwip/src/core/timeouts.o
 .text.sys_timeouts_sleeptime
                0x0000b5ec       0x4c ./lwip/src/core/timeouts.o
 .text.sys_timeouts_mbox_fetch
                0x0000b638       0x4c ./lwip/src/core/timeouts.o
                0x0000b638                sys_timeouts_mbox_fetch
 .text.udp_init
                0x0000b684        0xc ./lwip/src/core/udp.o
                0x0000b684                udp_init
 .text.udp_new_port
                0x0000b690       0x74 ./lwip/src/core/udp.o
 .text.udp_input_local_match
                0x0000b704       0x78 ./lwip/src/core/udp.o
 .text.udp_input
                0x0000b77c      0x1f0 ./lwip/src/core/udp.o
                0x0000b77c                udp_input
 .text.udp_sendto_if
                0x0000b96c       0x78 ./lwip/src/core/udp.o
                0x0000b96c                udp_sendto_if
 .text.udp_sendto_if_src
                0x0000b9e4      0x154 ./lwip/src/core/udp.o
                0x0000b9e4                udp_sendto_if_src
 .text.udp_bind
                0x0000bb38       0xdc ./lwip/src/core/udp.o
                0x0000bb38                udp_bind
 .text.udp_recv
                0x0000bc14       0x24 ./lwip/src/core/udp.o
                0x0000bc14                udp_recv
 .text.udp_remove
                0x0000bc38       0x60 ./lwip/src/core/udp.o
                0x0000bc38                udp_remove
 .text.udp_new  0x0000bc98       0x30 ./lwip/src/core/udp.o
                0x0000bc98                udp_new
 .text.udp_new_ip_type
                0x0000bcc8       0x1c ./lwip/src/core/udp.o
                0x0000bcc8                udp_new_ip_type
 .text.udp_netif_ip_addr_changed
                0x0000bce4       0x5c ./lwip/src/core/udp.o
                0x0000bce4                udp_netif_ip_addr_changed
 .text.netconn_apimsg
                0x0000bd40       0x40 ./lwip/src/api/api_lib.o
 .text.netconn_new_with_proto_and_callback
                0x0000bd80       0xbc ./lwip/src/api/api_lib.o
                0x0000bd80                netconn_new_with_proto_and_callback
 .text.netconn_delete
                0x0000be3c       0x4c ./lwip/src/api/api_lib.o
                0x0000be3c                netconn_delete
 .text.netconn_bind
                0x0000be88       0x60 ./lwip/src/api/api_lib.o
                0x0000be88                netconn_bind
 .text.netconn_listen_with_backlog
                0x0000bee8       0x48 ./lwip/src/api/api_lib.o
                0x0000bee8                netconn_listen_with_backlog
 .text.netconn_accept
                0x0000bf30       0xf8 ./lwip/src/api/api_lib.o
                0x0000bf30                netconn_accept
 .text.netconn_recv_data
                0x0000c028      0x168 ./lwip/src/api/api_lib.o
 .text.netconn_recv
                0x0000c190       0xc8 ./lwip/src/api/api_lib.o
                0x0000c190                netconn_recv
 .text.netconn_write_partly
                0x0000c258       0xd4 ./lwip/src/api/api_lib.o
                0x0000c258                netconn_write_partly
 .text.netconn_close_shutdown
                0x0000c32c       0x4c ./lwip/src/api/api_lib.o
 .text.netconn_close
                0x0000c378       0x1c ./lwip/src/api/api_lib.o
                0x0000c378                netconn_close
 .text.recv_udp
                0x0000c394       0xd0 ./lwip/src/api/api_msg.o
 .text.recv_tcp
                0x0000c464       0xe8 ./lwip/src/api/api_msg.o
 .text.poll_tcp
                0x0000c54c       0xc4 ./lwip/src/api/api_msg.o
 .text.sent_tcp
                0x0000c610       0xa0 ./lwip/src/api/api_msg.o
 .text.err_tcp  0x0000c6b0      0x1a4 ./lwip/src/api/api_msg.o
 .text.setup_tcp
                0x0000c854       0x50 ./lwip/src/api/api_msg.o
 .text.accept_function
                0x0000c8a4      0x138 ./lwip/src/api/api_msg.o
 .text.pcb_new  0x0000c9dc       0xc4 ./lwip/src/api/api_msg.o
 .text.lwip_netconn_do_newconn
                0x0000caa0       0x54 ./lwip/src/api/api_msg.o
                0x0000caa0                lwip_netconn_do_newconn
 .text.netconn_alloc
                0x0000caf4       0xd4 ./lwip/src/api/api_msg.o
                0x0000caf4                netconn_alloc
 .text.netconn_free
                0x0000cbc8       0x5c ./lwip/src/api/api_msg.o
                0x0000cbc8                netconn_free
 .text.netconn_drain
                0x0000cc24       0xe8 ./lwip/src/api/api_msg.o
 .text.lwip_netconn_do_close_internal
                0x0000cd0c      0x2b0 ./lwip/src/api/api_msg.o
 .text.lwip_netconn_do_delconn
                0x0000cfbc      0x1d0 ./lwip/src/api/api_msg.o
                0x0000cfbc                lwip_netconn_do_delconn
 .text.lwip_netconn_do_bind
                0x0000d18c       0xc0 ./lwip/src/api/api_msg.o
                0x0000d18c                lwip_netconn_do_bind
 .text.lwip_netconn_do_listen
                0x0000d24c      0x1a0 ./lwip/src/api/api_msg.o
                0x0000d24c                lwip_netconn_do_listen
 .text.lwip_netconn_do_recv
                0x0000d3ec       0x94 ./lwip/src/api/api_msg.o
                0x0000d3ec                lwip_netconn_do_recv
 .text.lwip_netconn_do_accepted
                0x0000d480       0x68 ./lwip/src/api/api_msg.o
                0x0000d480                lwip_netconn_do_accepted
 .text.lwip_netconn_do_writemore
                0x0000d4e8      0x320 ./lwip/src/api/api_msg.o
 .text.lwip_netconn_do_write
                0x0000d808      0x130 ./lwip/src/api/api_msg.o
                0x0000d808                lwip_netconn_do_write
 .text.lwip_netconn_do_close
                0x0000d938      0x12c ./lwip/src/api/api_msg.o
                0x0000d938                lwip_netconn_do_close
 .text.netbuf_delete
                0x0000da64       0x3c ./lwip/src/api/netbuf.o
                0x0000da64                netbuf_delete
 .text.netbuf_data
                0x0000daa0       0x74 ./lwip/src/api/netbuf.o
                0x0000daa0                netbuf_data
 .text.netbuf_next
                0x0000db14       0x50 ./lwip/src/api/netbuf.o
                0x0000db14                netbuf_next
 .text.tcpip_thread
                0x0000db64       0xbc ./lwip/src/api/tcpip.o
 .text.tcpip_inpkt
                0x0000dc20       0x74 ./lwip/src/api/tcpip.o
                0x0000dc20                tcpip_inpkt
 .text.tcpip_input
                0x0000dc94       0x44 ./lwip/src/api/tcpip.o
                0x0000dc94                tcpip_input
 .text.tcpip_send_msg_wait_sem
                0x0000dcd8       0x30 ./lwip/src/api/tcpip.o
                0x0000dcd8                tcpip_send_msg_wait_sem
 .text.tcpip_init
                0x0000dd08       0x78 ./lwip/src/api/tcpip.o
                0x0000dd08                tcpip_init
 .text.__NVIC_SetPriority
                0x0000dd80       0x54 ./lwip/port/ethernetif.o
 .text.ENET_ActiveRead
                0x0000ddd4       0x1c ./lwip/port/ethernetif.o
 .text.ethernet_callback
                0x0000ddf0       0x98 ./lwip/port/ethernetif.o
 .text.enet_init
                0x0000de88      0x18c ./lwip/port/ethernetif.o
 .text.low_level_init
                0x0000e014       0x5c ./lwip/port/ethernetif.o
 .text.enet_get_tx_buffer
                0x0000e070       0x1c ./lwip/port/ethernetif.o
 .text.enet_send_frame
                0x0000e08c       0x5c ./lwip/port/ethernetif.o
 .text.low_level_output
                0x0000e0e8       0xa8 ./lwip/port/ethernetif.o
 .text.enet_get_rx_frame_size
                0x0000e190       0x20 ./lwip/port/ethernetif.o
 .text.enet_read_frame
                0x0000e1b0       0x28 ./lwip/port/ethernetif.o
 .text.low_level_input
                0x0000e1d8      0x134 ./lwip/port/ethernetif.o
 .text.ethernetif_input
                0x0000e30c       0x4c ./lwip/port/ethernetif.o
                0x0000e30c                ethernetif_input
 .text.get_enet_base
                0x0000e358       0x68 ./lwip/port/ethernetif.o
 .text.ethernetif_init
                0x0000e3c0       0x94 ./lwip/port/ethernetif.o
 .text.ethernetif0_init
                0x0000e454       0x4c ./lwip/port/ethernetif.o
                0x0000e454                ethernetif0_init
 .text.sys_assert
                0x0000e4a0       0x20 ./lwip/port/sys_arch.o
                0x0000e4a0                sys_assert
 .text.sys_mbox_new
                0x0000e4c0       0x38 ./lwip/port/sys_arch.o
                0x0000e4c0                sys_mbox_new
 .text.sys_mbox_free
                0x0000e4f8       0x40 ./lwip/port/sys_arch.o
                0x0000e4f8                sys_mbox_free
 .text.sys_mbox_trypost
                0x0000e538       0x9c ./lwip/port/sys_arch.o
                0x0000e538                sys_mbox_trypost
 .text.sys_arch_mbox_fetch
                0x0000e5d4       0x98 ./lwip/port/sys_arch.o
                0x0000e5d4                sys_arch_mbox_fetch
 .text.sys_arch_mbox_tryfetch
                0x0000e66c       0x40 ./lwip/port/sys_arch.o
                0x0000e66c                sys_arch_mbox_tryfetch
 .text.sys_sem_new
                0x0000e6ac       0x64 ./lwip/port/sys_arch.o
                0x0000e6ac                sys_sem_new
 .text.sys_arch_sem_wait
                0x0000e710       0x80 ./lwip/port/sys_arch.o
                0x0000e710                sys_arch_sem_wait
 .text.sys_mutex_new
                0x0000e790       0x30 ./lwip/port/sys_arch.o
                0x0000e790                sys_mutex_new
 .text.sys_mutex_lock
                0x0000e7c0       0x24 ./lwip/port/sys_arch.o
                0x0000e7c0                sys_mutex_lock
 .text.sys_mutex_unlock
                0x0000e7e4       0x20 ./lwip/port/sys_arch.o
                0x0000e7e4                sys_mutex_unlock
 .text.sys_sem_signal
                0x0000e804       0x20 ./lwip/port/sys_arch.o
                0x0000e804                sys_sem_signal
 .text.sys_sem_free
                0x0000e824       0x18 ./lwip/port/sys_arch.o
                0x0000e824                sys_sem_free
 .text.sys_init
                0x0000e83c        0xc ./lwip/port/sys_arch.o
                0x0000e83c                sys_init
 .text.sys_now  0x0000e848       0x10 ./lwip/port/sys_arch.o
                0x0000e848                sys_now
 .text.sys_thread_new
                0x0000e858       0x44 ./lwip/port/sys_arch.o
                0x0000e858                sys_thread_new
 .text.sys_arch_protect
                0x0000e89c       0x44 ./lwip/port/sys_arch.o
                0x0000e89c                sys_arch_protect
 .text.sys_arch_unprotect
                0x0000e8e0       0x2c ./lwip/port/sys_arch.o
                0x0000e8e0                sys_arch_unprotect
 .text.tcpecho_thread
                0x0000e90c       0xec ./lwip/contrib/apps/tcpecho/tcpecho.o
 .text.tcpecho_init
                0x0000e9f8       0x24 ./lwip/contrib/apps/tcpecho/tcpecho.o
                0x0000e9f8                tcpecho_init
 .text.CLOCK_SetEr32kClock
                0x0000ea1c       0x2c ./drivers/fsl_clock.o
 .text.CLOCK_SetPllFllSelClock
                0x0000ea48       0x38 ./drivers/fsl_clock.o
 .text.OSC_SetExtRefClkConfig
                0x0000ea80       0x34 ./drivers/fsl_clock.o
 .text.OSC_SetCapLoad
                0x0000eab4       0x34 ./drivers/fsl_clock.o
 .text.CLOCK_GetMcgExtClkFreq
                0x0000eae8       0x8c ./drivers/fsl_clock.o
 .text.CLOCK_GetFllExtRefClkFreq
                0x0000eb74       0xc8 ./drivers/fsl_clock.o
 .text.CLOCK_GetInternalRefClkSelectFreq
                0x0000ec3c       0x44 ./drivers/fsl_clock.o
 .text.CLOCK_GetFllRefClkFreq
                0x0000ec80       0x2c ./drivers/fsl_clock.o
 .text.CLOCK_GetPll0RefFreq
                0x0000ecac       0x10 ./drivers/fsl_clock.o
 .text.CLOCK_GetOscRangeFromFreq
                0x0000ecbc       0x3c ./drivers/fsl_clock.o
 .text.CLOCK_GetOsc0ErClkFreq
                0x0000ecf8       0x48 ./drivers/fsl_clock.o
                0x0000ecf8                CLOCK_GetOsc0ErClkFreq
 .text.CLOCK_GetEr32kClkFreq
                0x0000ed40       0x80 ./drivers/fsl_clock.o
                0x0000ed40                CLOCK_GetEr32kClkFreq
 .text.CLOCK_GetPllFllSelClkFreq
                0x0000edc0       0x54 ./drivers/fsl_clock.o
                0x0000edc0                CLOCK_GetPllFllSelClkFreq
 .text.CLOCK_GetCoreSysClkFreq
                0x0000ee14       0x24 ./drivers/fsl_clock.o
                0x0000ee14                CLOCK_GetCoreSysClkFreq
 .text.CLOCK_GetFreq
                0x0000ee38      0x144 ./drivers/fsl_clock.o
                0x0000ee38                CLOCK_GetFreq
 .text.CLOCK_SetSimConfig
                0x0000ef7c       0x34 ./drivers/fsl_clock.o
                0x0000ef7c                CLOCK_SetSimConfig
 .text.CLOCK_GetOutClkFreq
                0x0000efb0       0x64 ./drivers/fsl_clock.o
                0x0000efb0                CLOCK_GetOutClkFreq
 .text.CLOCK_GetFllFreq
                0x0000f014       0x74 ./drivers/fsl_clock.o
                0x0000f014                CLOCK_GetFllFreq
 .text.CLOCK_GetInternalRefClkFreq
                0x0000f088       0x24 ./drivers/fsl_clock.o
                0x0000f088                CLOCK_GetInternalRefClkFreq
 .text.CLOCK_GetFixedFreqClkFreq
                0x0000f0ac       0x30 ./drivers/fsl_clock.o
                0x0000f0ac                CLOCK_GetFixedFreqClkFreq
 .text.CLOCK_GetPll0Freq
                0x0000f0dc       0x78 ./drivers/fsl_clock.o
                0x0000f0dc                CLOCK_GetPll0Freq
 .text.CLOCK_SetExternalRefClkConfig
                0x0000f154       0x6c ./drivers/fsl_clock.o
                0x0000f154                CLOCK_SetExternalRefClkConfig
 .text.CLOCK_SetInternalRefClkConfig
                0x0000f1c0      0x104 ./drivers/fsl_clock.o
                0x0000f1c0                CLOCK_SetInternalRefClkConfig
 .text.CLOCK_EnablePll0
                0x0000f2c4       0x94 ./drivers/fsl_clock.o
                0x0000f2c4                CLOCK_EnablePll0
 .text.CLOCK_InitOsc0
                0x0000f358       0x8c ./drivers/fsl_clock.o
                0x0000f358                CLOCK_InitOsc0
 .text.CLOCK_SetPbeMode
                0x0000f3e4       0xb8 ./drivers/fsl_clock.o
                0x0000f3e4                CLOCK_SetPbeMode
 .text.CLOCK_BootToPeeMode
                0x0000f49c       0x74 ./drivers/fsl_clock.o
                0x0000f49c                CLOCK_BootToPeeMode
 .text.__NVIC_EnableIRQ
                0x0000f510       0x38 ./drivers/fsl_enet.o
 .text.CLOCK_EnableClock
                0x0000f548       0x34 ./drivers/fsl_enet.o
 .text.EnableIRQ
                0x0000f57c       0x2c ./drivers/fsl_enet.o
 .text.ENET_Reset
                0x0000f5a8       0x20 ./drivers/fsl_enet.o
 .text.ENET_GetSMI
                0x0000f5c8       0x28 ./drivers/fsl_enet.o
 .text.ENET_EnableSleepMode
                0x0000f5f0       0x38 ./drivers/fsl_enet.o
 .text.ENET_EnableInterrupts
                0x0000f628       0x20 ./drivers/fsl_enet.o
 .text.ENET_GetInstance
                0x0000f648       0x54 ./drivers/fsl_enet.o
                0x0000f648                ENET_GetInstance
 .text.ENET_GetDefaultConfig
                0x0000f69c       0x58 ./drivers/fsl_enet.o
                0x0000f69c                ENET_GetDefaultConfig
 .text.ENET_Init
                0x0000f6f4       0xe4 ./drivers/fsl_enet.o
                0x0000f6f4                ENET_Init
 .text.ENET_SetCallback
                0x0000f7d8       0x40 ./drivers/fsl_enet.o
                0x0000f7d8                ENET_SetCallback
 .text.ENET_SetHandler
                0x0000f818      0x158 ./drivers/fsl_enet.o
 .text.ENET_SetMacController
                0x0000f970      0x28c ./drivers/fsl_enet.o
 .text.ENET_SetTxBufferDescriptors
                0x0000fbfc       0xf0 ./drivers/fsl_enet.o
 .text.ENET_SetRxBufferDescriptors
                0x0000fcec      0x108 ./drivers/fsl_enet.o
 .text.ENET_ActiveSend
                0x0000fdf4       0x4c ./drivers/fsl_enet.o
 .text.ENET_SetMacAddr
                0x0000fe40       0x5c ./drivers/fsl_enet.o
                0x0000fe40                ENET_SetMacAddr
 .text.ENET_SetSMI
                0x0000fe9c       0x98 ./drivers/fsl_enet.o
                0x0000fe9c                ENET_SetSMI
 .text.ENET_StartSMIWrite
                0x0000ff34       0x50 ./drivers/fsl_enet.o
                0x0000ff34                ENET_StartSMIWrite
 .text.ENET_StartSMIRead
                0x0000ff84       0x48 ./drivers/fsl_enet.o
                0x0000ff84                ENET_StartSMIRead
 .text.ENET_GetRxFrameSize
                0x0000ffcc      0x108 ./drivers/fsl_enet.o
                0x0000ffcc                ENET_GetRxFrameSize
 .text.ENET_ReadFrame
                0x000100d4      0x158 ./drivers/fsl_enet.o
                0x000100d4                ENET_ReadFrame
 .text.ENET_UpdateReadBuffers
                0x0001022c       0xec ./drivers/fsl_enet.o
 .text.ENET_SendFrame
                0x00010318      0x1d0 ./drivers/fsl_enet.o
                0x00010318                ENET_SendFrame
 .text.ENET_TransmitIRQHandler
                0x000104e8       0x64 ./drivers/fsl_enet.o
                0x000104e8                ENET_TransmitIRQHandler
 .text.ENET_ReceiveIRQHandler
                0x0001054c       0x64 ./drivers/fsl_enet.o
                0x0001054c                ENET_ReceiveIRQHandler
 .text.ENET_ErrorIRQHandler
                0x000105b0       0x9c ./drivers/fsl_enet.o
                0x000105b0                ENET_ErrorIRQHandler
 .text.ENET_Transmit_IRQHandler
                0x0001064c       0x24 ./drivers/fsl_enet.o
                0x0001064c                ENET_Transmit_IRQHandler
 .text.ENET_Receive_IRQHandler
                0x00010670       0x24 ./drivers/fsl_enet.o
                0x00010670                ENET_Receive_IRQHandler
 .text.ENET_Error_IRQHandler
                0x00010694       0x24 ./drivers/fsl_enet.o
                0x00010694                ENET_Error_IRQHandler
 .text.ENET_1588_Timer_IRQHandler
                0x000106b8       0x24 ./drivers/fsl_enet.o
                0x000106b8                ENET_1588_Timer_IRQHandler
 .text.CLOCK_EnableClock
                0x000106dc       0x34 ./drivers/fsl_uart.o
 .text.UART_GetInstance
                0x00010710       0x60 ./drivers/fsl_uart.o
                0x00010710                UART_GetInstance
 .text.UART_Init
                0x00010770      0x300 ./drivers/fsl_uart.o
                0x00010770                UART_Init
 .text.UART_GetDefaultConfig
                0x00010a70       0x6c ./drivers/fsl_uart.o
                0x00010a70                UART_GetDefaultConfig
 .text.UART_GetStatusFlags
                0x00010adc       0x48 ./drivers/fsl_uart.o
                0x00010adc                UART_GetStatusFlags
 .text.UART_WriteBlocking
                0x00010b24       0x40 ./drivers/fsl_uart.o
                0x00010b24                UART_WriteBlocking
 .text.UART_ReadBlocking
                0x00010b64       0xa4 ./drivers/fsl_uart.o
                0x00010b64                UART_ReadBlocking
 .text.UART0_DriverIRQHandler
                0x00010c08       0x24 ./drivers/fsl_uart.o
                0x00010c08                UART0_DriverIRQHandler
 .text.UART0_RX_TX_DriverIRQHandler
                0x00010c2c       0x10 ./drivers/fsl_uart.o
                0x00010c2c                UART0_RX_TX_DriverIRQHandler
 .text.UART1_DriverIRQHandler
                0x00010c3c       0x24 ./drivers/fsl_uart.o
                0x00010c3c                UART1_DriverIRQHandler
 .text.UART1_RX_TX_DriverIRQHandler
                0x00010c60       0x10 ./drivers/fsl_uart.o
                0x00010c60                UART1_RX_TX_DriverIRQHandler
 .text.UART2_DriverIRQHandler
                0x00010c70       0x24 ./drivers/fsl_uart.o
                0x00010c70                UART2_DriverIRQHandler
 .text.UART2_RX_TX_DriverIRQHandler
                0x00010c94       0x10 ./drivers/fsl_uart.o
                0x00010c94                UART2_RX_TX_DriverIRQHandler
 .text.UART3_DriverIRQHandler
                0x00010ca4       0x24 ./drivers/fsl_uart.o
                0x00010ca4                UART3_DriverIRQHandler
 .text.UART3_RX_TX_DriverIRQHandler
                0x00010cc8       0x10 ./drivers/fsl_uart.o
                0x00010cc8                UART3_RX_TX_DriverIRQHandler
 .text.UART4_DriverIRQHandler
                0x00010cd8       0x24 ./drivers/fsl_uart.o
                0x00010cd8                UART4_DriverIRQHandler
 .text.UART4_RX_TX_DriverIRQHandler
                0x00010cfc       0x10 ./drivers/fsl_uart.o
                0x00010cfc                UART4_RX_TX_DriverIRQHandler
 .text.UART5_DriverIRQHandler
                0x00010d0c       0x24 ./drivers/fsl_uart.o
                0x00010d0c                UART5_DriverIRQHandler
 .text.UART5_RX_TX_DriverIRQHandler
                0x00010d30       0x10 ./drivers/fsl_uart.o
                0x00010d30                UART5_RX_TX_DriverIRQHandler
 .text.BOARD_InitDebugConsole
                0x00010d40       0x24 ./board/board.o
                0x00010d40                BOARD_InitDebugConsole
 .text.CLOCK_SetSimSafeDivs
                0x00010d64       0x20 ./board/clock_config.o
 .text.CLOCK_SetXtal0Freq
                0x00010d84       0x1c ./board/clock_config.o
 .text.CLOCK_CONFIG_SetFllExtRefDiv
                0x00010da0       0x38 ./board/clock_config.o
 .text.BOARD_BootClockRUN
                0x00010dd8       0x60 ./board/clock_config.o
                0x00010dd8                BOARD_BootClockRUN
 .text.CLOCK_EnableClock
                0x00010e38       0x34 ./board/fsl_phy.o
 .text.ENET_ReadSMIData
                0x00010e6c       0x1c ./board/fsl_phy.o
 .text.ENET_GetInterruptStatus
                0x00010e88       0x18 ./board/fsl_phy.o
 .text.ENET_ClearInterruptStatus
                0x00010ea0       0x1c ./board/fsl_phy.o
 .text.PHY_Init
                0x00010ebc      0x12c ./board/fsl_phy.o
                0x00010ebc                PHY_Init
 .text.PHY_Write
                0x00010fe8       0x70 ./board/fsl_phy.o
                0x00010fe8                PHY_Write
 .text.PHY_Read
                0x00011058       0x94 ./board/fsl_phy.o
                0x00011058                PHY_Read
 .text.PHY_GetLinkStatus
                0x000110ec       0x68 ./board/fsl_phy.o
                0x000110ec                PHY_GetLinkStatus
 .text.PHY_GetLinkSpeedDuplex
                0x00011154       0x98 ./board/fsl_phy.o
                0x00011154                PHY_GetLinkSpeedDuplex
 .text.CLOCK_EnableClock
                0x000111ec       0x34 ./board/pin_mux.o
 .text.PORT_SetPinConfig
                0x00011220       0x44 ./board/pin_mux.o
 .text.PORT_SetPinMux
                0x00011264       0x38 ./board/pin_mux.o
 .text.BOARD_InitPins
                0x0001129c      0x100 ./board/pin_mux.o
                0x0001129c                BOARD_InitPins
 .text.vPortSetupTimerInterrupt
                0x0001139c       0x44 ./amazon-freertos/portable/fsl_tickless_systick.o
                0x0001139c                vPortSetupTimerInterrupt
 .text.pvPortMalloc
                0x000113e0       0x24 ./amazon-freertos/FreeRTOS/portable/heap_3.o
                0x000113e0                pvPortMalloc
 .text.vPortFree
                0x00011404       0x24 ./amazon-freertos/FreeRTOS/portable/heap_3.o
                0x00011404                vPortFree
 .text.pxPortInitialiseStack
                0x00011428       0x68 ./amazon-freertos/FreeRTOS/portable/port.o
                0x00011428                pxPortInitialiseStack
 .text.prvTaskExitError
                0x00011490       0x50 ./amazon-freertos/FreeRTOS/portable/port.o
 .text.SVC_Handler
                0x000114e0       0x30 ./amazon-freertos/FreeRTOS/portable/port.o
                0x000114e0                SVC_Handler
 .text.prvPortStartFirstTask
                0x00011510       0x28 ./amazon-freertos/FreeRTOS/portable/port.o
 .text.xPortStartScheduler
                0x00011538      0x13c ./amazon-freertos/FreeRTOS/portable/port.o
                0x00011538                xPortStartScheduler
 .text.vPortEnterCritical
                0x00011674       0x5c ./amazon-freertos/FreeRTOS/portable/port.o
                0x00011674                vPortEnterCritical
 .text.vPortExitCritical
                0x000116d0       0x4c ./amazon-freertos/FreeRTOS/portable/port.o
                0x000116d0                vPortExitCritical
 *fill*         0x0001171c        0x4 
 .text.PendSV_Handler
                0x00011720       0x70 ./amazon-freertos/FreeRTOS/portable/port.o
                0x00011720                PendSV_Handler
 .text.SysTick_Handler
                0x00011790       0x40 ./amazon-freertos/FreeRTOS/portable/port.o
                0x00011790                SysTick_Handler
 .text.vPortEnableVFP
                0x000117d0       0x14 ./amazon-freertos/FreeRTOS/portable/port.o
 .text.vPortValidateInterruptPriority
                0x000117e4       0x78 ./amazon-freertos/FreeRTOS/portable/port.o
                0x000117e4                vPortValidateInterruptPriority
 .text.xEventGroupCreate
                0x0001185c       0x30 ./amazon-freertos/FreeRTOS/event_groups.o
                0x0001185c                xEventGroupCreate
 .text.xEventGroupWaitBits
                0x0001188c      0x198 ./amazon-freertos/FreeRTOS/event_groups.o
                0x0001188c                xEventGroupWaitBits
 .text.xEventGroupSetBits
                0x00011a24      0x114 ./amazon-freertos/FreeRTOS/event_groups.o
                0x00011a24                xEventGroupSetBits
 .text.vEventGroupSetBitsCallback
                0x00011b38       0x18 ./amazon-freertos/FreeRTOS/event_groups.o
                0x00011b38                vEventGroupSetBitsCallback
 .text.prvTestWaitCondition
                0x00011b50       0x44 ./amazon-freertos/FreeRTOS/event_groups.o
 .text.xEventGroupSetBitsFromISR
                0x00011b94       0x28 ./amazon-freertos/FreeRTOS/event_groups.o
                0x00011b94                xEventGroupSetBitsFromISR
 .text.vListInitialise
                0x00011bbc       0x40 ./amazon-freertos/FreeRTOS/list.o
                0x00011bbc                vListInitialise
 .text.vListInitialiseItem
                0x00011bfc       0x18 ./amazon-freertos/FreeRTOS/list.o
                0x00011bfc                vListInitialiseItem
 .text.vListInsertEnd
                0x00011c14       0x48 ./amazon-freertos/FreeRTOS/list.o
                0x00011c14                vListInsertEnd
 .text.vListInsert
                0x00011c5c       0x70 ./amazon-freertos/FreeRTOS/list.o
                0x00011c5c                vListInsert
 .text.uxListRemove
                0x00011ccc       0x54 ./amazon-freertos/FreeRTOS/list.o
                0x00011ccc                uxListRemove
 .text.xQueueGenericReset
                0x00011d20       0xd0 ./amazon-freertos/FreeRTOS/queue.o
                0x00011d20                xQueueGenericReset
 .text.xQueueGenericCreate
                0x00011df0       0x70 ./amazon-freertos/FreeRTOS/queue.o
                0x00011df0                xQueueGenericCreate
 .text.prvInitialiseNewQueue
                0x00011e60       0x44 ./amazon-freertos/FreeRTOS/queue.o
 .text.prvInitialiseMutex
                0x00011ea4       0x34 ./amazon-freertos/FreeRTOS/queue.o
 .text.xQueueCreateMutex
                0x00011ed8       0x30 ./amazon-freertos/FreeRTOS/queue.o
                0x00011ed8                xQueueCreateMutex
 .text.xQueueGenericSend
                0x00011f08      0x1fc ./amazon-freertos/FreeRTOS/queue.o
                0x00011f08                xQueueGenericSend
 .text.xQueueGenericSendFromISR
                0x00012104      0x128 ./amazon-freertos/FreeRTOS/queue.o
                0x00012104                xQueueGenericSendFromISR
 .text.xQueueReceive
                0x0001222c      0x1c0 ./amazon-freertos/FreeRTOS/queue.o
                0x0001222c                xQueueReceive
 .text.xQueueSemaphoreTake
                0x000123ec      0x218 ./amazon-freertos/FreeRTOS/queue.o
                0x000123ec                xQueueSemaphoreTake
 .text.uxQueueMessagesWaiting
                0x00012604       0x3c ./amazon-freertos/FreeRTOS/queue.o
                0x00012604                uxQueueMessagesWaiting
 .text.vQueueDelete
                0x00012640       0x38 ./amazon-freertos/FreeRTOS/queue.o
                0x00012640                vQueueDelete
 .text.prvGetDisinheritPriorityAfterTimeout
                0x00012678       0x30 ./amazon-freertos/FreeRTOS/queue.o
 .text.prvCopyDataToQueue
                0x000126a8       0xd8 ./amazon-freertos/FreeRTOS/queue.o
 .text.prvCopyDataFromQueue
                0x00012780       0x4c ./amazon-freertos/FreeRTOS/queue.o
 .text.prvUnlockQueue
                0x000127cc       0xa0 ./amazon-freertos/FreeRTOS/queue.o
 .text.prvIsQueueEmpty
                0x0001286c       0x2c ./amazon-freertos/FreeRTOS/queue.o
 .text.prvIsQueueFull
                0x00012898       0x30 ./amazon-freertos/FreeRTOS/queue.o
 .text.xQueueIsQueueFullFromISR
                0x000128c8       0x48 ./amazon-freertos/FreeRTOS/queue.o
                0x000128c8                xQueueIsQueueFullFromISR
 .text.vQueueAddToRegistry
                0x00012910       0x50 ./amazon-freertos/FreeRTOS/queue.o
                0x00012910                vQueueAddToRegistry
 .text.vQueueUnregisterQueue
                0x00012960       0x50 ./amazon-freertos/FreeRTOS/queue.o
                0x00012960                vQueueUnregisterQueue
 .text.vQueueWaitForMessageRestricted
                0x000129b0       0x6c ./amazon-freertos/FreeRTOS/queue.o
                0x000129b0                vQueueWaitForMessageRestricted
 .text.xTaskCreate
                0x00012a1c       0x84 ./amazon-freertos/FreeRTOS/tasks.o
                0x00012a1c                xTaskCreate
 .text.prvInitialiseNewTask
                0x00012aa0      0x128 ./amazon-freertos/FreeRTOS/tasks.o
 .text.prvAddNewTaskToReadyList
                0x00012bc8       0xdc ./amazon-freertos/FreeRTOS/tasks.o
 .text.vTaskDelete
                0x00012ca4      0x11c ./amazon-freertos/FreeRTOS/tasks.o
                0x00012ca4                vTaskDelete
 .text.vTaskStartScheduler
                0x00012dc0       0x94 ./amazon-freertos/FreeRTOS/tasks.o
                0x00012dc0                vTaskStartScheduler
 .text.vTaskSuspendAll
                0x00012e54       0x1c ./amazon-freertos/FreeRTOS/tasks.o
                0x00012e54                vTaskSuspendAll
 .text.xTaskResumeAll
                0x00012e70      0x138 ./amazon-freertos/FreeRTOS/tasks.o
                0x00012e70                xTaskResumeAll
 .text.xTaskGetTickCount
                0x00012fa8       0x20 ./amazon-freertos/FreeRTOS/tasks.o
                0x00012fa8                xTaskGetTickCount
 .text.xTaskIncrementTick
                0x00012fc8      0x15c ./amazon-freertos/FreeRTOS/tasks.o
                0x00012fc8                xTaskIncrementTick
 .text.vTaskSwitchContext
                0x00013124       0xb4 ./amazon-freertos/FreeRTOS/tasks.o
                0x00013124                vTaskSwitchContext
 .text.vTaskPlaceOnEventList
                0x000131d8       0x44 ./amazon-freertos/FreeRTOS/tasks.o
                0x000131d8                vTaskPlaceOnEventList
 .text.vTaskPlaceOnUnorderedEventList
                0x0001321c       0x74 ./amazon-freertos/FreeRTOS/tasks.o
                0x0001321c                vTaskPlaceOnUnorderedEventList
 .text.vTaskPlaceOnEventListRestricted
                0x00013290       0x54 ./amazon-freertos/FreeRTOS/tasks.o
                0x00013290                vTaskPlaceOnEventListRestricted
 .text.xTaskRemoveFromEventList
                0x000132e4       0xc4 ./amazon-freertos/FreeRTOS/tasks.o
                0x000132e4                xTaskRemoveFromEventList
 .text.vTaskRemoveFromUnorderedEventList
                0x000133a8       0xbc ./amazon-freertos/FreeRTOS/tasks.o
                0x000133a8                vTaskRemoveFromUnorderedEventList
 .text.vTaskInternalSetTimeOutState
                0x00013464       0x2c ./amazon-freertos/FreeRTOS/tasks.o
                0x00013464                vTaskInternalSetTimeOutState
 .text.xTaskCheckForTimeOut
                0x00013490       0xc0 ./amazon-freertos/FreeRTOS/tasks.o
                0x00013490                xTaskCheckForTimeOut
 .text.vTaskMissedYield
                0x00013550       0x18 ./amazon-freertos/FreeRTOS/tasks.o
                0x00013550                vTaskMissedYield
 .text.prvIdleTask
                0x00013568       0x30 ./amazon-freertos/FreeRTOS/tasks.o
 .text.prvInitialiseTaskLists
                0x00013598       0x7c ./amazon-freertos/FreeRTOS/tasks.o
 .text.prvCheckTasksWaitingTermination
                0x00013614       0x58 ./amazon-freertos/FreeRTOS/tasks.o
 .text.prvDeleteTCB
                0x0001366c       0x20 ./amazon-freertos/FreeRTOS/tasks.o
 .text.prvResetNextTaskUnblockTime
                0x0001368c       0x48 ./amazon-freertos/FreeRTOS/tasks.o
 .text.xTaskGetSchedulerState
                0x000136d4       0x3c ./amazon-freertos/FreeRTOS/tasks.o
                0x000136d4                xTaskGetSchedulerState
 .text.xTaskPriorityInherit
                0x00013710      0x10c ./amazon-freertos/FreeRTOS/tasks.o
                0x00013710                xTaskPriorityInherit
 .text.xTaskPriorityDisinherit
                0x0001381c      0x108 ./amazon-freertos/FreeRTOS/tasks.o
                0x0001381c                xTaskPriorityDisinherit
 .text.vTaskPriorityDisinheritAfterTimeout
                0x00013924      0x138 ./amazon-freertos/FreeRTOS/tasks.o
                0x00013924                vTaskPriorityDisinheritAfterTimeout
 .text.uxTaskResetEventItemValue
                0x00013a5c       0x30 ./amazon-freertos/FreeRTOS/tasks.o
                0x00013a5c                uxTaskResetEventItemValue
 .text.pvTaskIncrementMutexHeldCount
                0x00013a8c       0x28 ./amazon-freertos/FreeRTOS/tasks.o
                0x00013a8c                pvTaskIncrementMutexHeldCount
 .text.prvAddCurrentTaskToDelayedList
                0x00013ab4       0xc8 ./amazon-freertos/FreeRTOS/tasks.o
 .text.xTimerCreateTimerTask
                0x00013b7c       0x60 ./amazon-freertos/FreeRTOS/timers.o
                0x00013b7c                xTimerCreateTimerTask
 .text.xTimerGenericCommand
                0x00013bdc       0xa4 ./amazon-freertos/FreeRTOS/timers.o
                0x00013bdc                xTimerGenericCommand
 .text.prvProcessExpiredTimer
                0x00013c80       0x80 ./amazon-freertos/FreeRTOS/timers.o
 .text.prvTimerTask
                0x00013d00       0x24 ./amazon-freertos/FreeRTOS/timers.o
 .text.prvProcessTimerOrBlockTask
                0x00013d24       0x9c ./amazon-freertos/FreeRTOS/timers.o
 .text.prvGetNextExpireTime
                0x00013dc0       0x48 ./amazon-freertos/FreeRTOS/timers.o
 .text.prvSampleTimeNow
                0x00013e08       0x40 ./amazon-freertos/FreeRTOS/timers.o
 .text.prvInsertTimerInActiveList
                0x00013e48       0x84 ./amazon-freertos/FreeRTOS/timers.o
 .text.prvProcessReceivedCommands
                0x00013ecc      0x160 ./amazon-freertos/FreeRTOS/timers.o
 .text.prvSwitchTimerLists
                0x0001402c       0xc0 ./amazon-freertos/FreeRTOS/timers.o
 .text.prvCheckForValidListAndQueue
                0x000140ec       0x6c ./amazon-freertos/FreeRTOS/timers.o
 .text.xTimerPendFunctionCallFromISR
                0x00014158       0x44 ./amazon-freertos/FreeRTOS/timers.o
                0x00014158                xTimerPendFunctionCallFromISR
 .text.__errno  0x0001419c        0xc c:/freescale/kds_v3/toolchain/bin/../lib/gcc/arm-none-eabi/4.8.4/../../../../arm-none-eabi/lib/armv7e-m/fpu\libg_s.a(lib_a-errno.o)
                0x0001419c                __errno
 .text.exit     0x000141a8       0x28 c:/freescale/kds_v3/toolchain/bin/../lib/gcc/arm-none-eabi/4.8.4/../../../../arm-none-eabi/lib/armv7e-m/fpu\libg_s.a(lib_a-exit.o)
                0x000141a8                exit
 .text.__libc_init_array
                0x000141d0       0x4c c:/freescale/kds_v3/toolchain/bin/../lib/gcc/arm-none-eabi/4.8.4/../../../../arm-none-eabi/lib/armv7e-m/fpu\libg_s.a(lib_a-init.o)
                0x000141d0                __libc_init_array
 .text.malloc   0x0001421c       0x10 c:/freescale/kds_v3/toolchain/bin/../lib/gcc/arm-none-eabi/4.8.4/../../../../arm-none-eabi/lib/armv7e-m/fpu\libg_s.a(lib_a-malloc.o)
                0x0001421c                malloc
 .text.free     0x0001422c       0x10 c:/freescale/kds_v3/toolchain/bin/../lib/gcc/arm-none-eabi/4.8.4/../../../../arm-none-eabi/lib/armv7e-m/fpu\libg_s.a(lib_a-malloc.o)
                0x0001422c                free
 .text.memcmp   0x0001423c       0x1e c:/freescale/kds_v3/toolchain/bin/../lib/gcc/arm-none-eabi/4.8.4/../../../../arm-none-eabi/lib/armv7e-m/fpu\libg_s.a(lib_a-memcmp.o)
                0x0001423c                memcmp
 .text.memcpy   0x0001425a       0x12 c:/freescale/kds_v3/toolchain/bin/../lib/gcc/arm-none-eabi/4.8.4/../../../../arm-none-eabi/lib/armv7e-m/fpu\libg_s.a(lib_a-memcpy-stub.o)
                0x0001425a                memcpy
 .text.memset   0x0001426c       0x10 c:/freescale/kds_v3/toolchain/bin/../lib/gcc/arm-none-eabi/4.8.4/../../../../arm-none-eabi/lib/armv7e-m/fpu\libg_s.a(lib_a-memset.o)
                0x0001426c                memset
 .text._free_r  0x0001427c       0x88 c:/freescale/kds_v3/toolchain/bin/../lib/gcc/arm-none-eabi/4.8.4/../../../../arm-none-eabi/lib/armv7e-m/fpu\libg_s.a(lib_a-nano-freer.o)
                0x0001427c                _free_r
 .text._malloc_r
                0x00014304       0xa8 c:/freescale/kds_v3/toolchain/bin/../lib/gcc/arm-none-eabi/4.8.4/../../../../arm-none-eabi/lib/armv7e-m/fpu\libg_s.a(lib_a-nano-mallocr.o)
                0x00014304                _malloc_r
 .text._sbrk_r  0x000143ac       0x20 c:/freescale/kds_v3/toolchain/bin/../lib/gcc/arm-none-eabi/4.8.4/../../../../arm-none-eabi/lib/armv7e-m/fpu\libg_s.a(lib_a-sbrkr.o)
                0x000143ac                _sbrk_r
 .text.strlen   0x000143cc       0x10 c:/freescale/kds_v3/toolchain/bin/../lib/gcc/arm-none-eabi/4.8.4/../../../../arm-none-eabi/lib/armv7e-m/fpu\libg_s.a(lib_a-strlen.o)
                0x000143cc                strlen
 .text._exit    0x000143dc        0x4 c:/freescale/kds_v3/toolchain/bin/../lib/gcc/arm-none-eabi/4.8.4/../../../../arm-none-eabi/lib/armv7e-m/fpu\libnosys.a(_exit.o)
                0x000143dc                _exit
 *(.rodata)
 .rodata        0x000143e0       0x40 ./utilities/fsl_assert.o
 .rodata        0x00014420       0x6c ./utilities/fsl_debug_console.o
 .rodata        0x0001448c       0x44 ./utilities/fsl_io.o
 .rodata        0x000144d0       0x50 ./utilities/fsl_log.o
 .rodata        0x00014520      0x120 ./source/lwip_tcpecho_freertos.o
 .rodata        0x00014640       0x34 ./lwip/src/netif/ethernet.o
 .rodata        0x00014674      0x4a0 ./lwip/src/core/ipv4/dhcp.o
 .rodata        0x00014b14      0x208 ./lwip/src/core/ipv4/etharp.o
 .rodata        0x00014d1c       0x98 ./lwip/src/core/ipv4/icmp.o
 .rodata        0x00014db4       0x3c ./lwip/src/core/ipv4/ip4.o
 .rodata        0x00014df0      0x1bc ./lwip/src/core/ipv4/ip4_frag.o
 .rodata        0x00014fac      0x1c0 ./lwip/src/core/mem.o
 .rodata        0x0001516c      0x12c ./lwip/src/core/memp.o
 .rodata        0x00015298       0x18 ./lwip/src/core/netif.o
 .rodata        0x000152b0      0x4b4 ./lwip/src/core/pbuf.o
 .rodata        0x00015764      0x454 ./lwip/src/core/tcp.o
 .rodata        0x00015bb8      0x2c8 ./lwip/src/core/tcp_in.o
 .rodata        0x00015e80      0x444 ./lwip/src/core/tcp_out.o
 .rodata        0x000162c4       0x40 ./lwip/src/core/timeouts.o
 .rodata        0x00016304       0x44 ./lwip/src/core/udp.o
 .rodata        0x00016348      0x288 ./lwip/src/api/api_lib.o
 .rodata        0x000165d0      0x49c ./lwip/src/api/api_msg.o
 .rodata        0x00016a6c      0x13c ./lwip/src/api/netbuf.o
 .rodata        0x00016ba8       0x88 ./lwip/src/api/tcpip.o
 .rodata        0x00016c30       0x9c ./lwip/port/ethernetif.o
 .rodata        0x00016ccc        0x4 ./lwip/port/sys_arch.o
 .rodata        0x00016cd0       0x50 ./lwip/contrib/apps/tcpecho/tcpecho.o
 .rodata        0x00016d20       0x64 ./drivers/fsl_clock.o
 .rodata        0x00016d84      0x194 ./drivers/fsl_enet.o
 .rodata        0x00016f18      0x148 ./drivers/fsl_uart.o
 .rodata        0x00017060       0x68 ./board/fsl_phy.o
 .rodata        0x000170c8       0x3c ./board/pin_mux.o
 .rodata        0x00017104       0x28 ./amazon-freertos/FreeRTOS/tasks.o
                0x0001711c                FreeRTOSDebugConfig
 .rodata        0x0001712c       0x10 ./amazon-freertos/FreeRTOS/timers.o
 *(.rodata*)
 .rodata.__func__.6797
                0x0001713c       0x10 ./utilities/fsl_debug_console.o
 .rodata.__func__.6964
                0x0001714c        0x8 ./utilities/fsl_io.o
 .rodata.__func__.7269
                0x00017154        0xc ./utilities/fsl_log.o
 .rodata.ethbroadcast
                0x00017160        0x8 ./lwip/src/netif/ethernet.o
                0x00017160                ethbroadcast
 .rodata.ethzero
                0x00017168        0x8 ./lwip/src/netif/ethernet.o
                0x00017168                ethzero
 .rodata.ip_addr_any
                0x00017170        0x4 ./lwip/src/core/ipv4/ip4_addr.o
                0x00017170                ip_addr_any
 .rodata.ip_addr_broadcast
                0x00017174        0x4 ./lwip/src/core/ipv4/ip4_addr.o
                0x00017174                ip_addr_broadcast
 .rodata.memp_UDP_PCB
                0x00017178       0x10 ./lwip/src/core/memp.o
                0x00017178                memp_UDP_PCB
 .rodata.memp_TCP_PCB
                0x00017188       0x10 ./lwip/src/core/memp.o
                0x00017188                memp_TCP_PCB
 .rodata.memp_TCP_PCB_LISTEN
                0x00017198       0x10 ./lwip/src/core/memp.o
                0x00017198                memp_TCP_PCB_LISTEN
 .rodata.memp_TCP_SEG
                0x000171a8       0x10 ./lwip/src/core/memp.o
                0x000171a8                memp_TCP_SEG
 .rodata.memp_REASSDATA
                0x000171b8       0x10 ./lwip/src/core/memp.o
                0x000171b8                memp_REASSDATA
 .rodata.memp_FRAG_PBUF
                0x000171c8       0x10 ./lwip/src/core/memp.o
                0x000171c8                memp_FRAG_PBUF
 .rodata.memp_NETBUF
                0x000171d8       0x10 ./lwip/src/core/memp.o
                0x000171d8                memp_NETBUF
 .rodata.memp_NETCONN
                0x000171e8       0x10 ./lwip/src/core/memp.o
                0x000171e8                memp_NETCONN
 .rodata.memp_TCPIP_MSG_API
                0x000171f8       0x10 ./lwip/src/core/memp.o
                0x000171f8                memp_TCPIP_MSG_API
 .rodata.memp_TCPIP_MSG_INPKT
                0x00017208       0x10 ./lwip/src/core/memp.o
                0x00017208                memp_TCPIP_MSG_INPKT
 .rodata.memp_SYS_TIMEOUT
                0x00017218       0x10 ./lwip/src/core/memp.o
                0x00017218                memp_SYS_TIMEOUT
 .rodata.memp_PBUF
                0x00017228       0x10 ./lwip/src/core/memp.o
                0x00017228                memp_PBUF
 .rodata.memp_PBUF_POOL
                0x00017238       0x10 ./lwip/src/core/memp.o
                0x00017238                memp_PBUF_POOL
 .rodata.memp_pools
                0x00017248       0x34 ./lwip/src/core/memp.o
                0x00017248                memp_pools
 .rodata.tcp_backoff
                0x0001727c       0x10 ./lwip/src/core/tcp.o
 .rodata.tcp_persist_backoff
                0x0001728c        0x8 ./lwip/src/core/tcp.o
 .rodata.tcp_pcb_lists
                0x00017294       0x10 ./lwip/src/core/tcp.o
                0x00017294                tcp_pcb_lists
 .rodata.lwip_cyclic_timers
                0x000172a4       0x28 ./lwip/src/core/timeouts.o
                0x000172a4                lwip_cyclic_timers
 .rodata.__func__.6769
                0x000172cc       0x18 ./drivers/fsl_clock.o
 .rodata.__func__.6807
                0x000172e4       0x18 ./drivers/fsl_clock.o
 .rodata.__func__.6815
                0x000172fc       0x18 ./drivers/fsl_clock.o
 .rodata.fllFactorTable.6890
                0x00017314       0x10 ./drivers/fsl_clock.o
 .rodata.__func__.6905
                0x00017324       0x14 ./drivers/fsl_clock.o
 .rodata.__func__.6950
                0x00017338       0x14 ./drivers/fsl_clock.o
 .rodata.__func__.7092
                0x0001734c       0x14 ./drivers/fsl_clock.o
 .rodata.__func__.7159
                0x00017360       0x14 ./drivers/fsl_clock.o
 .rodata.s_enetClock
                0x00017374        0x4 ./drivers/fsl_enet.o
                0x00017374                s_enetClock
 .rodata.__func__.7030
                0x00017378       0x14 ./drivers/fsl_enet.o
 .rodata.__func__.7034
                0x0001738c       0x18 ./drivers/fsl_enet.o
 .rodata.__func__.7043
                0x000173a4        0xc ./drivers/fsl_enet.o
 .rodata.__func__.7053
                0x000173b0       0x14 ./drivers/fsl_enet.o
 .rodata.__func__.7063
                0x000173c4       0x10 ./drivers/fsl_enet.o
 .rodata.__func__.7086
                0x000173d4       0x1c ./drivers/fsl_enet.o
 .rodata.__func__.7104
                0x000173f0       0x1c ./drivers/fsl_enet.o
 .rodata.__func__.7121
                0x0001740c       0x10 ./drivers/fsl_enet.o
 .rodata.__func__.7148
                0x0001741c        0xc ./drivers/fsl_enet.o
 .rodata.__func__.7180
                0x00017428       0x14 ./drivers/fsl_enet.o
 .rodata.__func__.7191
                0x0001743c       0x10 ./drivers/fsl_enet.o
 .rodata.__func__.7209
                0x0001744c       0x18 ./drivers/fsl_enet.o
 .rodata.__func__.7219
                0x00017464       0x10 ./drivers/fsl_enet.o
 .rodata.__func__.7260
                0x00017474       0x18 ./drivers/fsl_enet.o
 .rodata.__func__.7269
                0x0001748c       0x18 ./drivers/fsl_enet.o
 .rodata.__func__.7278
                0x000174a4       0x18 ./drivers/fsl_enet.o
 .rodata.s_uartBases
                0x000174bc       0x18 ./drivers/fsl_uart.o
 .rodata.s_uartClock
                0x000174d4       0x18 ./drivers/fsl_uart.o
 .rodata.__func__.6971
                0x000174ec       0x14 ./drivers/fsl_uart.o
 .rodata.__func__.6987
                0x00017500        0xc ./drivers/fsl_uart.o
 .rodata.__func__.7005
                0x0001750c       0x18 ./drivers/fsl_uart.o
 .rodata.__func__.7065
                0x00017524       0x14 ./drivers/fsl_uart.o
 .rodata.mcgConfig_BOARD_BootClockRUN
                0x00017538        0xc ./board/clock_config.o
                0x00017538                mcgConfig_BOARD_BootClockRUN
 .rodata.simConfig_BOARD_BootClockRUN
                0x00017544        0x8 ./board/clock_config.o
                0x00017544                simConfig_BOARD_BootClockRUN
 .rodata.oscConfig_BOARD_BootClockRUN
                0x0001754c        0x8 ./board/clock_config.o
                0x0001754c                oscConfig_BOARD_BootClockRUN
 .rodata.__func__.7063
                0x00017554        0xc ./board/fsl_phy.o
 .rodata.__func__.7082
                0x00017560       0x14 ./board/fsl_phy.o
 .rodata.__func__.7091
                0x00017574       0x18 ./board/fsl_phy.o
 .rodata.__func__.6807
                0x0001758c       0x14 ./board/pin_mux.o
 .rodata.str1.1
                0x000175a0        0x2 c:/freescale/kds_v3/toolchain/bin/../lib/gcc/arm-none-eabi/4.8.4/../../../../arm-none-eabi/lib/armv7e-m/fpu\libg_s.a(lib_a-impure.o)
 *fill*         0x000175a2        0x2 
 .rodata._global_impure_ptr
                0x000175a4        0x4 c:/freescale/kds_v3/toolchain/bin/../lib/gcc/arm-none-eabi/4.8.4/../../../../arm-none-eabi/lib/armv7e-m/fpu\libg_s.a(lib_a-impure.o)
                0x000175a4                _global_impure_ptr
 *(.glue_7)
 .glue_7        0x00000000        0x0 linker stubs
 *(.glue_7t)
 .glue_7t       0x00000000        0x0 linker stubs
 *(.eh_frame)
 .eh_frame      0x000175a8        0x0 c:/freescale/kds_v3/toolchain/bin/../lib/gcc/arm-none-eabi/4.8.4/armv7e-m/fpu/crtbegin.o
 *(.init)
 .init          0x000175a8        0x4 c:/freescale/kds_v3/toolchain/bin/../lib/gcc/arm-none-eabi/4.8.4/armv7e-m/fpu/crti.o
                0x000175a8                _init
 .init          0x000175ac        0x8 c:/freescale/kds_v3/toolchain/bin/../lib/gcc/arm-none-eabi/4.8.4/armv7e-m/fpu/crtn.o
 *(.fini)
 .fini          0x000175b4        0x4 c:/freescale/kds_v3/toolchain/bin/../lib/gcc/arm-none-eabi/4.8.4/armv7e-m/fpu/crti.o
                0x000175b4                _fini
 .fini          0x000175b8        0x8 c:/freescale/kds_v3/toolchain/bin/../lib/gcc/arm-none-eabi/4.8.4/armv7e-m/fpu/crtn.o
                0x000175c0                . = ALIGN (0x4)

.vfp11_veneer   0x000175c0        0x0
 .vfp11_veneer  0x00000000        0x0 linker stubs

.v4_bx          0x000175c0        0x0
 .v4_bx         0x00000000        0x0 linker stubs

.iplt           0x000175c0        0x0
 .iplt          0x00000000        0x0 c:/freescale/kds_v3/toolchain/bin/../lib/gcc/arm-none-eabi/4.8.4/armv7e-m/fpu/crtbegin.o

.ARM.extab
 *(.ARM.extab* .gnu.linkonce.armextab.*)

.ARM            0x000175c0        0x8
                0x000175c0                __exidx_start = .
 *(.ARM.exidx*)
 .ARM.exidx     0x000175c0        0x8 c:/freescale/kds_v3/toolchain/bin/../lib/gcc/arm-none-eabi/4.8.4/../../../../arm-none-eabi/lib/armv7e-m/fpu/crt0.o
 .ARM.exidx     0x000175c8        0x0 c:/freescale/kds_v3/toolchain/bin/../lib/gcc/arm-none-eabi/4.8.4/armv7e-m/fpu\libgcc.a(_divdi3.o)
                                  0x8 (size before relaxing)
 .ARM.exidx     0x000175c8        0x0 c:/freescale/kds_v3/toolchain/bin/../lib/gcc/arm-none-eabi/4.8.4/armv7e-m/fpu\libgcc.a(_udivdi3.o)
                                  0x8 (size before relaxing)
                0x000175c8                __exidx_end = .

.rel.dyn        0x000175c8        0x0
 .rel.iplt      0x00000000        0x0 c:/freescale/kds_v3/toolchain/bin/../lib/gcc/arm-none-eabi/4.8.4/armv7e-m/fpu/crtbegin.o

.ctors          0x000175c8        0x0
                0x000175c8                __CTOR_LIST__ = .
 *crtbegin.o(.ctors)
 *crtbegin?.o(.ctors)
 *(EXCLUDE_FILE(*crtend.o *crtend?.o) .ctors)
 *(SORT(.ctors.*))
 *(.ctors)
                0x000175c8                __CTOR_END__ = .

.dtors          0x000175c8        0x0
                0x000175c8                __DTOR_LIST__ = .
 *crtbegin.o(.dtors)
 *crtbegin?.o(.dtors)
 *(EXCLUDE_FILE(*crtend.o *crtend?.o) .dtors)
 *(SORT(.dtors.*))
 *(.dtors)
                0x000175c8                __DTOR_END__ = .

.preinit_array  0x000175c8        0x0
                0x000175c8                PROVIDE (__preinit_array_start, .)
 *(.preinit_array*)
                0x000175c8                PROVIDE (__preinit_array_end, .)

.init_array     0x000175c8        0x4
                0x000175c8                PROVIDE (__init_array_start, .)
 *(SORT(.init_array.*))
 *(.init_array*)
 .init_array    0x000175c8        0x4 c:/freescale/kds_v3/toolchain/bin/../lib/gcc/arm-none-eabi/4.8.4/armv7e-m/fpu/crtbegin.o
                0x000175cc                PROVIDE (__init_array_end, .)

.fini_array     0x000175cc        0x4
                0x000175cc                PROVIDE (__fini_array_start, .)
 *(SORT(.fini_array.*))
 *(.fini_array*)
 .fini_array    0x000175cc        0x4 c:/freescale/kds_v3/toolchain/bin/../lib/gcc/arm-none-eabi/4.8.4/armv7e-m/fpu/crtbegin.o
                0x000175d0                PROVIDE (__fini_array_end, .)
                0x000175d0                __etext = .
                0x000175d0                __DATA_ROM = .

.data           0x1fff0000       0x8c load address 0x000175d0
                0x1fff0000                . = ALIGN (0x4)
                0x1fff0000                __DATA_RAM = .
                0x1fff0000                __data_start__ = .
 *(.data)
 *(.data*)
 .data.SystemCoreClock
                0x1fff0000        0x4 ./startup/system_MK64F12.o
                0x1fff0000                SystemCoreClock
 .data.dhcp_discover_request_options
                0x1fff0004        0x4 ./lwip/src/core/ipv4/dhcp.o
 .data.xid.8261
                0x1fff0008        0x4 ./lwip/src/core/ipv4/dhcp.o
 .data.tcp_port
                0x1fff000c        0x2 ./lwip/src/core/tcp.o
 *fill*         0x1fff000e        0x2 
 .data.iss.8289
                0x1fff0010        0x4 ./lwip/src/core/tcp.o
 .data.udp_port
                0x1fff0014        0x2 ./lwip/src/core/udp.o
 *fill*         0x1fff0016        0x2 
 .data.s_slowIrcFreq
                0x1fff0018        0x4 ./drivers/fsl_clock.o
 .data.s_fastIrcFreq
                0x1fff001c        0x4 ./drivers/fsl_clock.o
 .data.uxCriticalNesting
                0x1fff0020        0x4 ./amazon-freertos/FreeRTOS/portable/port.o
 .data.impure_data
                0x1fff0024       0x60 c:/freescale/kds_v3/toolchain/bin/../lib/gcc/arm-none-eabi/4.8.4/../../../../arm-none-eabi/lib/armv7e-m/fpu\libg_s.a(lib_a-impure.o)
 .data._impure_ptr
                0x1fff0084        0x4 c:/freescale/kds_v3/toolchain/bin/../lib/gcc/arm-none-eabi/4.8.4/../../../../arm-none-eabi/lib/armv7e-m/fpu\libg_s.a(lib_a-impure.o)
                0x1fff0084                _impure_ptr
 *(.jcr*)
 .jcr           0x1fff0088        0x0 c:/freescale/kds_v3/toolchain/bin/../lib/gcc/arm-none-eabi/4.8.4/armv7e-m/fpu/crtbegin.o
 .jcr           0x1fff0088        0x4 c:/freescale/kds_v3/toolchain/bin/../lib/gcc/arm-none-eabi/4.8.4/armv7e-m/fpu/crtend.o
                0x1fff008c                . = ALIGN (0x4)
                0x1fff008c                __data_end__ = .
                0x0001765c                __DATA_END = (__DATA_ROM + (__data_end__ - __data_start__))
                0x00100000                text_end = (ORIGIN (m_text) + 0xffbf0)
                0x00000001                ASSERT ((__DATA_END <= text_end), region m_text overflowed with text and data)

.igot.plt       0x1fff008c        0x0 load address 0x0001765c
 .igot.plt      0x00000000        0x0 c:/freescale/kds_v3/toolchain/bin/../lib/gcc/arm-none-eabi/4.8.4/armv7e-m/fpu/crtbegin.o

.bss            0x1fff0090     0xd7b0 load address 0x00017660
                0x1fff0090                . = ALIGN (0x4)
                0x1fff0090                __START_BSS = .
                0x1fff0090                __bss_start__ = .
 *(.bss)
 .bss           0x1fff0090       0x1c c:/freescale/kds_v3/toolchain/bin/../lib/gcc/arm-none-eabi/4.8.4/armv7e-m/fpu/crtbegin.o
 *(.bss*)
 .bss.s_debugConsoleIO
                0x1fff00ac        0x8 ./utilities/fsl_io.o
 .bss.heap_end.4522
                0x1fff00b4        0x4 ./utilities/fsl_sbrk.o
 .bss.fsl_netif0.8080
                0x1fff00b8       0x34 ./source/lwip_tcpecho_freertos.o
 .bss.dhcp_pcb  0x1fff00ec        0x4 ./lwip/src/core/ipv4/dhcp.o
 .bss.arp_table
                0x1fff00f0       0xf0 ./lwip/src/core/ipv4/etharp.o
 .bss.etharp_cached_entry
                0x1fff01e0        0x1 ./lwip/src/core/ipv4/etharp.o
 *fill*         0x1fff01e1        0x1 
 .bss.ip_id     0x1fff01e2        0x2 ./lwip/src/core/ipv4/ip4.o
 .bss.reassdatagrams
                0x1fff01e4        0x4 ./lwip/src/core/ipv4/ip4_frag.o
 .bss.ip_reass_pbufcount
                0x1fff01e8        0x2 ./lwip/src/core/ipv4/ip4_frag.o
 *fill*         0x1fff01ea        0x2 
 .bss.ip_data   0x1fff01ec       0x18 ./lwip/src/core/ip.o
                0x1fff01ec                ip_data
 .bss.ram_heap  0x1fff0204     0x5814 ./lwip/src/core/mem.o
                0x1fff0204                ram_heap
 .bss.ram       0x1fff5a18        0x4 ./lwip/src/core/mem.o
 .bss.ram_end   0x1fff5a1c        0x4 ./lwip/src/core/mem.o
 .bss.lfree     0x1fff5a20        0x4 ./lwip/src/core/mem.o
 .bss.mem_mutex
                0x1fff5a24        0x4 ./lwip/src/core/mem.o
 .bss.memp_memory_UDP_PCB_base
                0x1fff5a28       0xc4 ./lwip/src/core/memp.o
                0x1fff5a28                memp_memory_UDP_PCB_base
 .bss.memp_tab_UDP_PCB